12-20 10:39:22.784 25723 25799 D beacon  :  insertOrUpdate alyticsBeans end
12-20 10:39:22.785 25723 25799 D beacon_step_api:  used:10  seen:10  next:60
12-20 10:39:22.785 25723 25800 D beacon  :  in AnalyticsDAO.query() start
12-20 10:39:22.785 25723 25800 D beacon  :  query: ( _type = 8 ) 
12-20 10:39:22.786 25723 25800 I beacon  : result num: 1
12-20 10:39:22.786 25723 25800 D beacon  :  in AnalyticsDAO.paserCursor() start
12-20 10:39:22.787 25723 25800 D beacon  :  in AnalyticsDAO.paserCursor() end
12-20 10:39:22.787 25723 25800 I beacon  :  total num: 1
12-20 10:39:22.787 25723 25800 D beacon  :  in AnalyticsDAO.query() end
12-20 10:39:22.787 25723 25800 D beacon  : de byte 2 obj 
12-20 10:39:22.789 25723 25800 D beacon_step_api:  onUA: rqd_useInfoEvent,true,0,0,true,false
12-20 10:39:22.794 25723 25800 D beacon  : get event sn for [rqd_useInfoEvent] : 27765a9ba441f5b0_20181220_Y_53.
12-20 10:39:22.795 25723 25800 D beacon_step_buffer:  BF eN:rqd_useInfoEvent   isRT:true  isCR:false
12-20 10:39:22.797 25723 25800 I beacon  : processUA:true!
12-20 10:39:22.797 25723 25800 D beacon  :  AnalyticsDAO.delete() start
12-20 10:39:22.798 25723 25800 D beacon  :  delete where: _time >= -1 and _time <= 9223372036854775807 and ( _type = 8 )
12-20 10:39:22.807 25723 25800 D beacon  :  deleted num: 1
12-20 10:39:22.807 25723 25800 D beacon  :  AnalyticsDAO.delete() end
12-20 10:39:22.807 25723 25800 D beacon_step_api: rqd_useInfoEvent 10 10
12-20 10:39:26.383 25764 25790 D XgStat  : [XgStat(204): ProGuard:641] - sentEventList size:2
12-20 10:39:26.399 25764 25790 E XgStat  : [XgStat(204): ProGuard:190] - [http://pingma.qq.com:80/mstat/report/?index=1545221188]Send request(eventsize:2,590bytes), content:[{"ky":"Axg2100117751","et":1000,"ui":"865736038733682","mc":"02:00:00:00:00:00","ut":1,"ch":"xgsdk","mid":"976e57ac9144456e40859284c4d5803bf30f9600","si":494663459,"cts":1545273566,"ts":1545272849,"sv":"3.0","dts":-717,"ei":"SrvAck","kv":{"type":"1","busiMsgId":"8230197","msgId":"108230197"}},{"ky":"Axg2100117751","et":1000,"ui":"865736038733682","mc":"02:00:00:00:00:00","ut":1,"ch":"xgsdk","mid":"976e57ac9144456e40859284c4d5803bf30f9600","si":494663459,"cts":1545273566,"ts":1545272849,"sv":"3.0","dts":-717,"ei":"SrvAck","kv":{"type":"1","busiMsgId":"88440066","msgId":"188440066"}}]
12-20 10:39:26.530 25764 25790 D XgStat  : [XgStat(204): ProGuard:641] - sentEventList size:2
12-20 10:39:26.549 25764 25790 E XgStat  : [XgStat(204): ProGuard:190] - [http://pingma.qq.com:80/mstat/report/?index=1545221189]Send request(eventsize:2,590bytes), content:[{"ky":"Axg2100117751","et":1000,"ui":"865736038733682","mc":"02:00:00:00:00:00","ut":1,"ch":"xgsdk","mid":"976e57ac9144456e40859284c4d5803bf30f9600","si":494663459,"cts":1545273566,"ts":1545272849,"sv":"3.0","dts":-717,"ei":"SrvAck","kv":{"type":"1","busiMsgId":"8230197","msgId":"108230197"}},{"ky":"Axg2100117751","et":1000,"ui":"865736038733682","mc":"02:00:00:00:00:00","ut":1,"ch":"xgsdk","mid":"976e57ac9144456e40859284c4d5803bf30f9600","si":494663459,"cts":1545273566,"ts":1545272849,"sv":"3.0","dts":-717,"ei":"SrvAck","kv":{"type":"1","busiMsgId":"88440066","msgId":"188440066"}}]
12-20 10:39:28.116  2735 26160 I ActiveController: loadActiveListByType type: 2, name: com.tencent.TsumTsumAndroid, uid: 10081, pid: 25723, status: 10
12-20 10:39:28.278 25723 25799 D beacon  :  get realEventCnt in Mem:1
12-20 10:39:28.282 25723 25799 D beacon_step_buffer:  dsu real events 2 up 1
12-20 10:39:28.283 25723 25799 I beacon  : real rid:a0568183fa02d64b
12-20 10:39:28.287 25723 25799 D beacon  :  TUUD.GetUD start
12-20 10:39:28.288 25723 25799 D beacon  :  current size:1
12-20 10:39:28.288 25723 25799 D beacon  : map 2 str
12-20 10:39:28.288 25723 25799 D beacon  :  RealTimeRecordUploadDatas.encode2EventRecordPackage() end}
12-20 10:39:28.290 25723 25799 D beacon  : en2Req
12-20 10:39:28.290 25723 25799 D beacon  :  RequestPackage info appkey:1106415894 sdkid:beacon appVersion:1.0.959.2001001 cmd: 2
12-20 10:39:28.291 25723 25799 D beacon  : zp: 2 len: 529
12-20 10:39:28.292 25723 25799 D beacon  : enD: 426 3
12-20 10:39:28.294 25723 25799 D beacon_step_upload:  start upload cmd: 2  url:http://oth.eve.mdt.qq.com:8080/analytics/upload?rid=a0568183fa02d64b&sid=638bb76ff3705c61593af31734f738a8  datas:class com.tencent.beacon.event.l$a
12-20 10:39:28.297 25723 25799 D beacon_step_upload: start req: http://oth.eve.mdt.qq.com:8080/analytics/upload?rid=a0568183fa02d64b&sid=638bb76ff3705c61593af31734f738a8 sz:432
12-20 10:39:28.299 25723 25799 D beacon_step_upload: send: http://oth.eve.mdt.qq.com:8080/analytics/upload?rid=a0568183fa02d64b&sid=638bb76ff3705c61593af31734f738a8 sz: 432 apn: wifi
12-20 10:39:28.299 25723 25799 I beacon  : Don't use proxy: wifi, try time: 1
12-20 10:39:28.411 25723 25799 D beacon_step_upload: execute request:
12-20 10:39:28.411 25723 25799 D beacon_step_upload:  POST /analytics/upload?rid=a0568183fa02d64b&sid=638bb76ff3705c61593af31734f738a8 HTTP/1.1
12-20 10:39:28.412 25723 25799 D beacon_step_upload: response code:200 
12-20 10:39:28.412 25723 25799 D beacon_step_upload: recevied: 128
12-20 10:39:28.413 25723 25799 D beacon  : unzp: 2 len: 115
12-20 10:39:28.414 25723 25799 D beacon  :  covert to ResponsePackage 
12-20 10:39:28.414 25723 25799 D beacon  : response.cmd:0 response.result:0
12-20 10:39:28.414 25723 25799 D beacon_step_upload:  fix ip:61.49.51.150  tmgap: -717180
12-20 10:39:28.414 25723 25799 D beacon_step_upload:  response no datas 
12-20 10:39:28.415 25723 25799 D beacon_step_upload:  req:2  res:0  send:432  recv:128  result: true  msg:null
12-20 10:39:28.415 25723 25799 D beacon  :  in AnalyticsDAO.query() start
12-20 10:39:28.415 25723 25799 D beacon  :  query: ( _type = 6 )  and _time <= 0 
12-20 10:39:28.416 25723 25799 I beacon  : result num: 3
12-20 10:39:28.416 25723 25799 D beacon  :  in AnalyticsDAO.paserCursor() start
12-20 10:39:28.416 25723 25799 D beacon  :  in AnalyticsDAO.paserCursor() end
12-20 10:39:28.416 25723 25799 I beacon  :  total num: 3
12-20 10:39:28.416 25723 25799 D beacon  :  in AnalyticsDAO.query() end
12-20 10:39:28.416 25723 25799 D beacon  : de byte 2 obj 
12-20 10:39:28.417 25723 25799 I chatty  : uid=10081(u0_a81) pool-9-thread-1 identical 10 lines
12-20 10:40:09.717 25723 25787 I chatty  : uid=10081(u0_a81) com.tencent.TsumTsumAndroid expire 9 lines
12-20 10:40:09.721 25723 25746 I chatty  : uid=10081(u0_a81) UnityMain expire 4 lines
12-20 10:40:09.726 25723 25787 I chatty  : uid=10081(u0_a81) com.tencent.TsumTsumAndroid expire 8 lines
12-20 10:40:09.727 25723 25746 I chatty  : uid=10081(u0_a81) UnityMain expire 3 lines
12-20 10:40:09.730 25723 25787 I chatty  : uid=10081(u0_a81) com.tencent.TsumTsumAndroid expire 4 lines
12-20 10:40:09.902 25723 25746 I chatty  : uid=10081(u0_a81) UnityMain expire 4 lines
12-20 10:40:22.765 25723 25800 I chatty  : uid=10081(u0_a81) pool-9-thread-2 expire 9 lines
12-20 10:40:28.278 25723 25801 I chatty  : uid=10081(u0_a81) pool-9-thread-3 expire 42 lines
12-20 10:40:40.552 25723 25787 I chatty  : uid=10081(u0_a81) com.tencent.TsumTsumAndroid expire 2 lines
12-20 10:40:48.265  2735 26160 I ActiveController: loadActiveListByType type: 2, name: com.tencent.TsumTsumAndroid, uid: 10081, pid: 25723, status: 10
12-20 10:41:22.764 25723 25801 I chatty  : uid=10081(u0_a81) pool-9-thread-3 expire 13 lines
12-20 10:42:22.764 25723 25801 I chatty  : uid=10081(u0_a81) pool-9-thread-3 expire 13 lines
12-20 10:42:23.482 25723 25820 I chatty  : uid=10081(u0_a81) DcTimer expire 5 lines
12-20 10:42:23.489 25723 25821 I chatty  : uid=10081(u0_a81) Thread-13 expire 2 lines
12-20 10:42:55.705  2735 26160 I ActiveController: loadActiveListByType type: 2, name: com.tencent.TsumTsumAndroid, uid: 10081, pid: 25723, status: 10
12-20 10:43:22.765 25723 25801 I chatty  : uid=10081(u0_a81) pool-9-thread-3 expire 13 lines
12-20 10:43:40.553 25723 25787 I chatty  : uid=10081(u0_a81) com.tencent.TsumTsumAndroid expire 13 lines
12-20 10:43:40.565 25723  2655 I chatty  : uid=10081(u0_a81) Timer-1 expire 1 line
12-20 10:43:40.566 25723 25787 I chatty  : uid=10081(u0_a81) com.tencent.TsumTsumAndroid expire 7 lines
12-20 10:43:40.580 25723  2655 I chatty  : uid=10081(u0_a81) Timer-1 expire 3 lines
12-20 10:43:40.615 25723 25787 I chatty  : uid=10081(u0_a81) com.tencent.TsumTsumAndroid expire 53 lines
12-20 10:43:40.879 25723  3719 I chatty  : uid=10081(u0_a81) com.tencent.TsumTsumAndroid expire 11 lines
12-20 10:43:40.883 25723 25787 I chatty  : uid=10081(u0_a81) com.tencent.TsumTsumAndroid expire 3 lines
12-20 10:43:40.883 25723  3719 I chatty  : uid=10081(u0_a81) com.tencent.TsumTsumAndroid expire 1 line
12-20 10:43:40.884 25723 25787 I chatty  : uid=10081(u0_a81) com.tencent.TsumTsumAndroid expire 3 lines
12-20 10:43:40.884 25723  3719 I chatty  : uid=10081(u0_a81) com.tencent.TsumTsumAndroid expire 2 lines
12-20 10:43:40.884 25723 25787 I chatty  : uid=10081(u0_a81) com.tencent.TsumTsumAndroid expire 4 lines
12-20 10:43:40.885 25723  3719 I chatty  : uid=10081(u0_a81) com.tencent.TsumTsumAndroid expire 2 lines
12-20 10:43:40.885 25723 25787 I chatty  : uid=10081(u0_a81) com.tencent.TsumTsumAndroid expire 3 lines
12-20 10:43:40.885 25723  3719 I chatty  : uid=10081(u0_a81) com.tencent.TsumTsumAndroid expire 1 line
12-20 10:43:40.886 25723 25787 I chatty  : uid=10081(u0_a81) com.tencent.TsumTsumAndroid expire 3 lines
12-20 10:43:40.886 25723  3719 I chatty  : uid=10081(u0_a81) com.tencent.TsumTsumAndroid expire 2 lines
12-20 10:43:40.886 25723 25787 I chatty  : uid=10081(u0_a81) com.tencent.TsumTsumAndroid expire 2 lines
12-20 10:43:57.019 25764  2581 I chatty  : uid=10081(u0_a81) TpnsClient expire 1 line
12-20 10:43:57.044 25764 25839 I chatty  : uid=10081(u0_a81) .working.thread expire 1 line
12-20 10:43:57.045 25764 25790 I chatty  : uid=10081(u0_a81) XgStat expire 4 lines
12-20 10:44:21.152  2735 26160 I ActiveController: loadActiveListByType type: 2, name: com.tencent.TsumTsumAndroid, uid: 10081, pid: 25723, status: 10
12-20 10:44:22.766 25723 25801 I chatty  : uid=10081(u0_a81) pool-9-thread-3 expire 13 lines
12-20 10:45:09.734 25723 25787 I chatty  : uid=10081(u0_a81) com.tencent.TsumTsumAndroid expire 9 lines
12-20 10:45:09.740 25723 25746 I chatty  : uid=10081(u0_a81) UnityMain expire 4 lines
12-20 10:45:09.747 25723 25787 I chatty  : uid=10081(u0_a81) com.tencent.TsumTsumAndroid expire 8 lines
12-20 10:45:09.748 25723 25746 I chatty  : uid=10081(u0_a81) UnityMain expire 2 lines
12-20 10:45:09.752 25723 25787 I chatty  : uid=10081(u0_a81) com.tencent.TsumTsumAndroid expire 4 lines
12-20 10:45:09.752 25723 25746 I chatty  : uid=10081(u0_a81) UnityMain expire 5 lines
12-20 10:45:22.764 25723 25799 I chatty  : uid=10081(u0_a81) pool-9-thread-1 expire 13 lines
12-20 10:45:28.278 25723 25801 I chatty  : uid=10081(u0_a81) pool-9-thread-3 expire 42 lines
12-20 10:46:22.763 25723 25801 I chatty  : uid=10081(u0_a81) pool-9-thread-3 expire 13 lines
12-20 10:46:40.552 25723 25787 I chatty  : uid=10081(u0_a81) com.tencent.TsumTsumAndroid expire 2 lines
12-20 10:46:49.081  2735 26160 I ActiveController: loadActiveListByType type: 2, name: com.tencent.TsumTsumAndroid, uid: 10081, pid: 25723, status: 10
12-20 10:47:22.763 25723 25800 I chatty  : uid=10081(u0_a81) pool-9-thread-2 expire 13 lines
12-20 10:47:23.483 25723 25820 I chatty  : uid=10081(u0_a81) DcTimer expire 5 lines
12-20 10:47:23.494 25723 25821 I chatty  : uid=10081(u0_a81) Thread-13 expire 2 lines
12-20 10:47:28.284 25764 25790 I chatty  : uid=10081(u0_a81) XgStat expire 4 lines
12-20 10:48:21.165  2735 26160 I ActiveController: loadActiveListByType type: 2, name: com.tencent.TsumTsumAndroid, uid: 10081, pid: 25723, status: 10
12-20 10:48:22.764 25723 25800 I chatty  : uid=10081(u0_a81) pool-9-thread-2 expire 13 lines
12-20 10:49:22.764 25723 25799 I chatty  : uid=10081(u0_a81) pool-9-thread-1 expire 13 lines
12-20 10:49:22.784 25723 25800 I chatty  : uid=10081(u0_a81) pool-9-thread-2 expire 17 lines
12-20 10:49:28.278 25723 25801 I chatty  : uid=10081(u0_a81) pool-9-thread-3 expire 43 lines
12-20 10:49:40.552 25723 25787 I chatty  : uid=10081(u0_a81) com.tencent.TsumTsumAndroid expire 6 lines
12-20 10:49:40.553 25723 25787 I MSDK    : [2348][A.I][20181220 +8.0 10:49:40.553][25723,2655][msdk_auth.cpp,GetCurrentOpenId,1353]:Current openid:9572E81B198C26046BB9095AB5669A7A
12-20 10:49:40.553 25723 25787 I MSDK    : [2349][A.I][20181220 +8.0 10:49:40.553][25723,2655][msdk_notice.cpp,RequestNoticeData,97]:Start to send notice request, platform:2 openid:9572E81B198C26046BB9095AB5669A7A
12-20 10:49:40.554 25723 25787 I MSDK    : [2350][A.I][20181220 +8.0 10:49:40.554][25723,2655][MSDKJniHelper,getMSDKVersion,254]:getMSDKVersion:3.0.9a
12-20 10:49:40.554 25723 25787 I MSDK    : [2351][A.I][20181220 +8.0 10:49:40.554][25723,2655][msdk_http_tool.cpp,GetMSDKUrl,125]:GetMSDKUrl: https://ssl.msdk.qq.com/notice/gather_data/?timestamp=1545274180&appid=1106415894&sig=c3e4bf1e8308149998bf1fd8539ea487&version=3.0.9a&encode=2&algorithm=v1&refversion=3.0.9a&opua=AndroidSDK_26_chiron_8.0.0
12-20 10:49:40.554 25723 25787 I MSDK    : [2352][A.I][20181220 +8.0 10:49:40.554][25723,2655][MSDKJniHelper,getMatId,183]:getMatId:865736038733682
12-20 10:49:40.554 25723 25787 I MSDK    : [2353][A.I][20181220 +8.0 10:49:40.554][25723,2655][MSDKJniHelper,getOSVersion,155]:getOSVersion:8.0.0
12-20 10:49:40.555 25723 25787 I MSDK    : [2354][A.I][20181220 +8.0 10:49:40.555][25723,2655][MSDKJniHelper,getDeviceModel,110]:DeviceModel:MIX 2
12-20 10:49:40.555 25723 25787 I MSDK    : [2355][A.I][20181220 +8.0 10:49:40.555][25723,2655][MSDKJniHelper,getResolution,168]:getResolution:1080*2030
12-20 10:49:40.558 25723  2655 D WeGame DeviceInfo.getApn:  typeName:WIFI
12-20 10:49:40.558 25723 25787 I MSDK    : [2356][A.I][20181220 +8.0 10:49:40.558][25723,2655][MSDKJniHelper,getAPN,201]:getAPN:wifi
12-20 10:49:40.559 25723 25787 I MSDK    : [2357][A.I][20181220 +8.0 10:49:40.559][25723,2655][MSDKJniHelper,getMSDKVersion,254]:getMSDKVersion:3.0.9a
12-20 10:49:40.561 25723 25787 I MSDK    : [2358][A.I][20181220 +8.0 10:49:40.561][25723,2655][MSDKNoticeUtil,getNoticeLastUpdateTime,26]:updateTime:0
12-20 10:49:40.561 25723 25787 I MSDK    : [2359][A.I][20181220 +8.0 10:49:40.561][25723,2655][msdk_notice_network.cpp,GetNoticePostData,60]:GetNoticePostData:{"appid":"1106415894","openid":"9572E81B198C26046BB9095AB5669A7A","matid":"865736038733682","os":1,"osVersion":"8.0.0","tradeMark":"MIX 2","screenDpi":2.75,"screenDir":1,"resolution":"1080*2030","apn":"wifi","noticeVersion":190,"msdkVersion":"3.0.9a","protocolVer":"1.1","lastTime":"0"}
12-20 10:49:40.561 25723 25787 I MSDK    : [2360][A.I][20181220 +8.0 10:49:40.561][25723,2655][HttpClientMgr.cpp,GenerateRequestID,118]:httpclientmgr generate new requestid :10019
12-20 10:49:40.561 25723 25787 I MSDK    : [2361][A.I][20181220 +8.0 10:49:40.561][25723,2655][HttpClientMgr.cpp,RequestHttp,160]:request http:https://ssl.msdk.qq.com/notice/gather_data/?timestamp=1545274180&appid=1106415894&sig=c3e4bf1e8308149998bf1fd8539ea487&version=3.0.9a&encode=2&algorithm=v1&refversion=3.0.9a&opua=AndroidSDK_26_chiron_8.0.0 opt:3 ud:0x2710 with seq:10019, reqtime:1545274180
12-20 10:49:40.561 25723 25787 I MSDK    : [2362][A.I][20181220 +8.0 10:49:40.561][25723,2655][HttpClientMgr.cpp,RequestHttp,164]:client manager:0xd0ccb880 request que size:1
12-20 10:49:40.561 25723 25787 I MSDK    : [2363][A.I][20181220 +8.0 10:49:40.561][25723,2655][HttpClientMgr.cpp,GetHttpClient,321]:get an idle http client:0xd0cc7900
12-20 10:49:40.561 25723 25787 I MSDK    : [2364][A.I][20181220 +8.0 10:49:40.561][25723,2655][HttpClientMgr.cpp,run_http_request,182]:run_http_request Get idle_client:0xd0cc7900
12-20 10:49:40.561 25723 25787 I MSDK    : [2365][A.I][20181220 +8.0 10:49:40.561][25723,2655][HttpClientMgr.cpp,run_http_request,226]:issue http request client:0xd0cc7900, url:https://ssl.msdk.qq.com/notice/gather_data/?timestamp=1545274180&appid=1106415894&sig=c3e4bf1e8308149998bf1fd8539ea487&version=3.0.9a&encode=2&algorithm=v1&refversion=3.0.9a&opua=AndroidSDK_26_chiron_8.0.0, opt:3, seq:10019
12-20 10:49:40.561 25723 25787 I MSDK    : [2366][A.I][20181220 +8.0 10:49:40.561][25723,2655][MSDKHttpClient.cpp,ResetData,570]:http client: 0xd0cc7900 reset data
12-20 10:49:40.561 25723 25787 I MSDK    : [2367][A.I][20181220 +8.0 10:49:40.561][25723,2655][MSDKHttpClient.cpp,CreateRequestThread,260]:httpclient Create Request Thread start
12-20 10:49:40.562 25723 25787 I MSDK    : [2368][A.I][20181220 +8.0 10:49:40.562][25723,2655][MSDKHttpClient.cpp,CreateRequestThread,265]:httpclient Create Request Thread, ret:0
12-20 10:49:40.562 25723 25787 I MSDK    : [2369][A.I][20181220 +8.0 10:49:40.562][25723,3860][MSDKHttpClient.cpp,CreateRequestThreadCallBack,277]:httpclient Create Request Thread callback httpClient:0xd0cc7900
12-20 10:49:40.562 25723 25787 I MSDK    : [2370][A.I][20181220 +8.0 10:49:40.562][25723,3860][MSDKHttpClient.cpp,PostSendContent,434]:httpclient post start curl, seq:10019
12-20 10:49:40.810 25723 25787 I MSDK    : [2371][A.I][20181220 +8.0 10:49:40.809][25723,3860][MSDKHttpClient.cpp,PostSendContent,506]:httpclient:0xd0cc7900 post seq:10019 curl_easy_perform and retCode:0 with left_timeout:15
12-20 10:49:40.810 25723 25787 I MSDK    : [2372][A.I][20181220 +8.0 10:49:40.810][25723,3860][MSDKHttpClient.cpp,PostSendContent,515]:http client statistic starttime:1545274180, reqissuetiem:0, reqrequestime:0
12-20 10:49:40.810 25723 25787 I MSDK    : [2373][A.I][20181220 +8.0 10:49:40.810][25723,3860][MSDKHttpClient.cpp,PostSendContent,521]:POST method get http response code result:0, code:200
12-20 10:49:40.819 25723 25787 I MSDK    : [2374][A.I][20181220 +8.0 10:49:40.819][25723,3860][HttpClientMgr.cpp,OnHttpClientCallBack,265]:HttpClientMgr::httpCallBack client:0xd0cc7900, result:0
12-20 10:49:40.819 25723 25787 I MSDK    : [2375][A.I][20181220 +8.0 10:49:40.819][25723,3860][HttpClientMgr.cpp,OnHttpClientCallBack,292]:httpCallBack MsdkNetworkListener:0xe6bedcf8, userdata_to_app:0x2710, seq:10019, response_body length:152
12-20 10:49:40.820 25723 25787 I MSDK    : [2376][A.I][20181220 +8.0 10:49:40.819][25723,3860][HttpClientMgr.cpp,RetrieveHttpClient,330]:retrieve a http client 0xd0cc7900
12-20 10:49:40.820 25723 25787 I MSDK    : [2377][A.I][20181220 +8.0 10:49:40.820][25723,3860][MSDKHttpClient.cpp,ResetData,570]:http client: 0xd0cc7900 reset data
12-20 10:49:40.820 25723 25787 I MSDK    : [2378][A.I][20181220 +8.0 10:49:40.820][25723,3860][HttpClientMgr.cpp,GetHttpClient,321]:get an idle http client:0xe1a7c9a0
12-20 10:49:40.820 25723 25787 I MSDK    : [2379][A.I][20181220 +8.0 10:49:40.820][25723,3860][HttpClientMgr.cpp,run_http_request,182]:run_http_request Get idle_client:0xe1a7c9a0
12-20 10:49:40.820 25723 25787 I MSDK    : [2380][A.I][20181220 +8.0 10:49:40.820][25723,3860][HttpClientMgr.cpp,run_http_request,209]:have no avilable http request
12-20 10:49:40.820 25723 25787 I MSDK    : [2381][A.I][20181220 +8.0 10:49:40.820][25723,3860][MSDKHttpClient.cpp,ResetData,570]:http client: 0xe1a7c9a0 reset data
12-20 10:49:40.820 25723 25787 I MSDK    : [2382][A.I][20181220 +8.0 10:49:40.820][25723,3860][msdk_notice.cpp,Response,38]:Notice http response, request id 10019, result 0, size 152, cmd 10000
12-20 10:49:40.820 25723 25787 I MSDK    : [2383][A.I][20181220 +8.0 10:49:40.820][25723,3860][msdk_base_network.cpp,ParseResponseData,36]:ParseResponseData decrpt:{"adInfoList":[],"adPosList":[],"appid":"1106415894","invalidMsgid":[],"list":[],"msg":"success","ret":0,"rptType":0,"sendTime":"1545273463"}
12-20 10:49:40.820 25723 25787 I MSDK    : 
12-20 10:49:40.820 25723 25787 I MSDK    : [2384][A.I][20181220 +8.0 10:49:40.820][25723,3860][msdk_base_network.cpp,ParseResponseData,49]:ret:0 message:success
12-20 10:49:40.820 25723 25787 I MSDK    : [2385][A.I][20181220 +8.0 10:49:40.820][25723,3860][msdk_notice.cpp,DeleteExpireNoticeData,123]:Delete expire notice
12-20 10:49:40.820 25723 25787 I MSDK    : [2386][A.I][20181220 +8.0 10:49:40.820][25723,3860][msdk_jni_helper.cpp,getenv_,40]:MSDKJNI Use pthread_key_t for new thread
12-20 10:49:40.822 25723 25787 I MSDK    : [2387][A.I][20181220 +8.0 10:49:40.822][25723,3860][MSDKNoticeUtil,getNoticeData,65]:getNoticeData of appid: openid: scene:
12-20 10:49:40.822 25723  3860 D WeGame NoticeDBModel.getAllNoticeRecord:  SELECT * from notice_info ORDER BY msg_order DESC, msg_id DESC; 
12-20 10:49:40.824 25723  3860 D WeGame NoticeDBModel.getAllNoticeRecord:  query result:0
12-20 10:49:40.825 25723 25787 I MSDK    : [2388][A.I][20181220 +8.0 10:49:40.825][25723,3860][MSDKNoticeUtil,getNoticeData,128]:Got notice data,count:0 data:{"list":[]}
12-20 10:49:40.825 25723 25787 I MSDK    : [2389][A.I][20181220 +8.0 10:49:40.825][25723,3860][msdk_notice.cpp,SaveNoticeData,163]:Save notice data, count:0
12-20 10:49:40.826 25723 25787 I MSDK    : [2390][A.I][20181220 +8.0 10:49:40.825][25723,3860][msdk_jni_helper.cpp,detach_current_thread_,27]:MSDKJNI env DetachCurrentThread
12-20 10:50:09.767 25723 25787 I MSDK    : [2391][A.I][20181220 +8.0 10:50:09.766][25723,25746][msdk_beacon.cpp,ReportEvent,117]:eventName:[MSDK]WGGetNoticeData eventList count:1 isRealName:true
12-20 10:50:09.767 25723 25787 I MSDK    : [2392][A.I][20181220 +8.0 10:50:09.767][25723,25746][msdk_auth.cpp,GetCurrentOpenId,1346]:Login ret cache is vaild
12-20 10:50:09.767 25723 25787 I MSDK    : [2393][A.I][20181220 +8.0 10:50:09.767][25723,25746][msdk_auth.cpp,GetCurrentOpenId,1353]:Current openid:9572E81B198C26046BB9095AB5669A7A
12-20 10:50:09.767 25723 25787 I MSDK    : [2394][A.I][20181220 +8.0 10:50:09.767][25723,25746][msdk_auth.h,GetCurrentPlatform,484]:Current platofrm:2
12-20 10:50:09.768 25723 25787 I MSDK    : [2395][A.I][20181220 +8.0 10:50:09.768][25723,25746][ChannelUtil,getPlatformId,91]:platformId is desktop_m
12-20 10:50:09.768 25723 25787 I MSDK    : [2396][A.I][20181220 +8.0 10:50:09.768][25723,25746][MSDKJniHelper,getPlatformId,350]:getPlatformId:desktop_m
12-20 10:50:09.768 25723 25787 I MSDK    : [2397][A.I][20181220 +8.0 10:50:09.768][25723,25746][MSDKJniHelper,getMSDKVersion,254]:getMSDKVersion:3.0.9a
12-20 10:50:09.771 25723 25787 I MSDK    : [2398][A.I][20181220 +8.0 10:50:09.771][25723,25746][msdk_beacon_platform_android.cpp,ReportEvent,70]:eventName:[MSDK]WGGetNoticeData
12-20 10:50:09.771 25723 25787 I MSDK    : [2399][A.I][20181220 +8.0 10:50:09.771][25723,25746][msdk_beacon_platform_android.cpp,ReportEvent,89]: eventList:{"eventList":[{"key":"scene","value":"2"},{"key":"identify","value":"1"},{"key":"loginType","value":"desktop_m_qq"},{"key":"msdkversion","value":"3.0.9a"},{"key":"gameversion","value":"1.0.959.2001001"},{"key":"openid","value":"9572E81B198C26046BB9095AB5669A7A"}]}
12-20 10:50:09.772 25723 25746 D beacon_step_api:  onUA: [MSDK]WGGetNoticeData,true,0,-1,true,false
12-20 10:50:09.779 25723 25746 D beacon  : get event sn for [[MSDK]WGGetNoticeData] : 27765a9ba441f5b0_20181220_N_11.
12-20 10:50:09.779 25723 25746 D beacon_step_buffer:  BF eN:[MSDK]WGGetNoticeData   isRT:true  isCR:false
12-20 10:50:09.779 25723 25746 I beacon  : processUA:true!
12-20 10:50:09.780 25723 25787 I MSDK    : [2400][A.I][20181220 +8.0 10:50:09.780][25723,25746][MSDKBeaconUtil,reportEvent,108]:EventName=[MSDK]WGGetNoticeData&isok=true&params=gameversion=1.0.959.2001001&identify=1&loginType=desktop_m_qq&openid=9572E81B198C26046BB9095AB5669A7A&msdkversion=3.0.9a&scene=2&
12-20 10:50:09.780 25723 25787 I MSDK    : [2401][A.I][20181220 +8.0 10:50:09.780][25723,25746][data_statistics.cpp,ReportStatEvent,42]:DataStatistics EVENT_NAME=[MSDK]WGGetNoticeData IS_OK=true LIST_SIZE=1
12-20 10:50:09.780 25723 25787 I MSDK    : [2402][A.I][20181220 +8.0 10:50:09.780][25723,25746][msdk_notice.cpp,GetNoticeData,239]:Get notice data, scene:2
12-20 10:50:09.780 25723 25787 I MSDK    : [2403][A.I][20181220 +8.0 10:50:09.780][25723,25746][msdk_notice.cpp,GetInnerNoticeData,169]:Get inner notice data, scene:2
12-20 10:50:09.780 25723 25787 I MSDK    : [2404][A.I][20181220 +8.0 10:50:09.780][25723,25746][msdk_auth.h,GetCurrentPlatform,484]:Current platofrm:2
12-20 10:50:09.780 25723 25787 I MSDK    : [2405][A.I][20181220 +8.0 10:50:09.780][25723,25746][msdk_auth.cpp,GetCurrentOpenId,1346]:Login ret cache is vaild
12-20 10:50:09.780 25723 25787 I MSDK    : [2406][A.I][20181220 +8.0 10:50:09.780][25723,25746][msdk_auth.cpp,GetCurrentOpenId,1353]:Current openid:9572E81B198C26046BB9095AB5669A7A
12-20 10:50:09.781 25723 25787 I MSDK    : [2407][A.I][20181220 +8.0 10:50:09.780][25723,25746][MSDKNoticeUtil,getNoticeData,65]:getNoticeData of appid:1106415894 openid:9572E81B198C26046BB9095AB5669A7A scene:2
12-20 10:50:09.781 25723 25746 D WeGame NoticeDBModel.getNoticeRecordBySceneAndType:  SELECT * from notice_info where app_id like '%1106415894%' AND open_id in ('','9572E81B198C26046BB9095AB5669A7A') AND msg_scene = 2 AND start_time < 1545274209 AND end_time > 1545274209 AND msg_type in (0,1,2) ORDER BY msg_order DESC, msg_id DESC LIMIT 20; 
12-20 10:50:09.783 25723 25746 D WeGame NoticeDBModel.getNoticeRecordBySceneAndType:  query result:0
12-20 10:50:09.784 25723 25787 I MSDK    : [2408][A.I][20181220 +8.0 10:50:09.784][25723,25746][MSDKNoticeUtil,getNoticeData,128]:Got notice data,count:0 data:{"list":[]}
12-20 10:50:09.784 25723 25787 I MSDK    : [2409][A.I][20181220 +8.0 10:50:09.784][25723,25746][msdk_notice.cpp,GetInnerNoticeData,233]:Got notice succeed!Notice count:0
12-20 10:50:09.784 25723 25787 I MSDK    : [2410][A.I][20181220 +8.0 10:50:09.784][25723,25746][WGPlatform.cpp,_InnerWGGetNoticeData,479]:get NoticeInfo vc size = 0
12-20 10:50:09.784 25723 25787 I MSDK    : [2411][A.I][20181220 +8.0 10:50:09.784][25723,25746][WGPlatform.cpp,_LOG_InnerWGGetNoticeData,494]:_LOG_InnerWGGetNoticeData data : 
12-20 10:50:09.784 25723 25746 D WeGame  cpp: return to unity : {"_notice_list":[]}
12-20 10:50:09.951 25723 25746 I Unity   : httpResponse code = 200
12-20 10:50:09.951 25723 25746 I Unity   : communication response header: errCode=0,st=0,ts=1545273492
12-20 10:50:09.952 25723 25746 I Unity   : [RpcProcessor] response: getRedDots
12-20 10:50:09.952 25723 25746 I cpp     : GetRedDotsHttp Success
12-20 10:50:22.765 25723 25799 D beacon  :  in AnalyticsDAO.query() start
12-20 10:50:22.766 25723 25799 D beacon  :  query: ( _type = 8 ) 
12-20 10:50:22.767 25723 25799 I beacon  : result num: 0
12-20 10:50:22.768 25723 25799 D beacon  :  in AnalyticsDAO.query() end
12-20 10:50:22.768 25723 25799 D beacon  : en obj 2 bytes 
12-20 10:50:22.768 25723 25799 D beacon  :  insertOrUpdate alyticsBeans start!
12-20 10:50:22.781 25723 25799 D beacon  :  result id:100
12-20 10:50:22.781 25723 25799 D beacon  :  insertOrUpdate alyticsBeans end
12-20 10:50:22.782 25723 25799 D beacon_step_api:  used:1  seen:1  next:60
12-20 10:50:28.278 25723 25800 D beacon  :  get realEventCnt in Mem:1
12-20 10:50:28.281 25723 25800 D beacon_step_buffer:  dsu real events 2 up 1
12-20 10:50:28.282 25723 25800 I beacon  : real rid:83506c616a2933ad
12-20 10:50:28.284 25723 25800 D beacon  :  TUUD.GetUD start
12-20 10:50:28.284 25723 25800 D beacon  :  current size:1
12-20 10:50:28.284 25723 25800 D beacon  : map 2 str
12-20 10:50:28.284 25723 25800 D beacon  :  RealTimeRecordUploadDatas.encode2EventRecordPackage() end}
12-20 10:50:28.285 25723 25800 D beacon  : en2Req
12-20 10:50:28.286 25723 25800 D beacon  :  RequestPackage info appkey:1106415894 sdkid:beacon appVersion:1.0.959.2001001 cmd: 2
12-20 10:50:28.288 25723 25800 D beacon  : zp: 2 len: 606
12-20 10:50:28.289 25723 25800 D beacon  : enD: 472 3
12-20 10:50:28.291 25723 25800 D beacon_step_upload:  start upload cmd: 2  url:http://oth.eve.mdt.qq.com:8080/analytics/upload?rid=83506c616a2933ad&sid=638bb76ff3705c61593af31734f738a8  datas:class com.tencent.beacon.event.l$a
12-20 10:50:28.293 25723 25800 D beacon_step_upload: start req: http://oth.eve.mdt.qq.com:8080/analytics/upload?rid=83506c616a2933ad&sid=638bb76ff3705c61593af31734f738a8 sz:480
12-20 10:50:28.295 25723 25800 D beacon_step_upload: send: http://oth.eve.mdt.qq.com:8080/analytics/upload?rid=83506c616a2933ad&sid=638bb76ff3705c61593af31734f738a8 sz: 480 apn: wifi
12-20 10:50:28.296 25723 25800 I beacon  : Don't use proxy: wifi, try time: 1
12-20 10:50:28.395 25723 25800 D beacon_step_upload: execute request:
12-20 10:50:28.395 25723 25800 D beacon_step_upload:  POST /analytics/upload?rid=83506c616a2933ad&sid=638bb76ff3705c61593af31734f738a8 HTTP/1.1
12-20 10:50:28.395 25723 25800 D beacon_step_upload: response code:200 
12-20 10:50:28.396 25723 25800 D beacon_step_upload: recevied: 128
12-20 10:50:28.398 25723 25800 D beacon  : unzp: 2 len: 115
12-20 10:50:28.398 25723 25800 D beacon  :  covert to ResponsePackage 
12-20 10:50:28.399 25723 25800 D beacon  : response.cmd:0 response.result:0
12-20 10:50:28.399 25723 25800 D beacon_step_upload:  fix ip:61.49.51.150  tmgap: -717187
12-20 10:50:28.400 25723 25800 D beacon_step_upload:  response no datas 
12-20 10:50:28.400 25723 25800 D beacon_step_upload:  req:2  res:0  send:480  recv:128  result: true  msg:null
12-20 10:50:28.400 25723 25800 D beacon  :  in AnalyticsDAO.query() start
12-20 10:50:28.401 25723 25800 D beacon  :  query: ( _type = 6 )  and _time <= 0 
12-20 10:50:28.402 25723 25800 I beacon  : result num: 3
12-20 10:50:28.402 25723 25800 D beacon  :  in AnalyticsDAO.paserCursor() start
12-20 10:50:28.403 25723 25800 D beacon  :  in AnalyticsDAO.paserCursor() end
12-20 10:50:28.403 25723 25800 I beacon  :  total num: 3
12-20 10:50:28.403 25723 25800 D beacon  :  in AnalyticsDAO.query() end
12-20 10:50:28.403 25723 25800 D beacon  : de byte 2 obj 
12-20 10:50:28.404 25723 25800 I chatty  : uid=10081(u0_a81) pool-9-thread-2 identical 1 line
12-20 10:50:28.405 25723 25800 D beacon  : de byte 2 obj 
12-20 10:50:28.413 25723 25800 D beacon  : en obj 2 bytes 
12-20 10:50:28.414 25723 25800 D beacon  : en obj 2 bytes 
12-20 10:50:28.414 25723 25800 D beacon  :  insertOrUpdate alyticsBeans start!
12-20 10:50:28.426 25723 25800 D beacon  :  result id:36
12-20 10:50:28.432 25723 25800 D beacon  :  result id:54
12-20 10:50:28.432 25723 25800 D beacon  :  insertOrUpdate alyticsBeans end
12-20 10:50:28.434 25723 25800 D beacon_step_buffer:  [total:[tp:0 , st:1545221029568 ,counts:92, wifi:55168 , notWifi:0 , up:43216 , dn:11952]] 
12-20 10:50:28.434 25723 25800 D beacon_step_buffer: [today:[tp:1 , st:1545235316372 ,counts:65, wifi:37552 , notWifi:0 , up:29056 , dn:8496]]
12-20 10:50:28.434 25723 25800 D beacon  :  TimeUpUploadDatas.done(), result:true
12-20 10:50:49.597  2735 26160 I ActiveController: loadActiveListByType type: 2, name: com.tencent.TsumTsumAndroid, uid: 10081, pid: 25723, status: 10
12-20 10:51:22.765 25723 25799 D beacon  :  in AnalyticsDAO.query() start
12-20 10:51:22.765 25723 25799 D beacon  :  query: ( _type = 8 ) 
12-20 10:51:22.767 25723 25799 I beacon  : result num: 1
12-20 10:51:22.767 25723 25799 D beacon  :  in AnalyticsDAO.paserCursor() start
12-20 10:51:22.767 25723 25799 D beacon  :  in AnalyticsDAO.paserCursor() end
12-20 10:51:22.767 25723 25799 I beacon  :  total num: 1
12-20 10:51:22.768 25723 25799 D beacon  :  in AnalyticsDAO.query() end
12-20 10:51:22.768 25723 25799 D beacon  : de byte 2 obj 
12-20 10:51:22.768 25723 25799 D beacon  : en obj 2 bytes 
12-20 10:51:22.769 25723 25799 D beacon  :  insertOrUpdate alyticsBeans start!
12-20 10:51:22.788 25723 25799 D beacon  :  result id:100
12-20 10:51:22.788 25723 25799 D beacon  :  insertOrUpdate alyticsBeans end
12-20 10:51:22.788 25723 25799 D beacon_step_api:  used:2  seen:2  next:60
12-20 10:51:50.912 25764  2581 I ActivityThread: com.tencent.TsumTsumAndroid.TPUSH_PROVIDER acquiringCount 2
12-20 10:51:50.941 25764 25790 D XgStat  : [XgStat(204): ProGuard:641] - sentEventList size:2
12-20 10:51:50.955 25764 25790 E XgStat  : [XgStat(204): ProGuard:190] - [http://pingma.qq.com:80/mstat/report/?index=1545221194]Send request(eventsize:2,590bytes), content:[{"ky":"Axg2100117751","et":1000,"ui":"865736038733682","mc":"02:00:00:00:00:00","ut":1,"ch":"xgsdk","mid":"976e57ac9144456e40859284c4d5803bf30f9600","si":494663459,"cts":1545274310,"ts":1545273593,"sv":"3.0","dts":-717,"ei":"SrvAck","kv":{"type":"1","busiMsgId":"8230197","msgId":"108230197"}},{"ky":"Axg2100117751","et":1000,"ui":"865736038733682","mc":"02:00:00:00:00:00","ut":1,"ch":"xgsdk","mid":"976e57ac9144456e40859284c4d5803bf30f9600","si":494663459,"cts":1545274310,"ts":1545273593,"sv":"3.0","dts":-717,"ei":"SrvAck","kv":{"type":"1","busiMsgId":"88440066","msgId":"188440066"}}]
12-20 10:51:51.192 25764 25790 D XgStat  : [XgStat(204): ProGuard:641] - sentEventList size:2
12-20 10:51:51.214 25764 25790 E XgStat  : [XgStat(204): ProGuard:190] - [http://pingma.qq.com:80/mstat/report/?index=1545221195]Send request(eventsize:2,590bytes), content:[{"ky":"Axg2100117751","et":1000,"ui":"865736038733682","mc":"02:00:00:00:00:00","ut":1,"ch":"xgsdk","mid":"976e57ac9144456e40859284c4d5803bf30f9600","si":494663459,"cts":1545274311,"ts":1545273593,"sv":"3.0","dts":-717,"ei":"SrvAck","kv":{"type":"1","busiMsgId":"8230197","msgId":"108230197"}},{"ky":"Axg2100117751","et":1000,"ui":"865736038733682","mc":"02:00:00:00:00:00","ut":1,"ch":"xgsdk","mid":"976e57ac9144456e40859284c4d5803bf30f9600","si":494663459,"cts":1545274311,"ts":1545273593,"sv":"3.0","dts":-717,"ei":"SrvAck","kv":{"type":"1","busiMsgId":"88440066","msgId":"188440066"}}]
12-20 10:52:22.763 25723 25799 D beacon  :  in AnalyticsDAO.query() start
12-20 10:52:22.763 25723 25799 D beacon  :  query: ( _type = 8 ) 
12-20 10:52:22.764 25723 25799 I beacon  : result num: 1
12-20 10:52:22.764 25723 25799 D beacon  :  in AnalyticsDAO.paserCursor() start
12-20 10:52:22.765 25723 25799 D beacon  :  in AnalyticsDAO.paserCursor() end
12-20 10:52:22.765 25723 25799 I beacon  :  total num: 1
12-20 10:52:22.765 25723 25799 D beacon  :  in AnalyticsDAO.query() end
12-20 10:52:22.765 25723 25799 D beacon  : de byte 2 obj 
12-20 10:52:22.766 25723 25799 D beacon  : en obj 2 bytes 
12-20 10:52:22.766 25723 25799 D beacon  :  insertOrUpdate alyticsBeans start!
12-20 10:52:22.778 25723 25799 D beacon  :  result id:100
12-20 10:52:22.778 25723 25799 D beacon  :  insertOrUpdate alyticsBeans end
12-20 10:52:22.778 25723 25799 D beacon_step_api:  used:3  seen:3  next:60
12-20 10:52:23.483 25723 25820 D GspDcAgent: >>>>>>>>>>>>>>> dcUserOnline_104() begin >>>>>>>>>>>>>>>
12-20 10:52:23.487 25723 25820 D network : network state 0
12-20 10:52:23.488 25723 25820 D GspDcAgent: >>>>>>>>>>>>>>> dc(104) begin >>>>>>>>>>>>>>>
12-20 10:52:23.491 25723 25820 D GspDcAgent: <<<<<<<<<<<<<<<< dc(104) end <<<<<<<<<<<<<<<<
12-20 10:52:23.491 25723 25820 D GspDcAgent: <<<<<<<<<<<<<<<< dcUserOnline_104() end <<<<<<<<<<<<<<<<
12-20 10:52:23.492 25723 25821 D com.happyelements.gsp.android.dc.DataHelper: respFromPostDeflate start...
12-20 10:52:23.614 25723 25821 D com.happyelements.gsp.android.dc.DataHelper: respFromPostDeflate code:204
12-20 10:52:29.807  2735 26160 I ActiveController: loadActiveListByType type: 2, name: com.tencent.TsumTsumAndroid, uid: 10081, pid: 25723, status: 10
12-20 10:52:40.553 25723 25787 I MSDK    : [2412][A.I][20181220 +8.0 10:52:40.552][25723,2655][task_manager.cpp,Run,111]:TaskManager run
12-20 10:52:40.553 25723 25787 I MSDK    : [2413][A.I][20181220 +8.0 10:52:40.553][25723,2655][MSDKJniHelper,getNoticeRefreshTime,337]:getNoticeRefreshTime:600
12-20 10:53:22.763 25723 25799 D beacon  :  in AnalyticsDAO.query() start
12-20 10:53:22.763 25723 25799 D beacon  :  query: ( _type = 8 ) 
12-20 10:53:22.765 25723 25799 I beacon  : result num: 1
12-20 10:53:22.765 25723 25799 D beacon  :  in AnalyticsDAO.paserCursor() start
12-20 10:53:22.765 25723 25799 D beacon  :  in AnalyticsDAO.paserCursor() end
12-20 10:53:22.765 25723 25799 I beacon  :  total num: 1
12-20 10:53:22.766 25723 25799 D beacon  :  in AnalyticsDAO.query() end
12-20 10:53:22.766 25723 25799 D beacon  : de byte 2 obj 
12-20 10:53:22.767 25723 25799 D beacon  : en obj 2 bytes 
12-20 10:53:22.767 25723 25799 D beacon  :  insertOrUpdate alyticsBeans start!
12-20 10:53:22.783 25723 25799 D beacon  :  result id:100
12-20 10:53:22.783 25723 25799 D beacon  :  insertOrUpdate alyticsBeans end
12-20 10:53:22.783 25723 25799 D beacon_step_api:  used:4  seen:4  next:60
12-20 10:54:22.764 25723 25799 D beacon  :  in AnalyticsDAO.query() start
12-20 10:54:22.764 25723 25799 D beacon  :  query: ( _type = 8 ) 
12-20 10:54:22.765 25723 25799 I beacon  : result num: 1
12-20 10:54:22.766 25723 25799 D beacon  :  in AnalyticsDAO.paserCursor() start
12-20 10:54:22.766 25723 25799 D beacon  :  in AnalyticsDAO.paserCursor() end
12-20 10:54:22.766 25723 25799 I beacon  :  total num: 1
12-20 10:54:22.766 25723 25799 D beacon  :  in AnalyticsDAO.query() end
12-20 10:54:22.766 25723 25799 D beacon  : de byte 2 obj 
12-20 10:54:22.767 25723 25799 D beacon  : en obj 2 bytes 
12-20 10:54:22.768 25723 25799 D beacon  :  insertOrUpdate alyticsBeans start!
12-20 10:54:22.782 25723 25799 D beacon  :  result id:100
12-20 10:54:22.782 25723 25799 D beacon  :  insertOrUpdate alyticsBeans end
12-20 10:54:22.782 25723 25799 D beacon_step_api:  used:5  seen:5  next:60
12-20 10:55:09.169  2735  4100 I ActiveController: loadActiveListByType type: 2, name: com.tencent.TsumTsumAndroid, uid: 10081, pid: 25723, status: 10
12-20 10:55:09.784 25723 25787 I MSDK    : [2414][A.I][20181220 +8.0 10:55:09.783][25723,25746][msdk_beacon.cpp,ReportEvent,117]:eventName:[MSDK]WGGetNoticeData eventList count:1 isRealName:true
12-20 10:55:09.784 25723 25787 I MSDK    : [2415][A.I][20181220 +8.0 10:55:09.784][25723,25746][msdk_auth.cpp,GetCurrentOpenId,1346]:Login ret cache is vaild
12-20 10:55:09.784 25723 25787 I MSDK    : [2416][A.I][20181220 +8.0 10:55:09.784][25723,25746][msdk_auth.cpp,GetCurrentOpenId,1353]:Current openid:9572E81B198C26046BB9095AB5669A7A
12-20 10:55:09.784 25723 25787 I MSDK    : [2417][A.I][20181220 +8.0 10:55:09.784][25723,25746][msdk_auth.h,GetCurrentPlatform,484]:Current platofrm:2
12-20 10:55:09.785 25723 25787 I MSDK    : [2418][A.I][20181220 +8.0 10:55:09.784][25723,25746][ChannelUtil,getPlatformId,91]:platformId is desktop_m
12-20 10:55:09.785 25723 25787 I MSDK    : [2419][A.I][20181220 +8.0 10:55:09.785][25723,25746][MSDKJniHelper,getPlatformId,350]:getPlatformId:desktop_m
12-20 10:55:09.785 25723 25787 I MSDK    : [2420][A.I][20181220 +8.0 10:55:09.785][25723,25746][MSDKJniHelper,getMSDKVersion,254]:getMSDKVersion:3.0.9a
12-20 10:55:09.787 25723 25787 I MSDK    : [2421][A.I][20181220 +8.0 10:55:09.787][25723,25746][msdk_beacon_platform_android.cpp,ReportEvent,70]:eventName:[MSDK]WGGetNoticeData
12-20 10:55:09.787 25723 25787 I MSDK    : [2422][A.I][20181220 +8.0 10:55:09.787][25723,25746][msdk_beacon_platform_android.cpp,ReportEvent,89]: eventList:{"eventList":[{"key":"scene","value":"2"},{"key":"identify","value":"1"},{"key":"loginType","value":"desktop_m_qq"},{"key":"msdkversion","value":"3.0.9a"},{"key":"gameversion","value":"1.0.959.2001001"},{"key":"openid","value":"9572E81B198C26046BB9095AB5669A7A"}]}
12-20 10:55:09.789 25723 25746 D beacon_step_api:  onUA: [MSDK]WGGetNoticeData,true,0,-1,true,false
12-20 10:55:09.793 25723 25746 D beacon  : get event sn for [[MSDK]WGGetNoticeData] : 27765a9ba441f5b0_20181220_N_12.
12-20 10:55:09.794 25723 25746 D beacon_step_buffer:  BF eN:[MSDK]WGGetNoticeData   isRT:true  isCR:false
12-20 10:55:09.795 25723 25746 I beacon  : processUA:true!
12-20 10:55:09.795 25723 25787 I MSDK    : [2423][A.I][20181220 +8.0 10:55:09.795][25723,25746][MSDKBeaconUtil,reportEvent,108]:EventName=[MSDK]WGGetNoticeData&isok=true&params=gameversion=1.0.959.2001001&identify=1&loginType=desktop_m_qq&openid=9572E81B198C26046BB9095AB5669A7A&msdkversion=3.0.9a&scene=2&
12-20 10:55:09.795 25723 25787 I MSDK    : [2424][A.I][20181220 +8.0 10:55:09.795][25723,25746][data_statistics.cpp,ReportStatEvent,42]:DataStatistics EVENT_NAME=[MSDK]WGGetNoticeData IS_OK=true LIST_SIZE=1
12-20 10:55:09.796 25723 25787 I MSDK    : [2425][A.I][20181220 +8.0 10:55:09.795][25723,25746][msdk_notice.cpp,GetNoticeData,239]:Get notice data, scene:2
12-20 10:55:09.796 25723 25787 I MSDK    : [2426][A.I][20181220 +8.0 10:55:09.796][25723,25746][msdk_notice.cpp,GetInnerNoticeData,169]:Get inner notice data, scene:2
12-20 10:55:09.796 25723 25787 I MSDK    : [2427][A.I][20181220 +8.0 10:55:09.796][25723,25746][msdk_auth.h,GetCurrentPlatform,484]:Current platofrm:2
12-20 10:55:09.796 25723 25787 I MSDK    : [2428][A.I][20181220 +8.0 10:55:09.796][25723,25746][msdk_auth.cpp,GetCurrentOpenId,1346]:Login ret cache is vaild
12-20 10:55:09.796 25723 25787 I MSDK    : [2429][A.I][20181220 +8.0 10:55:09.796][25723,25746][msdk_auth.cpp,GetCurrentOpenId,1353]:Current openid:9572E81B198C26046BB9095AB5669A7A
12-20 10:55:09.796 25723 25787 I MSDK    : [2430][A.I][20181220 +8.0 10:55:09.796][25723,25746][MSDKNoticeUtil,getNoticeData,65]:getNoticeData of appid:1106415894 openid:9572E81B198C26046BB9095AB5669A7A scene:2
12-20 10:55:09.797 25723 25746 D WeGame NoticeDBModel.getNoticeRecordBySceneAndType:  SELECT * from notice_info where app_id like '%1106415894%' AND open_id in ('','9572E81B198C26046BB9095AB5669A7A') AND msg_scene = 2 AND start_time < 1545274509 AND end_time > 1545274509 AND msg_type in (0,1,2) ORDER BY msg_order DESC, msg_id DESC LIMIT 20; 
12-20 10:55:09.798 25723 25746 D WeGame NoticeDBModel.getNoticeRecordBySceneAndType:  query result:0
12-20 10:55:09.799 25723 25787 I MSDK    : [2431][A.I][20181220 +8.0 10:55:09.798][25723,25746][MSDKNoticeUtil,getNoticeData,128]:Got notice data,count:0 data:{"list":[]}
12-20 10:55:09.799 25723 25787 I MSDK    : [2432][A.I][20181220 +8.0 10:55:09.799][25723,25746][msdk_notice.cpp,GetInnerNoticeData,233]:Got notice succeed!Notice count:0
12-20 10:55:09.799 25723 25787 I MSDK    : [2433][A.I][20181220 +8.0 10:55:09.799][25723,25746][WGPlatform.cpp,_InnerWGGetNoticeData,479]:get NoticeInfo vc size = 0
12-20 10:55:09.799 25723 25746 D WeGame  cpp: return to unity : {"_notice_list":[]}
12-20 10:55:09.799 25723 25787 I MSDK    : [2434][A.I][20181220 +8.0 10:55:09.799][25723,25746][WGPlatform.cpp,_LOG_InnerWGGetNoticeData,494]:_LOG_InnerWGGetNoticeData data : 
12-20 10:55:09.934 25723 25746 I Unity   : httpResponse code = 200
12-20 10:55:09.935 25723 25746 I Unity   : communication response header: errCode=0,st=0,ts=1545273792
12-20 10:55:09.935 25723 25746 I Unity   : [RpcProcessor] response: getRedDots
12-20 10:55:09.935 25723 25746 I cpp     : GetRedDotsHttp Success
12-20 10:55:09.937 25723 25723 I CrashReport-GameAgent: <LogInfo> - lߥ
12-20 10:55:22.764 25723 25799 D beacon  :  in AnalyticsDAO.query() start
12-20 10:55:22.764 25723 25799 D beacon  :  query: ( _type = 8 ) 
12-20 10:55:22.766 25723 25799 I beacon  : result num: 1
12-20 10:55:22.766 25723 25799 D beacon  :  in AnalyticsDAO.paserCursor() start
12-20 10:55:22.766 25723 25799 D beacon  :  in AnalyticsDAO.paserCursor() end
12-20 10:55:22.766 25723 25799 I beacon  :  total num: 1
12-20 10:55:22.767 25723 25799 D beacon  :  in AnalyticsDAO.query() end
12-20 10:55:22.767 25723 25799 D beacon  : de byte 2 obj 
12-20 10:55:22.768 25723 25799 D beacon  : en obj 2 bytes 
12-20 10:55:22.768 25723 25799 D beacon  :  insertOrUpdate alyticsBeans start!
12-20 10:55:22.785 25723 25799 D beacon  :  result id:100
12-20 10:55:22.785 25723 25799 D beacon  :  insertOrUpdate alyticsBeans end
12-20 10:55:22.785 25723 25799 D beacon_step_api:  used:6  seen:6  next:60
12-20 10:55:28.278 25723 25801 D beacon  :  get realEventCnt in Mem:1
12-20 10:55:28.280 25723 25801 D beacon_step_buffer:  dsu real events 2 up 1
12-20 10:55:28.281 25723 25801 I beacon  : real rid:0cbfc56c13db0e5c
12-20 10:55:28.282 25723 25801 D beacon  :  TUUD.GetUD start
12-20 10:55:28.282 25723 25801 D beacon  :  current size:1
12-20 10:55:28.283 25723 25801 D beacon  : map 2 str
12-20 10:55:28.283 25723 25801 D beacon  :  RealTimeRecordUploadDatas.encode2EventRecordPackage() end}
12-20 10:55:28.284 25723 25801 D beacon  : en2Req
12-20 10:55:28.284 25723 25801 D beacon  :  RequestPackage info appkey:1106415894 sdkid:beacon appVersion:1.0.959.2001001 cmd: 2
12-20 10:55:28.285 25723 25801 D beacon  : zp: 2 len: 606
12-20 10:55:28.287 25723 25801 D beacon  : enD: 474 3
12-20 10:55:28.291 25723 25801 D beacon_step_upload:  start upload cmd: 2  url:http://oth.eve.mdt.qq.com:8080/analytics/upload?rid=0cbfc56c13db0e5c&sid=638bb76ff3705c61593af31734f738a8  datas:class com.tencent.beacon.event.l$a
12-20 10:55:28.293 25723 25801 D beacon_step_upload: start req: http://oth.eve.mdt.qq.com:8080/analytics/upload?rid=0cbfc56c13db0e5c&sid=638bb76ff3705c61593af31734f738a8 sz:480
12-20 10:55:28.294 25723 25801 D beacon_step_upload: send: http://oth.eve.mdt.qq.com:8080/analytics/upload?rid=0cbfc56c13db0e5c&sid=638bb76ff3705c61593af31734f738a8 sz: 480 apn: wifi
12-20 10:55:28.294 25723 25801 I beacon  : Don't use proxy: wifi, try time: 1
12-20 10:55:28.384 25723 25801 D beacon_step_upload: execute request:
12-20 10:55:28.384 25723 25801 D beacon_step_upload:  POST /analytics/upload?rid=0cbfc56c13db0e5c&sid=638bb76ff3705c61593af31734f738a8 HTTP/1.1
12-20 10:55:28.385 25723 25801 D beacon_step_upload: response code:200 
12-20 10:55:28.386 25723 25801 D beacon_step_upload: recevied: 128
12-20 10:55:28.388 25723 25801 D beacon  : unzp: 2 len: 115
12-20 10:55:28.389 25723 25801 D beacon  :  covert to ResponsePackage 
12-20 10:55:28.389 25723 25801 D beacon  : response.cmd:0 response.result:0
12-20 10:55:28.389 25723 25801 D beacon_step_upload:  fix ip:61.49.51.150  tmgap: -717194
12-20 10:55:28.389 25723 25801 D beacon_step_upload:  response no datas 
12-20 10:55:28.389 25723 25801 D beacon_step_upload:  req:2  res:0  send:480  recv:128  result: true  msg:null
12-20 10:55:28.389 25723 25801 D beacon  :  in AnalyticsDAO.query() start
12-20 10:55:28.389 25723 25801 D beacon  :  query: ( _type = 6 )  and _time <= 0 
12-20 10:55:28.390 25723 25801 I beacon  : result num: 3
12-20 10:55:28.390 25723 25801 D beacon  :  in AnalyticsDAO.paserCursor() start
12-20 10:55:28.391 25723 25801 D beacon  :  in AnalyticsDAO.paserCursor() end
12-20 10:55:28.391 25723 25801 I beacon  :  total num: 3
12-20 10:55:28.391 25723 25801 D beacon  :  in AnalyticsDAO.query() end
12-20 10:55:28.391 25723 25801 D beacon  : de byte 2 obj 
12-20 10:55:28.392 25723 25801 D beacon  : de byte 2 obj 
12-20 10:55:28.397 25723 25801 D beacon  : en obj 2 bytes 
12-20 10:55:28.397 25723 25801 D beacon  : en obj 2 bytes 
12-20 10:55:28.397 25723 25801 D beacon  :  insertOrUpdate alyticsBeans start!
12-20 10:55:28.408 25723 25801 D beacon  :  result id:36
12-20 10:55:28.419 25723 25801 D beacon  :  result id:54
12-20 10:55:28.419 25723 25801 D beacon  :  insertOrUpdate alyticsBeans end
12-20 10:55:28.421 25723 25801 D beacon_step_buffer:  [total:[tp:0 , st:1545221029568 ,counts:93, wifi:55776 , notWifi:0 , up:43696 , dn:12080]] 
12-20 10:55:28.421 25723 25801 D beacon_step_buffer: [today:[tp:1 , st:1545235316372 ,counts:66, wifi:38160 , notWifi:0 , up:29536 , dn:8624]]
12-20 10:55:28.421 25723 25801 D beacon  :  TimeUpUploadDatas.done(), result:true
12-20 10:55:40.553 25723 25787 I MSDK    : [2435][A.I][20181220 +8.0 10:55:40.553][25723,2655][task_manager.cpp,Run,111]:TaskManager run
12-20 10:55:40.553 25723 25787 I MSDK    : [2436][A.I][20181220 +8.0 10:55:40.553][25723,2655][MSDKJniHelper,getNoticeRefreshTime,337]:getNoticeRefreshTime:600
12-20 10:56:12.879 25764 25764 V XGLogger: have writable external storage, write log file!
12-20 10:56:13.074 25764 25790 D XgStat  : [XgStat(204): ProGuard:641] - sentEventList size:2
12-20 10:56:13.085 25764 25790 E XgStat  : [XgStat(204): ProGuard:190] - [http://pingma.qq.com:80/mstat/report/?index=1545221196]Send request(eventsize:2,590bytes), content:[{"ky":"Axg2100117751","et":1000,"ui":"865736038733682","mc":"02:00:00:00:00:00","ut":1,"ch":"xgsdk","mid":"976e57ac9144456e40859284c4d5803bf30f9600","si":494663459,"cts":1545274573,"ts":1545273855,"sv":"3.0","dts":-717,"ei":"SrvAck","kv":{"type":"1","busiMsgId":"8230197","msgId":"108230197"}},{"ky":"Axg2100117751","et":1000,"ui":"865736038733682","mc":"02:00:00:00:00:00","ut":1,"ch":"xgsdk","mid":"976e57ac9144456e40859284c4d5803bf30f9600","si":494663459,"cts":1545274573,"ts":1545273855,"sv":"3.0","dts":-717,"ei":"SrvAck","kv":{"type":"1","busiMsgId":"88440066","msgId":"188440066"}}]
12-20 10:56:13.233 25764 25790 D XgStat  : [XgStat(204): ProGuard:641] - sentEventList size:2
12-20 10:56:13.252 25764 25790 E XgStat  : [XgStat(204): ProGuard:190] - [http://pingma.qq.com:80/mstat/report/?index=1545221197]Send request(eventsize:2,590bytes), content:[{"ky":"Axg2100117751","et":1000,"ui":"865736038733682","mc":"02:00:00:00:00:00","ut":1,"ch":"xgsdk","mid":"976e57ac9144456e40859284c4d5803bf30f9600","si":494663459,"cts":1545274573,"ts":1545273855,"sv":"3.0","dts":-717,"ei":"SrvAck","kv":{"type":"1","busiMsgId":"8230197","msgId":"108230197"}},{"ky":"Axg2100117751","et":1000,"ui":"865736038733682","mc":"02:00:00:00:00:00","ut":1,"ch":"xgsdk","mid":"976e57ac9144456e40859284c4d5803bf30f9600","si":494663459,"cts":1545274573,"ts":1545273855,"sv":"3.0","dts":-717,"ei":"SrvAck","kv":{"type":"1","busiMsgId":"88440066","msgId":"188440066"}}]
12-20 10:56:22.763 25723 25799 D beacon  :  in AnalyticsDAO.query() start
12-20 10:56:22.764 25723 25799 D beacon  :  query: ( _type = 8 ) 
12-20 10:56:22.765 25723 25799 I beacon  : result num: 1
12-20 10:56:22.765 25723 25799 D beacon  :  in AnalyticsDAO.paserCursor() start
12-20 10:56:22.765 25723 25799 D beacon  :  in AnalyticsDAO.paserCursor() end
12-20 10:56:22.765 25723 25799 I beacon  :  total num: 1
12-20 10:56:22.766 25723 25799 D beacon  :  in AnalyticsDAO.query() end
12-20 10:56:22.766 25723 25799 D beacon  : de byte 2 obj 
12-20 10:56:22.767 25723 25799 D beacon  : en obj 2 bytes 
12-20 10:56:22.767 25723 25799 D beacon  :  insertOrUpdate alyticsBeans start!
