12-20 10:22:40.895 25723 25787 I MSDK    : [1958][A.I][20181220 +8.0 10:22:40.895][25723,3224][SettingDBHelper,delete,29]:Delete MSDKCloudConfig.cfg.real_name_auth_switch from SettingTable is 0
12-20 10:22:40.895 25723  3224 I MSDK    : [ASSERT((null))][A.I][2018-12-20 +8.0 10:22:40.895][25723, 3224][msdk_cloud_config_tool.cpp, ClearDBData, 676] : delete key = MSDKCloudConfig.cfg.real_name_auth_switch error
12-20 10:22:40.895 25723 25787 I MSDK    : [1959][A.I][20181220 +8.0 10:22:40.895][25723,3224][msdk_localsetting_platform_android.cpp,ClearCloudSetting,77]:Clear cloud setting, key:MSDKCloudConfig.cfg.beta_switch
12-20 10:22:40.896 25723 25787 I MSDK    : [1960][A.I][20181220 +8.0 10:22:40.896][25723,3224][SettingDBHelper,delete,29]:Delete MSDKCloudConfig.cfg.beta_switch from SettingTable is 0
12-20 10:22:40.896 25723  3224 I MSDK    : [ASSERT((null))][A.I][2018-12-20 +8.0 10:22:40.896][25723, 3224][msdk_cloud_config_tool.cpp, ClearDBData, 681] : delete key = MSDKCloudConfig.cfg.beta_switch error
12-20 10:22:40.896 25723 25787 I MSDK    : [1961][A.I][20181220 +8.0 10:22:40.896][25723,3224][msdk_localsetting_platform_android.cpp,ClearCloudSetting,77]:Clear cloud setting, key:MSDKCloudConfig.cfg.wxtoken_refresh
12-20 10:22:40.896 25723  3224 I MSDK    : [ASSERT((null))][A.I][2018-12-20 +8.0 10:22:40.896][25723, 3224][msdk_cloud_config_tool.cpp, ClearDBData, 686] : delete key = MSDKCloudConfig.cfg.wxtoken_refresh error
12-20 10:22:40.896 25723 25787 I MSDK    : [1962][A.I][20181220 +8.0 10:22:40.896][25723,3224][SettingDBHelper,delete,29]:Delete MSDKCloudConfig.cfg.wxtoken_refresh from SettingTable is 0
12-20 10:22:40.896 25723 25787 I MSDK    : [1963][A.I][20181220 +8.0 10:22:40.896][25723,3224][msdk_localsetting_platform_android.cpp,ClearCloudSetting,77]:Clear cloud setting, key:MSDKCloudConfig.cfg.kill_webview_process
12-20 10:22:40.897 25723 25787 I MSDK    : [1964][A.I][20181220 +8.0 10:22:40.896][25723,3224][SettingDBHelper,delete,29]:Delete MSDKCloudConfig.cfg.kill_webview_process from SettingTable is 0
12-20 10:22:40.897 25723  3224 I MSDK    : [ASSERT((null))][A.I][2018-12-20 +8.0 10:22:40.897][25723, 3224][msdk_cloud_config_tool.cpp, ClearDBData, 691] : delete key = MSDKCloudConfig.cfg.kill_webview_process error
12-20 10:22:40.897 25723 25787 I MSDK    : [1965][A.I][20181220 +8.0 10:22:40.897][25723,3224][msdk_localsetting_platform_android.cpp,ClearCloudSetting,77]:Clear cloud setting, key:MSDKCloudConfig.cfg.event_report_switch
12-20 10:22:40.897 25723 25787 I MSDK    : [1966][A.I][20181220 +8.0 10:22:40.897][25723,3224][SettingDBHelper,delete,29]:Delete MSDKCloudConfig.cfg.event_report_switch from SettingTable is 0
12-20 10:22:40.897 25723  3224 I MSDK    : [ASSERT((null))][A.I][2018-12-20 +8.0 10:22:40.897][25723, 3224][msdk_cloud_config_tool.cpp, ClearDBData, 696] : delete key = MSDKCloudConfig.cfg.event_report_switch error
12-20 10:22:40.897 25723 25787 I MSDK    : [1967][A.I][20181220 +8.0 10:22:40.897][25723,3224][msdk_localsetting_platform_android.cpp,ClearCloudSetting,77]:Clear cloud setting, key:MSDKCloudConfig.cfg.report_ip_switch
12-20 10:22:40.897 25723 25787 I MSDK    : [1968][A.I][20181220 +8.0 10:22:40.897][25723,3224][SettingDBHelper,delete,29]:Delete MSDKCloudConfig.cfg.report_ip_switch from SettingTable is 0
12-20 10:22:40.897 25723  3224 I MSDK    : [ASSERT((null))][A.I][2018-12-20 +8.0 10:22:40.897][25723, 3224][msdk_cloud_config_tool.cpp, ClearDBData, 701] : delete key = MSDKCloudConfig.cfg.report_ip_switch error
12-20 10:22:40.898 25723 25787 I MSDK    : [1969][A.I][20181220 +8.0 10:22:40.898][25723,3224][msdk_localsetting_platform_android.cpp,ClearCloudSetting,77]:Clear cloud setting, key:MSDKCloudConfig.cfg.need_auto_test
12-20 10:22:40.898 25723 25787 I MSDK    : [1970][A.I][20181220 +8.0 10:22:40.898][25723,3224][SettingDBHelper,delete,29]:Delete MSDKCloudConfig.cfg.need_auto_test from SettingTable is 0
12-20 10:22:40.898 25723  3224 I MSDK    : [ASSERT((null))][A.I][2018-12-20 +8.0 10:22:40.898][25723, 3224][msdk_cloud_config_tool.cpp, ClearDBData, 707] : delete key = MSDKCloudConfig.cfg.need_auto_test error
12-20 10:22:40.898 25723 25787 I MSDK    : [1971][A.I][20181220 +8.0 10:22:40.898][25723,3224][msdk_localsetting_platform_android.cpp,ClearCloudSetting,77]:Clear cloud setting, key:MSDKCloudConfig.cfg.auto_test_apkurl
12-20 10:22:40.898 25723 25787 I MSDK    : [1972][A.I][20181220 +8.0 10:22:40.898][25723,3224][SettingDBHelper,delete,29]:Delete MSDKCloudConfig.cfg.auto_test_apkurl from SettingTable is 0
12-20 10:22:40.898 25723  3224 I MSDK    : [ASSERT((null))][A.I][2018-12-20 +8.0 10:22:40.898][25723, 3224][msdk_cloud_config_tool.cpp, ClearDBData, 712] : delete key = MSDKCloudConfig.cfg.auto_test_apkurl error
12-20 10:22:40.898 25723 25787 I MSDK    : [1973][A.I][20181220 +8.0 10:22:40.898][25723,3224][msdk_localsetting_platform_android.cpp,ClearCloudSetting,77]:Clear cloud setting, key:MSDKCloudConfig.cfg.cpp_msdk_version
12-20 10:22:40.899 25723 25787 I MSDK    : [1974][A.I][20181220 +8.0 10:22:40.899][25723,3224][SettingDBHelper,delete,29]:Delete MSDKCloudConfig.cfg.cpp_msdk_version from SettingTable is 0
12-20 10:22:40.899 25723  3224 I MSDK    : [ASSERT((null))][A.I][2018-12-20 +8.0 10:22:40.899][25723, 3224][msdk_cloud_config_tool.cpp, ClearDBData, 718] : delete key = MSDKCloudConfig.cfg.cpp_msdk_version error
12-20 10:22:40.899 25723 25787 I MSDK    : [1975][A.I][20181220 +8.0 10:22:40.899][25723,3224][msdk_localsetting_platform_android.cpp,ClearCloudSetting,77]:Clear cloud setting, key:MSDKCloudConfig.cfg.webview_close_x5
12-20 10:22:40.899 25723  3224 I MSDK    : [ASSERT((null))][A.I][2018-12-20 +8.0 10:22:40.899][25723, 3224][msdk_cloud_config_tool.cpp, ClearDBData, 723] : delete key = MSDKCloudConfig.cfg.webview_close_x5 error
12-20 10:22:40.899 25723 25787 I MSDK    : [1976][A.I][20181220 +8.0 10:22:40.899][25723,3224][SettingDBHelper,delete,29]:Delete MSDKCloudConfig.cfg.webview_close_x5 from SettingTable is 0
12-20 10:22:40.900 25723 25787 I MSDK    : [1977][A.I][20181220 +8.0 10:22:40.899][25723,3224][msdk_jni_helper.cpp,detach_current_thread_,27]:MSDKJNI env DetachCurrentThread
12-20 10:23:21.149  2735  7646 I ActiveController: loadActiveListByType type: 2, name: com.tencent.TsumTsumAndroid, uid: 10081, pid: 25723, status: 10
12-20 10:23:22.764 25723 25800 D beacon  :  in AnalyticsDAO.query() start
12-20 10:23:22.765 25723 25800 D beacon  :  query: ( _type = 8 ) 
12-20 10:23:22.766 25723 25800 I beacon  : result num: 1
12-20 10:23:22.766 25723 25800 D beacon  :  in AnalyticsDAO.paserCursor() start
12-20 10:23:22.766 25723 25800 D beacon  :  in AnalyticsDAO.paserCursor() end
12-20 10:23:22.766 25723 25800 I beacon  :  total num: 1
12-20 10:23:22.767 25723 25800 D beacon  :  in AnalyticsDAO.query() end
12-20 10:23:22.767 25723 25800 D beacon  : de byte 2 obj 
12-20 10:23:22.768 25723 25800 D beacon  : en obj 2 bytes 
12-20 10:23:22.769 25723 25800 D beacon  :  insertOrUpdate alyticsBeans start!
12-20 10:23:22.786 25723 25800 D beacon  :  result id:97
12-20 10:23:22.786 25723 25800 D beacon  :  insertOrUpdate alyticsBeans end
12-20 10:23:22.786 25723 25800 D beacon_step_api:  used:4  seen:4  next:60
12-20 10:23:57.003 25764 25790 D XgStat  : [XgStat(204): ProGuard:641] - sentEventList size:2
12-20 10:23:57.017 25764 25790 E XgStat  : [XgStat(204): ProGuard:190] - [http://pingma.qq.com:80/mstat/report/?index=1545221180]Send request(eventsize:2,590bytes), content:[{"ky":"Axg2100117751","et":1000,"ui":"865736038733682","mc":"02:00:00:00:00:00","ut":1,"ch":"xgsdk","mid":"976e57ac9144456e40859284c4d5803bf30f9600","si":494663459,"cts":1545272637,"ts":1545271919,"sv":"3.0","dts":-717,"ei":"SrvAck","kv":{"type":"1","busiMsgId":"8230197","msgId":"108230197"}},{"ky":"Axg2100117751","et":1000,"ui":"865736038733682","mc":"02:00:00:00:00:00","ut":1,"ch":"xgsdk","mid":"976e57ac9144456e40859284c4d5803bf30f9600","si":494663459,"cts":1545272637,"ts":1545271919,"sv":"3.0","dts":-717,"ei":"SrvAck","kv":{"type":"1","busiMsgId":"88440066","msgId":"188440066"}}]
12-20 10:23:57.018 25764 25839 V XGLogger: have writable external storage, write log file!
12-20 10:23:57.259 25764 25790 D XgStat  : [XgStat(204): ProGuard:641] - sentEventList size:2
12-20 10:23:57.283 25764 25790 E XgStat  : [XgStat(204): ProGuard:190] - [http://pingma.qq.com:80/mstat/report/?index=1545221181]Send request(eventsize:2,590bytes), content:[{"ky":"Axg2100117751","et":1000,"ui":"865736038733682","mc":"02:00:00:00:00:00","ut":1,"ch":"xgsdk","mid":"976e57ac9144456e40859284c4d5803bf30f9600","si":494663459,"cts":1545272637,"ts":1545271919,"sv":"3.0","dts":-717,"ei":"SrvAck","kv":{"type":"1","busiMsgId":"8230197","msgId":"108230197"}},{"ky":"Axg2100117751","et":1000,"ui":"865736038733682","mc":"02:00:00:00:00:00","ut":1,"ch":"xgsdk","mid":"976e57ac9144456e40859284c4d5803bf30f9600","si":494663459,"cts":1545272637,"ts":1545271919,"sv":"3.0","dts":-717,"ei":"SrvAck","kv":{"type":"1","busiMsgId":"88440066","msgId":"188440066"}}]
12-20 10:24:22.764 25723 25800 D beacon  :  in AnalyticsDAO.query() start
12-20 10:24:22.765 25723 25800 D beacon  :  query: ( _type = 8 ) 
12-20 10:24:22.766 25723 25800 I beacon  : result num: 1
12-20 10:24:22.766 25723 25800 D beacon  :  in AnalyticsDAO.paserCursor() start
12-20 10:24:22.766 25723 25800 D beacon  :  in AnalyticsDAO.paserCursor() end
12-20 10:24:22.766 25723 25800 I beacon  :  total num: 1
12-20 10:24:22.767 25723 25800 D beacon  :  in AnalyticsDAO.query() end
12-20 10:24:22.767 25723 25800 D beacon  : de byte 2 obj 
12-20 10:24:22.768 25723 25800 D beacon  : en obj 2 bytes 
12-20 10:24:22.770 25723 25800 D beacon  :  insertOrUpdate alyticsBeans start!
12-20 10:24:22.787 25723 25800 D beacon  :  result id:97
12-20 10:24:22.788 25723 25800 D beacon  :  insertOrUpdate alyticsBeans end
12-20 10:24:22.788 25723 25800 D beacon_step_api:  used:5  seen:5  next:60
12-20 10:24:35.634  2735  4100 I ActiveController: loadActiveListByType type: 2, name: com.tencent.TsumTsumAndroid, uid: 10081, pid: 25723, status: 10
12-20 10:25:09.665 25723 25787 I MSDK    : [1978][A.I][20181220 +8.0 10:25:09.665][25723,25746][msdk_beacon.cpp,ReportEvent,117]:eventName:[MSDK]WGGetNoticeData eventList count:1 isRealName:true
12-20 10:25:09.665 25723 25787 I MSDK    : [1979][A.I][20181220 +8.0 10:25:09.665][25723,25746][msdk_auth.cpp,GetCurrentOpenId,1346]:Login ret cache is vaild
12-20 10:25:09.665 25723 25787 I MSDK    : [1980][A.I][20181220 +8.0 10:25:09.665][25723,25746][msdk_auth.cpp,GetCurrentOpenId,1353]:Current openid:9572E81B198C26046BB9095AB5669A7A
12-20 10:25:09.665 25723 25787 I MSDK    : [1981][A.I][20181220 +8.0 10:25:09.665][25723,25746][msdk_auth.h,GetCurrentPlatform,484]:Current platofrm:2
12-20 10:25:09.666 25723 25787 I MSDK    : [1982][A.I][20181220 +8.0 10:25:09.666][25723,25746][ChannelUtil,getPlatformId,91]:platformId is desktop_m
12-20 10:25:09.666 25723 25787 I MSDK    : [1983][A.I][20181220 +8.0 10:25:09.666][25723,25746][MSDKJniHelper,getPlatformId,350]:getPlatformId:desktop_m
12-20 10:25:09.666 25723 25787 I MSDK    : [1984][A.I][20181220 +8.0 10:25:09.666][25723,25746][MSDKJniHelper,getMSDKVersion,254]:getMSDKVersion:3.0.9a
12-20 10:25:09.669 25723 25787 I MSDK    : [1985][A.I][20181220 +8.0 10:25:09.668][25723,25746][msdk_beacon_platform_android.cpp,ReportEvent,70]:eventName:[MSDK]WGGetNoticeData
12-20 10:25:09.675 25723 25787 I MSDK    : [1986][A.I][20181220 +8.0 10:25:09.669][25723,25746][msdk_beacon_platform_android.cpp,ReportEvent,89]: eventList:{"eventList":[{"key":"scene","value":"2"},{"key":"identify","value":"1"},{"key":"loginType","value":"desktop_m_qq"},{"key":"msdkversion","value":"3.0.9a"},{"key":"gameversion","value":"1.0.959.2001001"},{"key":"openid","value":"9572E81B198C26046BB9095AB5669A7A"}]}
12-20 10:25:09.676 25723 25746 D beacon_step_api:  onUA: [MSDK]WGGetNoticeData,true,0,-1,true,false
12-20 10:25:09.682 25723 25746 D beacon  : get event sn for [[MSDK]WGGetNoticeData] : 27765a9ba441f5b0_20181220_N_6.
12-20 10:25:09.682 25723 25746 D beacon_step_buffer:  BF eN:[MSDK]WGGetNoticeData   isRT:true  isCR:false
12-20 10:25:09.683 25723 25746 I beacon  : processUA:true!
12-20 10:25:09.683 25723 25787 I MSDK    : [1987][A.I][20181220 +8.0 10:25:09.683][25723,25746][MSDKBeaconUtil,reportEvent,108]:EventName=[MSDK]WGGetNoticeData&isok=true&params=gameversion=1.0.959.2001001&identify=1&loginType=desktop_m_qq&openid=9572E81B198C26046BB9095AB5669A7A&msdkversion=3.0.9a&scene=2&
12-20 10:25:09.684 25723 25787 I MSDK    : [1988][A.I][20181220 +8.0 10:25:09.683][25723,25746][data_statistics.cpp,ReportStatEvent,42]:DataStatistics EVENT_NAME=[MSDK]WGGetNoticeData IS_OK=true LIST_SIZE=1
12-20 10:25:09.684 25723 25787 I MSDK    : [1989][A.I][20181220 +8.0 10:25:09.684][25723,25746][msdk_notice.cpp,GetNoticeData,239]:Get notice data, scene:2
12-20 10:25:09.684 25723 25787 I MSDK    : [1990][A.I][20181220 +8.0 10:25:09.684][25723,25746][msdk_notice.cpp,GetInnerNoticeData,169]:Get inner notice data, scene:2
12-20 10:25:09.684 25723 25787 I MSDK    : [1991][A.I][20181220 +8.0 10:25:09.684][25723,25746][msdk_auth.h,GetCurrentPlatform,484]:Current platofrm:2
12-20 10:25:09.684 25723 25787 I MSDK    : [1992][A.I][20181220 +8.0 10:25:09.684][25723,25746][msdk_auth.cpp,GetCurrentOpenId,1346]:Login ret cache is vaild
12-20 10:25:09.684 25723 25787 I MSDK    : [1993][A.I][20181220 +8.0 10:25:09.684][25723,25746][msdk_auth.cpp,GetCurrentOpenId,1353]:Current openid:9572E81B198C26046BB9095AB5669A7A
12-20 10:25:09.685 25723 25787 I MSDK    : [1994][A.I][20181220 +8.0 10:25:09.685][25723,25746][MSDKNoticeUtil,getNoticeData,65]:getNoticeData of appid:1106415894 openid:9572E81B198C26046BB9095AB5669A7A scene:2
12-20 10:25:09.685 25723 25746 D WeGame NoticeDBModel.getNoticeRecordBySceneAndType:  SELECT * from notice_info where app_id like '%1106415894%' AND open_id in ('','9572E81B198C26046BB9095AB5669A7A') AND msg_scene = 2 AND start_time < 1545272709 AND end_time > 1545272709 AND msg_type in (0,1,2) ORDER BY msg_order DESC, msg_id DESC LIMIT 20; 
12-20 10:25:09.687 25723 25746 D WeGame NoticeDBModel.getNoticeRecordBySceneAndType:  query result:0
12-20 10:25:09.688 25723 25787 I MSDK    : [1995][A.I][20181220 +8.0 10:25:09.688][25723,25746][MSDKNoticeUtil,getNoticeData,128]:Got notice data,count:0 data:{"list":[]}
12-20 10:25:09.688 25723 25787 I MSDK    : [1996][A.I][20181220 +8.0 10:25:09.688][25723,25746][msdk_notice.cpp,GetInnerNoticeData,233]:Got notice succeed!Notice count:0
12-20 10:25:09.688 25723 25787 I MSDK    : [1997][A.I][20181220 +8.0 10:25:09.688][25723,25746][WGPlatform.cpp,_InnerWGGetNoticeData,479]:get NoticeInfo vc size = 0
12-20 10:25:09.689 25723 25787 I MSDK    : [1998][A.I][20181220 +8.0 10:25:09.688][25723,25746][WGPlatform.cpp,_LOG_InnerWGGetNoticeData,494]:_LOG_InnerWGGetNoticeData data : 
12-20 10:25:09.689 25723 25746 D WeGame  cpp: return to unity : {"_notice_list":[]}
12-20 10:25:09.851 25723 25746 I Unity   : httpResponse code = 200
12-20 10:25:09.851 25723 25746 I Unity   : communication response header: errCode=0,st=0,ts=1545271992
12-20 10:25:09.852 25723 25746 I Unity   : [RpcProcessor] response: getRedDots
12-20 10:25:09.852 25723 25746 I cpp     : GetRedDotsHttp Success
12-20 10:25:22.764 25723 25799 D beacon  :  in AnalyticsDAO.query() start
12-20 10:25:22.764 25723 25799 D beacon  :  query: ( _type = 8 ) 
12-20 10:25:22.766 25723 25799 I beacon  : result num: 1
12-20 10:25:22.766 25723 25799 D beacon  :  in AnalyticsDAO.paserCursor() start
12-20 10:25:22.766 25723 25799 D beacon  :  in AnalyticsDAO.paserCursor() end
12-20 10:25:22.766 25723 25799 I beacon  :  total num: 1
12-20 10:25:22.767 25723 25799 D beacon  :  in AnalyticsDAO.query() end
12-20 10:25:22.767 25723 25799 D beacon  : de byte 2 obj 
12-20 10:25:22.769 25723 25799 D beacon  : en obj 2 bytes 
12-20 10:25:22.770 25723 25799 D beacon  :  insertOrUpdate alyticsBeans start!
12-20 10:25:22.785 25723 25799 D beacon  :  result id:97
12-20 10:25:22.785 25723 25799 D beacon  :  insertOrUpdate alyticsBeans end
12-20 10:25:22.785 25723 25799 D beacon_step_api:  used:6  seen:6  next:60
12-20 10:25:28.278 25723 25800 D beacon  :  get realEventCnt in Mem:1
12-20 10:25:28.281 25723 25800 D beacon_step_buffer:  dsu real events 2 up 1
12-20 10:25:28.282 25723 25800 I beacon  : real rid:59c4128fde03c076
12-20 10:25:28.286 25723 25800 D beacon  :  TUUD.GetUD start
12-20 10:25:28.286 25723 25800 D beacon  :  current size:1
12-20 10:25:28.286 25723 25800 D beacon  : map 2 str
12-20 10:25:28.287 25723 25800 D beacon  :  RealTimeRecordUploadDatas.encode2EventRecordPackage() end}
12-20 10:25:28.289 25723 25800 D beacon  : en2Req
12-20 10:25:28.289 25723 25800 D beacon  :  RequestPackage info appkey:1106415894 sdkid:beacon appVersion:1.0.959.2001001 cmd: 2
12-20 10:25:28.290 25723 25800 D beacon  : zp: 2 len: 605
12-20 10:25:28.292 25723 25800 D beacon  : enD: 472 3
12-20 10:25:28.296 25723 25800 D beacon_step_upload:  start upload cmd: 2  url:http://oth.eve.mdt.qq.com:8080/analytics/upload?rid=59c4128fde03c076&sid=638bb76ff3705c61593af31734f738a8  datas:class com.tencent.beacon.event.l$a
12-20 10:25:28.298 25723 25800 D beacon_step_upload: start req: http://oth.eve.mdt.qq.com:8080/analytics/upload?rid=59c4128fde03c076&sid=638bb76ff3705c61593af31734f738a8 sz:480
12-20 10:25:28.300 25723 25800 D beacon_step_upload: send: http://oth.eve.mdt.qq.com:8080/analytics/upload?rid=59c4128fde03c076&sid=638bb76ff3705c61593af31734f738a8 sz: 480 apn: wifi
12-20 10:25:28.300 25723 25800 I beacon  : Don't use proxy: wifi, try time: 1
12-20 10:25:28.424 25723 25800 D beacon_step_upload: execute request:
12-20 10:25:28.424 25723 25800 D beacon_step_upload:  POST /analytics/upload?rid=59c4128fde03c076&sid=638bb76ff3705c61593af31734f738a8 HTTP/1.1
12-20 10:25:28.425 25723 25800 D beacon_step_upload: response code:200 
12-20 10:25:28.426 25723 25800 D beacon_step_upload: recevied: 128
12-20 10:25:28.428 25723 25800 D beacon  : unzp: 2 len: 115
12-20 10:25:28.430 25723 25800 D beacon  :  covert to ResponsePackage 
12-20 10:25:28.430 25723 25800 D beacon  : response.cmd:0 response.result:0
12-20 10:25:28.430 25723 25800 D beacon_step_upload:  fix ip:61.49.51.150  tmgap: -717211
12-20 10:25:28.430 25723 25800 D beacon_step_upload:  response no datas 
12-20 10:25:28.431 25723 25800 D beacon_step_upload:  req:2  res:0  send:480  recv:128  result: true  msg:null
12-20 10:25:28.431 25723 25800 D beacon  :  in AnalyticsDAO.query() start
12-20 10:25:28.431 25723 25800 D beacon  :  query: ( _type = 6 )  and _time <= 0 
12-20 10:25:28.432 25723 25800 I beacon  : result num: 3
12-20 10:25:28.432 25723 25800 D beacon  :  in AnalyticsDAO.paserCursor() start
12-20 10:25:28.432 25723 25800 D beacon  :  in AnalyticsDAO.paserCursor() end
12-20 10:25:28.432 25723 25800 I beacon  :  total num: 3
12-20 10:25:28.432 25723 25800 D beacon  :  in AnalyticsDAO.query() end
12-20 10:25:28.432 25723 25800 D beacon  : de byte 2 obj 
12-20 10:25:28.434 25723 25800 D beacon  : de byte 2 obj 
12-20 10:25:28.440 25723 25800 D beacon  : en obj 2 bytes 
12-20 10:25:28.441 25723 25800 D beacon  : en obj 2 bytes 
12-20 10:25:28.441 25723 25800 D beacon  :  insertOrUpdate alyticsBeans start!
12-20 10:25:28.452 25723 25800 D beacon  :  result id:36
12-20 10:25:28.460 25723 25800 D beacon  :  result id:54
12-20 10:25:28.460 25723 25800 D beacon  :  insertOrUpdate alyticsBeans end
12-20 10:25:28.464 25723 25800 D beacon_step_buffer:  [total:[tp:0 , st:1545221029568 ,counts:84, wifi:50256 , notWifi:0 , up:39328 , dn:10928]] 
12-20 10:25:28.464 25723 25800 D beacon_step_buffer: [today:[tp:1 , st:1545235316372 ,counts:57, wifi:32640 , notWifi:0 , up:25168 , dn:7472]]
12-20 10:25:28.464 25723 25800 D beacon  :  TimeUpUploadDatas.done(), result:true
12-20 10:25:40.550 25723 25787 I MSDK    : [1999][A.I][20181220 +8.0 10:25:40.549][25723,2655][task_manager.cpp,Run,111]:TaskManager run
12-20 10:25:40.550 25723 25787 I MSDK    : [2000][A.I][20181220 +8.0 10:25:40.550][25723,2655][MSDKJniHelper,getNoticeRefreshTime,337]:getNoticeRefreshTime:600
12-20 10:25:40.550 25723 25787 I MSDK    : [2001][A.I][20181220 +8.0 10:25:40.550][25723,2655][msdk_notice.h,RunTask,52]:Start run request notice data task
12-20 10:25:40.550 25723 25787 I MSDK    : [2002][A.I][20181220 +8.0 10:25:40.550][25723,2655][msdk_notice.cpp,RequestNoticeData,89]:Start request notice data
12-20 10:25:40.551 25723 25787 I MSDK    : [2003][A.I][20181220 +8.0 10:25:40.550][25723,2655][msdk_auth.h,GetCurrentPlatform,484]:Current platofrm:2
12-20 10:25:40.551 25723 25787 I MSDK    : [2004][A.I][20181220 +8.0 10:25:40.550][25723,2655][msdk_auth.cpp,GetCurrentOpenId,1346]:Login ret cache is vaild
12-20 10:25:40.551 25723 25787 I MSDK    : [2005][A.I][20181220 +8.0 10:25:40.550][25723,2655][msdk_auth.cpp,GetCurrentOpenId,1353]:Current openid:9572E81B198C26046BB9095AB5669A7A
12-20 10:25:40.551 25723 25787 I MSDK    : [2006][A.I][20181220 +8.0 10:25:40.550][25723,2655][msdk_notice.cpp,RequestNoticeData,97]:Start to send notice request, platform:2 openid:9572E81B198C26046BB9095AB5669A7A
12-20 10:25:40.551 25723 25787 I MSDK    : [2007][A.I][20181220 +8.0 10:25:40.551][25723,2655][MSDKJniHelper,getMSDKVersion,254]:getMSDKVersion:3.0.9a
12-20 10:25:40.552 25723 25787 I MSDK    : [2008][A.I][20181220 +8.0 10:25:40.552][25723,2655][msdk_http_tool.cpp,GetMSDKUrl,125]:GetMSDKUrl: https://ssl.msdk.qq.com/notice/gather_data/?timestamp=1545272740&appid=1106415894&sig=934ac42d3ca220f60368fa05f8324fcb&version=3.0.9a&encode=2&algorithm=v1&refversion=3.0.9a&opua=AndroidSDK_26_chiron_8.0.0
12-20 10:25:40.552 25723 25787 I MSDK    : [2009][A.I][20181220 +8.0 10:25:40.552][25723,2655][MSDKJniHelper,getMatId,183]:getMatId:865736038733682
12-20 10:25:40.552 25723 25787 I MSDK    : [2010][A.I][20181220 +8.0 10:25:40.552][25723,2655][MSDKJniHelper,getOSVersion,155]:getOSVersion:8.0.0
12-20 10:25:40.552 25723 25787 I MSDK    : [2011][A.I][20181220 +8.0 10:25:40.552][25723,2655][MSDKJniHelper,getDeviceModel,110]:DeviceModel:MIX 2
12-20 10:25:40.553 25723 25787 I MSDK    : [2012][A.I][20181220 +8.0 10:25:40.553][25723,2655][MSDKJniHelper,getResolution,168]:getResolution:1080*2030
12-20 10:25:40.557 25723  2655 D WeGame DeviceInfo.getApn:  typeName:WIFI
12-20 10:25:40.557 25723 25787 I MSDK    : [2013][A.I][20181220 +8.0 10:25:40.557][25723,2655][MSDKJniHelper,getAPN,201]:getAPN:wifi
12-20 10:25:40.558 25723 25787 I MSDK    : [2014][A.I][20181220 +8.0 10:25:40.558][25723,2655][MSDKJniHelper,getMSDKVersion,254]:getMSDKVersion:3.0.9a
12-20 10:25:40.562 25723 25787 I MSDK    : [2015][A.I][20181220 +8.0 10:25:40.562][25723,2655][MSDKNoticeUtil,getNoticeLastUpdateTime,26]:updateTime:0
12-20 10:25:40.562 25723 25787 I MSDK    : [2016][A.I][20181220 +8.0 10:25:40.562][25723,2655][msdk_notice_network.cpp,GetNoticePostData,60]:GetNoticePostData:{"appid":"1106415894","openid":"9572E81B198C26046BB9095AB5669A7A","matid":"865736038733682","os":1,"osVersion":"8.0.0","tradeMark":"MIX 2","screenDpi":2.75,"screenDir":1,"resolution":"1080*2030","apn":"wifi","noticeVersion":190,"msdkVersion":"3.0.9a","protocolVer":"1.1","lastTime":"0"}
12-20 10:25:40.562 25723 25787 I MSDK    : [2017][A.I][20181220 +8.0 10:25:40.562][25723,2655][HttpClientMgr.cpp,GenerateRequestID,118]:httpclientmgr generate new requestid :10015
12-20 10:25:40.563 25723 25787 I MSDK    : [2018][A.I][20181220 +8.0 10:25:40.563][25723,2655][HttpClientMgr.cpp,RequestHttp,160]:request http:https://ssl.msdk.qq.com/notice/gather_data/?timestamp=1545272740&appid=1106415894&sig=934ac42d3ca220f60368fa05f8324fcb&version=3.0.9a&encode=2&algorithm=v1&refversion=3.0.9a&opua=AndroidSDK_26_chiron_8.0.0 opt:3 ud:0x2710 with seq:10015, reqtime:1545272740
12-20 10:25:40.563 25723 25787 I MSDK    : [2019][A.I][20181220 +8.0 10:25:40.563][25723,2655][HttpClientMgr.cpp,RequestHttp,164]:client manager:0xd0ccb880 request que size:1
12-20 10:25:40.563 25723 25787 I MSDK    : [2020][A.I][20181220 +8.0 10:25:40.563][25723,2655][HttpClientMgr.cpp,GetHttpClient,321]:get an idle http client:0xd0cc7900
12-20 10:25:40.563 25723 25787 I MSDK    : [2021][A.I][20181220 +8.0 10:25:40.563][25723,2655][HttpClientMgr.cpp,run_http_request,182]:run_http_request Get idle_client:0xd0cc7900
12-20 10:25:40.563 25723 25787 I MSDK    : [2022][A.I][20181220 +8.0 10:25:40.563][25723,2655][HttpClientMgr.cpp,run_http_request,226]:issue http request client:0xd0cc7900, url:https://ssl.msdk.qq.com/notice/gather_data/?timestamp=1545272740&appid=1106415894&sig=934ac42d3ca220f60368fa05f8324fcb&version=3.0.9a&encode=2&algorithm=v1&refversion=3.0.9a&opua=AndroidSDK_26_chiron_8.0.0, opt:3, seq:10015
12-20 10:25:40.563 25723 25787 I MSDK    : [2023][A.I][20181220 +8.0 10:25:40.563][25723,2655][MSDKHttpClient.cpp,ResetData,570]:http client: 0xd0cc7900 reset data
12-20 10:25:40.563 25723 25787 I MSDK    : [2024][A.I][20181220 +8.0 10:25:40.563][25723,2655][MSDKHttpClient.cpp,CreateRequestThread,260]:httpclient Create Request Thread start
12-20 10:25:40.564 25723 25787 I MSDK    : [2025][A.I][20181220 +8.0 10:25:40.564][25723,2655][MSDKHttpClient.cpp,CreateRequestThread,265]:httpclient Create Request Thread, ret:0
12-20 10:25:40.564 25723 25787 I MSDK    : [2026][A.I][20181220 +8.0 10:25:40.564][25723,3297][MSDKHttpClient.cpp,CreateRequestThreadCallBack,277]:httpclient Create Request Thread callback httpClient:0xd0cc7900
12-20 10:25:40.564 25723 25787 I MSDK    : [2027][A.I][20181220 +8.0 10:25:40.564][25723,3297][MSDKHttpClient.cpp,PostSendContent,434]:httpclient post start curl, seq:10015
12-20 10:25:40.829 25723 25787 I MSDK    : [2028][A.I][20181220 +8.0 10:25:40.829][25723,3297][MSDKHttpClient.cpp,PostSendContent,506]:httpclient:0xd0cc7900 post seq:10015 curl_easy_perform and retCode:0 with left_timeout:15
12-20 10:25:40.830 25723 25787 I MSDK    : [2029][A.I][20181220 +8.0 10:25:40.830][25723,3297][MSDKHttpClient.cpp,PostSendContent,515]:http client statistic starttime:1545272740, reqissuetiem:0, reqrequestime:0
12-20 10:25:40.830 25723 25787 I MSDK    : [2030][A.I][20181220 +8.0 10:25:40.830][25723,3297][MSDKHttpClient.cpp,PostSendContent,521]:POST method get http response code result:0, code:200
12-20 10:25:40.838 25723 25787 I MSDK    : [2031][A.I][20181220 +8.0 10:25:40.838][25723,3297][HttpClientMgr.cpp,OnHttpClientCallBack,265]:HttpClientMgr::httpCallBack client:0xd0cc7900, result:0
12-20 10:25:40.839 25723 25787 I MSDK    : [2032][A.I][20181220 +8.0 10:25:40.839][25723,3297][HttpClientMgr.cpp,OnHttpClientCallBack,292]:httpCallBack MsdkNetworkListener:0xe6bedcf8, userdata_to_app:0x2710, seq:10015, response_body length:152
12-20 10:25:40.839 25723 25787 I MSDK    : [2033][A.I][20181220 +8.0 10:25:40.839][25723,3297][HttpClientMgr.cpp,RetrieveHttpClient,330]:retrieve a http client 0xd0cc7900
12-20 10:25:40.839 25723 25787 I MSDK    : [2034][A.I][20181220 +8.0 10:25:40.839][25723,3297][MSDKHttpClient.cpp,ResetData,570]:http client: 0xd0cc7900 reset data
12-20 10:25:40.839 25723 25787 I MSDK    : [2035][A.I][20181220 +8.0 10:25:40.839][25723,3297][HttpClientMgr.cpp,GetHttpClient,321]:get an idle http client:0xe1a7c9a0
12-20 10:25:40.839 25723 25787 I MSDK    : [2036][A.I][20181220 +8.0 10:25:40.839][25723,3297][HttpClientMgr.cpp,run_http_request,182]:run_http_request Get idle_client:0xe1a7c9a0
12-20 10:25:40.839 25723 25787 I MSDK    : [2037][A.I][20181220 +8.0 10:25:40.839][25723,3297][HttpClientMgr.cpp,run_http_request,209]:have no avilable http request
12-20 10:25:40.840 25723 25787 I MSDK    : [2038][A.I][20181220 +8.0 10:25:40.840][25723,3297][MSDKHttpClient.cpp,ResetData,570]:http client: 0xe1a7c9a0 reset data
12-20 10:25:40.840 25723 25787 I MSDK    : [2039][A.I][20181220 +8.0 10:25:40.840][25723,3297][msdk_notice.cpp,Response,38]:Notice http response, request id 10015, result 0, size 152, cmd 10000
12-20 10:25:40.840 25723 25787 I MSDK    : [2040][A.I][20181220 +8.0 10:25:40.840][25723,3297][msdk_base_network.cpp,ParseResponseData,36]:ParseResponseData decrpt:{"adInfoList":[],"adPosList":[],"appid":"1106415894","invalidMsgid":[],"list":[],"msg":"success","ret":0,"rptType":0,"sendTime":"1545272023"}
12-20 10:25:40.840 25723 25787 I MSDK    : 
12-20 10:25:40.840 25723 25787 I MSDK    : [2041][A.I][20181220 +8.0 10:25:40.840][25723,3297][msdk_base_network.cpp,ParseResponseData,49]:ret:0 message:success
12-20 10:25:40.840 25723 25787 I MSDK    : [2042][A.I][20181220 +8.0 10:25:40.840][25723,3297][msdk_notice.cpp,DeleteExpireNoticeData,123]:Delete expire notice
12-20 10:25:40.840 25723 25787 I MSDK    : [2043][A.I][20181220 +8.0 10:25:40.840][25723,3297][msdk_jni_helper.cpp,getenv_,40]:MSDKJNI Use pthread_key_t for new thread
12-20 10:25:40.842 25723 25787 I MSDK    : [2044][A.I][20181220 +8.0 10:25:40.842][25723,3297][MSDKNoticeUtil,getNoticeData,65]:getNoticeData of appid: openid: scene:
12-20 10:25:40.842 25723  3297 D WeGame NoticeDBModel.getAllNoticeRecord:  SELECT * from notice_info ORDER BY msg_order DESC, msg_id DESC; 
12-20 10:25:40.843 25723  3297 D WeGame NoticeDBModel.getAllNoticeRecord:  query result:0
12-20 10:25:40.844 25723 25787 I MSDK    : [2045][A.I][20181220 +8.0 10:25:40.844][25723,3297][MSDKNoticeUtil,getNoticeData,128]:Got notice data,count:0 data:{"list":[]}
12-20 10:25:40.844 25723 25787 I MSDK    : [2046][A.I][20181220 +8.0 10:25:40.844][25723,3297][msdk_notice.cpp,SaveNoticeData,163]:Save notice data, count:0
12-20 10:25:40.844 25723 25787 I MSDK    : [2047][A.I][20181220 +8.0 10:25:40.844][25723,3297][msdk_jni_helper.cpp,detach_current_thread_,27]:MSDKJNI env DetachCurrentThread
12-20 10:26:06.483  2735  4100 I ActiveController: loadActiveListByType type: 2, name: com.tencent.TsumTsumAndroid, uid: 10081, pid: 25723, status: 10
12-20 10:26:22.765 25723 25800 D beacon  :  in AnalyticsDAO.query() start
12-20 10:26:22.766 25723 25800 D beacon  :  query: ( _type = 8 ) 
12-20 10:26:22.767 25723 25800 I beacon  : result num: 1
12-20 10:26:22.767 25723 25800 D beacon  :  in AnalyticsDAO.paserCursor() start
12-20 10:26:22.768 25723 25800 D beacon  :  in AnalyticsDAO.paserCursor() end
12-20 10:26:22.768 25723 25800 I beacon  :  total num: 1
12-20 10:26:22.768 25723 25800 D beacon  :  in AnalyticsDAO.query() end
12-20 10:26:22.768 25723 25800 D beacon  : de byte 2 obj 
12-20 10:26:22.769 25723 25800 D beacon  : en obj 2 bytes 
12-20 10:26:22.769 25723 25800 D beacon  :  insertOrUpdate alyticsBeans start!
12-20 10:26:22.822 25723 25800 D beacon  :  result id:97
12-20 10:26:22.822 25723 25800 D beacon  :  insertOrUpdate alyticsBeans end
12-20 10:26:22.822 25723 25800 D beacon_step_api:  used:7  seen:7  next:60
12-20 10:26:57.425 25764 25790 D XgStat  : [XgStat(204): ProGuard:641] - sentEventList size:2
12-20 10:26:57.444 25764 25790 E XgStat  : [XgStat(204): ProGuard:190] - [http://pingma.qq.com:80/mstat/report/?index=1545221182]Send request(eventsize:2,590bytes), content:[{"ky":"Axg2100117751","et":1000,"ui":"865736038733682","mc":"02:00:00:00:00:00","ut":1,"ch":"xgsdk","mid":"976e57ac9144456e40859284c4d5803bf30f9600","si":494663459,"cts":1545272817,"ts":1545272100,"sv":"3.0","dts":-717,"ei":"SrvAck","kv":{"type":"1","busiMsgId":"8230197","msgId":"108230197"}},{"ky":"Axg2100117751","et":1000,"ui":"865736038733682","mc":"02:00:00:00:00:00","ut":1,"ch":"xgsdk","mid":"976e57ac9144456e40859284c4d5803bf30f9600","si":494663459,"cts":1545272817,"ts":1545272100,"sv":"3.0","dts":-717,"ei":"SrvAck","kv":{"type":"1","busiMsgId":"88440066","msgId":"188440066"}}]
12-20 10:26:57.690 25764 25790 D XgStat  : [XgStat(204): ProGuard:641] - sentEventList size:2
12-20 10:26:57.711 25764 25790 E XgStat  : [XgStat(204): ProGuard:190] - [http://pingma.qq.com:80/mstat/report/?index=1545221183]Send request(eventsize:2,590bytes), content:[{"ky":"Axg2100117751","et":1000,"ui":"865736038733682","mc":"02:00:00:00:00:00","ut":1,"ch":"xgsdk","mid":"976e57ac9144456e40859284c4d5803bf30f9600","si":494663459,"cts":1545272817,"ts":1545272100,"sv":"3.0","dts":-717,"ei":"SrvAck","kv":{"type":"1","busiMsgId":"8230197","msgId":"108230197"}},{"ky":"Axg2100117751","et":1000,"ui":"865736038733682","mc":"02:00:00:00:00:00","ut":1,"ch":"xgsdk","mid":"976e57ac9144456e40859284c4d5803bf30f9600","si":494663459,"cts":1545272817,"ts":1545272100,"sv":"3.0","dts":-717,"ei":"SrvAck","kv":{"type":"1","busiMsgId":"88440066","msgId":"188440066"}}]
12-20 10:27:21.168  2735  7646 I ActiveController: loadActiveListByType type: 2, name: com.tencent.TsumTsumAndroid, uid: 10081, pid: 25723, status: 10
12-20 10:27:22.763 25723 25800 D beacon  :  in AnalyticsDAO.query() start
12-20 10:27:22.764 25723 25800 D beacon  :  query: ( _type = 8 ) 
12-20 10:27:22.766 25723 25800 I beacon  : result num: 1
12-20 10:27:22.766 25723 25800 D beacon  :  in AnalyticsDAO.paserCursor() start
12-20 10:27:22.766 25723 25800 D beacon  :  in AnalyticsDAO.paserCursor() end
12-20 10:27:22.766 25723 25800 I beacon  :  total num: 1
12-20 10:27:22.766 25723 25800 D beacon  :  in AnalyticsDAO.query() end
12-20 10:27:22.767 25723 25800 D beacon  : de byte 2 obj 
12-20 10:27:22.769 25723 25800 D beacon  : en obj 2 bytes 
12-20 10:27:22.771 25723 25800 D beacon  :  insertOrUpdate alyticsBeans start!
12-20 10:27:22.794 25723 25800 D beacon  :  result id:97
12-20 10:27:22.794 25723 25800 D beacon  :  insertOrUpdate alyticsBeans end
12-20 10:27:22.794 25723 25800 D beacon_step_api:  used:8  seen:8  next:60
12-20 10:27:23.482 25723 25820 D GspDcAgent: >>>>>>>>>>>>>>> dcUserOnline_104() begin >>>>>>>>>>>>>>>
12-20 10:27:23.484 25723 25820 D network : network state 0
12-20 10:27:23.484 25723 25820 D GspDcAgent: >>>>>>>>>>>>>>> dc(104) begin >>>>>>>>>>>>>>>
12-20 10:27:23.486 25723 25820 D GspDcAgent: <<<<<<<<<<<<<<<< dc(104) end <<<<<<<<<<<<<<<<
12-20 10:27:23.486 25723 25820 D GspDcAgent: <<<<<<<<<<<<<<<< dcUserOnline_104() end <<<<<<<<<<<<<<<<
12-20 10:27:23.487 25723 25821 D com.happyelements.gsp.android.dc.DataHelper: respFromPostDeflate start...
12-20 10:27:23.633 25723 25821 D com.happyelements.gsp.android.dc.DataHelper: respFromPostDeflate code:204
12-20 10:28:22.766 25723 25799 D beacon  :  in AnalyticsDAO.query() start
12-20 10:28:22.766 25723 25799 D beacon  :  query: ( _type = 8 ) 
12-20 10:28:22.767 25723 25799 I beacon  : result num: 1
12-20 10:28:22.767 25723 25799 D beacon  :  in AnalyticsDAO.paserCursor() start
12-20 10:28:22.767 25723 25799 D beacon  :  in AnalyticsDAO.paserCursor() end
12-20 10:28:22.767 25723 25799 I beacon  :  total num: 1
12-20 10:28:22.767 25723 25799 D beacon  :  in AnalyticsDAO.query() end
12-20 10:28:22.768 25723 25799 D beacon  : de byte 2 obj 
12-20 10:28:22.768 25723 25799 D beacon  : en obj 2 bytes 
12-20 10:28:22.769 25723 25799 D beacon  :  insertOrUpdate alyticsBeans start!
12-20 10:28:22.782 25723 25799 D beacon  :  result id:97
12-20 10:28:22.782 25723 25799 D beacon  :  insertOrUpdate alyticsBeans end
12-20 10:28:22.783 25723 25799 D beacon_step_api:  used:9  seen:9  next:60
12-20 10:28:40.550 25723 25787 I MSDK    : [2048][A.I][20181220 +8.0 10:28:40.550][25723,2655][task_manager.cpp,Run,111]:TaskManager run
12-20 10:28:40.551 25723 25787 I MSDK    : [2049][A.I][20181220 +8.0 10:28:40.551][25723,2655][MSDKJniHelper,getNoticeRefreshTime,337]:getNoticeRefreshTime:600
12-20 10:28:46.786  2735  7646 I ActiveController: loadActiveListByType type: 2, name: com.tencent.TsumTsumAndroid, uid: 10081, pid: 25723, status: 10
12-20 10:29:22.764 25723 25799 D beacon  :  in AnalyticsDAO.query() start
12-20 10:29:22.764 25723 25799 D beacon  :  query: ( _type = 8 ) 
12-20 10:29:22.766 25723 25799 I beacon  : result num: 1
12-20 10:29:22.766 25723 25799 D beacon  :  in AnalyticsDAO.paserCursor() start
12-20 10:29:22.766 25723 25799 D beacon  :  in AnalyticsDAO.paserCursor() end
12-20 10:29:22.766 25723 25799 I beacon  :  total num: 1
12-20 10:29:22.767 25723 25799 D beacon  :  in AnalyticsDAO.query() end
12-20 10:29:22.767 25723 25799 D beacon  : de byte 2 obj 
12-20 10:29:22.768 25723 25799 D beacon  : en obj 2 bytes 
12-20 10:29:22.768 25723 25799 D beacon  :  insertOrUpdate alyticsBeans start!
12-20 10:29:22.786 25723 25799 D beacon  :  result id:97
12-20 10:29:22.786 25723 25799 D beacon  :  insertOrUpdate alyticsBeans end
12-20 10:29:22.786 25723 25799 D beacon_step_api:  used:10  seen:10  next:60
12-20 10:29:22.787 25723 25799 D beacon  :  in AnalyticsDAO.query() start
12-20 10:29:22.787 25723 25799 D beacon  :  query: ( _type = 8 ) 
12-20 10:29:22.788 25723 25799 I beacon  : result num: 1
12-20 10:29:22.788 25723 25799 D beacon  :  in AnalyticsDAO.paserCursor() start
12-20 10:29:22.788 25723 25799 D beacon  :  in AnalyticsDAO.paserCursor() end
12-20 10:29:22.788 25723 25799 I beacon  :  total num: 1
12-20 10:29:22.788 25723 25799 D beacon  :  in AnalyticsDAO.query() end
12-20 10:29:22.788 25723 25799 D beacon  : de byte 2 obj 
12-20 10:29:22.790 25723 25799 D beacon_step_api:  onUA: rqd_useInfoEvent,true,0,0,true,false
12-20 10:29:22.793 25723 25799 D beacon  : get event sn for [rqd_useInfoEvent] : 27765a9ba441f5b0_20181220_Y_51.
12-20 10:29:22.793 25723 25799 D beacon_step_buffer:  BF eN:rqd_useInfoEvent   isRT:true  isCR:false
12-20 10:29:22.794 25723 25799 I beacon  : processUA:true!
12-20 10:29:22.794 25723 25799 D beacon  :  AnalyticsDAO.delete() start
12-20 10:29:22.794 25723 25799 D beacon  :  delete where: _time >= -1 and _time <= 9223372036854775807 and ( _type = 8 )
12-20 10:29:22.806 25723 25799 D beacon  :  deleted num: 1
12-20 10:29:22.806 25723 25799 D beacon  :  AnalyticsDAO.delete() end
12-20 10:29:22.806 25723 25799 D beacon_step_api: rqd_useInfoEvent 10 10
12-20 10:29:28.278 25723 25800 D beacon  :  get realEventCnt in Mem:1
12-20 10:29:28.281 25723 25800 D beacon_step_buffer:  dsu real events 2 up 1
12-20 10:29:28.282 25723 25800 I beacon  : real rid:f9b4dc134bd4d04d
12-20 10:29:28.285 25723 25800 D beacon  :  TUUD.GetUD start
12-20 10:29:28.285 25723 25800 D beacon  :  current size:1
12-20 10:29:28.285 25723 25800 D beacon  : map 2 str
12-20 10:29:28.286 25723 25800 D beacon  :  RealTimeRecordUploadDatas.encode2EventRecordPackage() end}
12-20 10:29:28.286 25723 25800 D beacon  : en2Req
12-20 10:29:28.286 25723 25800 D beacon  :  RequestPackage info appkey:1106415894 sdkid:beacon appVersion:1.0.959.2001001 cmd: 2
12-20 10:29:28.287 25723 25800 D beacon  : zp: 2 len: 529
12-20 10:29:28.288 25723 25800 D beacon  : enD: 427 3
12-20 10:29:28.289 25723 25800 D beacon_step_upload:  start upload cmd: 2  url:http://oth.eve.mdt.qq.com:8080/analytics/upload?rid=f9b4dc134bd4d04d&sid=638bb76ff3705c61593af31734f738a8  datas:class com.tencent.beacon.event.l$a
12-20 10:29:28.290 25723 25800 D beacon_step_upload: start req: http://oth.eve.mdt.qq.com:8080/analytics/upload?rid=f9b4dc134bd4d04d&sid=638bb76ff3705c61593af31734f738a8 sz:432
12-20 10:29:28.293 25723 25800 D beacon_step_upload: send: http://oth.eve.mdt.qq.com:8080/analytics/upload?rid=f9b4dc134bd4d04d&sid=638bb76ff3705c61593af31734f738a8 sz: 432 apn: wifi
12-20 10:29:28.293 25723 25800 I beacon  : Don't use proxy: wifi, try time: 1
12-20 10:29:28.398 25723 25800 D beacon_step_upload: execute request:
12-20 10:29:28.398 25723 25800 D beacon_step_upload:  POST /analytics/upload?rid=f9b4dc134bd4d04d&sid=638bb76ff3705c61593af31734f738a8 HTTP/1.1
12-20 10:29:28.398 25723 25800 D beacon_step_upload: response code:200 
12-20 10:29:28.399 25723 25800 D beacon_step_upload: recevied: 128
12-20 10:29:28.401 25723 25800 D beacon  : unzp: 2 len: 115
12-20 10:29:28.402 25723 25800 D beacon  :  covert to ResponsePackage 
12-20 10:29:28.403 25723 25800 D beacon  : response.cmd:0 response.result:0
12-20 10:29:28.403 25723 25800 D beacon_step_upload:  fix ip:61.49.51.150  tmgap: -717183
12-20 10:29:28.404 25723 25800 D beacon_step_upload:  response no datas 
12-20 10:29:28.404 25723 25800 D beacon_step_upload:  req:2  res:0  send:432  recv:128  result: true  msg:null
12-20 10:29:28.404 25723 25800 D beacon  :  in AnalyticsDAO.query() start
12-20 10:29:28.404 25723 25800 D beacon  :  query: ( _type = 6 )  and _time <= 0 
12-20 10:29:28.406 25723 25800 I beacon  : result num: 3
12-20 10:29:28.406 25723 25800 D beacon  :  in AnalyticsDAO.paserCursor() start
12-20 10:29:28.406 25723 25800 D beacon  :  in AnalyticsDAO.paserCursor() end
12-20 10:29:28.406 25723 25800 I beacon  :  total num: 3
12-20 10:29:28.406 25723 25800 D beacon  :  in AnalyticsDAO.query() end
12-20 10:29:28.406 25723 25800 D beacon  : de byte 2 obj 
12-20 10:29:28.409 25723 25800 D beacon  : de byte 2 obj 
12-20 10:29:28.418 25723 25800 D beacon  : en obj 2 bytes 
12-20 10:29:28.418 25723 25800 D beacon  : en obj 2 bytes 
12-20 10:29:28.418 25723 25800 D beacon  :  insertOrUpdate alyticsBeans start!
12-20 10:29:28.432 25723 25800 D beacon  :  result id:36
12-20 10:29:28.440 25723 25800 D beacon  :  result id:54
12-20 10:29:28.440 25723 25800 D beacon  :  insertOrUpdate alyticsBeans end
12-20 10:29:28.443 25723 25800 D beacon_step_buffer:  [total:[tp:0 , st:1545221029568 ,counts:85, wifi:50816 , notWifi:0 , up:39760 , dn:11056]] 
12-20 10:29:28.443 25723 25800 D beacon_step_buffer: [today:[tp:1 , st:1545235316372 ,counts:58, wifi:33200 , notWifi:0 , up:25600 , dn:7600]]
12-20 10:29:28.443 25723 25800 I beacon  :  RecordDAO.countRecordNum() start
12-20 10:29:28.443 25723 25800 D beacon  :  AnalyticsDAO.querySum() start
12-20 10:29:28.444 25723 25800 D beacon  :  query where: _time >= -1 and _time <= 9223372036854775807 and ( _type = 1 or _type = 2 or _type = 3 or _type = 4 )
12-20 10:29:28.445 25723 25800 D beacon  :  query sum: 0
12-20 10:29:28.445 25723 25800 D beacon  :  AnalyticsDAO.querySum() end
12-20 10:29:28.445 25723 25800 D beacon_step_api:  onUA: rqd_up_qua,true,0,0,true,false
12-20 10:29:28.449 25723 25800 D beacon  : get event sn for [rqd_up_qua] : 27765a9ba441f5b0_20181220_Y_52.
12-20 10:29:28.449 25723 25800 D beacon_step_buffer:  BF eN:rqd_up_qua   isRT:true  isCR:false
12-20 10:29:28.451 25723 25800 I beacon  : processUA:true!
12-20 10:29:28.452 25723 25800 D beacon  :  TimeUpUploadDatas.done(), result:true
12-20 10:30:05.648  2735  7646 I ActiveController: loadActiveListByType type: 2, name: com.tencent.TsumTsumAndroid, uid: 10081, pid: 25723, status: 10
12-20 10:30:09.681 25723 25787 I MSDK    : [2050][A.I][20181220 +8.0 10:30:09.680][25723,25746][msdk_beacon.cpp,ReportEvent,117]:eventName:[MSDK]WGGetNoticeData eventList count:1 isRealName:true
12-20 10:30:09.681 25723 25787 I MSDK    : [2051][A.I][20181220 +8.0 10:30:09.681][25723,25746][msdk_auth.cpp,GetCurrentOpenId,1346]:Login ret cache is vaild
12-20 10:30:09.681 25723 25787 I MSDK    : [2052][A.I][20181220 +8.0 10:30:09.681][25723,25746][msdk_auth.cpp,GetCurrentOpenId,1353]:Current openid:9572E81B198C26046BB9095AB5669A7A
12-20 10:30:09.681 25723 25787 I MSDK    : [2053][A.I][20181220 +8.0 10:30:09.681][25723,25746][msdk_auth.h,GetCurrentPlatform,484]:Current platofrm:2
12-20 10:30:09.682 25723 25787 I MSDK    : [2054][A.I][20181220 +8.0 10:30:09.682][25723,25746][ChannelUtil,getPlatformId,91]:platformId is desktop_m
12-20 10:30:09.682 25723 25787 I MSDK    : [2055][A.I][20181220 +8.0 10:30:09.682][25723,25746][MSDKJniHelper,getPlatformId,350]:getPlatformId:desktop_m
12-20 10:30:09.682 25723 25787 I MSDK    : [2056][A.I][20181220 +8.0 10:30:09.682][25723,25746][MSDKJniHelper,getMSDKVersion,254]:getMSDKVersion:3.0.9a
12-20 10:30:09.684 25723 25787 I MSDK    : [2057][A.I][20181220 +8.0 10:30:09.684][25723,25746][msdk_beacon_platform_android.cpp,ReportEvent,70]:eventName:[MSDK]WGGetNoticeData
12-20 10:30:09.684 25723 25787 I MSDK    : [2058][A.I][20181220 +8.0 10:30:09.684][25723,25746][msdk_beacon_platform_android.cpp,ReportEvent,89]: eventList:{"eventList":[{"key":"scene","value":"2"},{"key":"identify","value":"1"},{"key":"loginType","value":"desktop_m_qq"},{"key":"msdkversion","value":"3.0.9a"},{"key":"gameversion","value":"1.0.959.2001001"},{"key":"openid","value":"9572E81B198C26046BB9095AB5669A7A"}]}
12-20 10:30:09.686 25723 25746 D beacon_step_api:  onUA: [MSDK]WGGetNoticeData,true,0,-1,true,false
12-20 10:30:09.691 25723 25746 D beacon  : get event sn for [[MSDK]WGGetNoticeData] : 27765a9ba441f5b0_20181220_N_7.
12-20 10:30:09.691 25723 25746 D beacon_step_buffer:  BF eN:[MSDK]WGGetNoticeData   isRT:true  isCR:false
12-20 10:30:09.692 25723 25746 I beacon  : processUA:true!
12-20 10:30:09.693 25723 25787 I MSDK    : [2059][A.I][20181220 +8.0 10:30:09.692][25723,25746][MSDKBeaconUtil,reportEvent,108]:EventName=[MSDK]WGGetNoticeData&isok=true&params=gameversion=1.0.959.2001001&identify=1&loginType=desktop_m_qq&openid=9572E81B198C26046BB9095AB5669A7A&msdkversion=3.0.9a&scene=2&
12-20 10:30:09.693 25723 25787 I MSDK    : [2060][A.I][20181220 +8.0 10:30:09.693][25723,25746][data_statistics.cpp,ReportStatEvent,42]:DataStatistics EVENT_NAME=[MSDK]WGGetNoticeData IS_OK=true LIST_SIZE=1
12-20 10:30:09.693 25723 25787 I MSDK    : [2061][A.I][20181220 +8.0 10:30:09.693][25723,25746][msdk_notice.cpp,GetNoticeData,239]:Get notice data, scene:2
12-20 10:30:09.693 25723 25787 I MSDK    : [2062][A.I][20181220 +8.0 10:30:09.693][25723,25746][msdk_notice.cpp,GetInnerNoticeData,169]:Get inner notice data, scene:2
12-20 10:30:09.693 25723 25787 I MSDK    : [2063][A.I][20181220 +8.0 10:30:09.693][25723,25746][msdk_auth.h,GetCurrentPlatform,484]:Current platofrm:2
12-20 10:30:09.693 25723 25787 I MSDK    : [2064][A.I][20181220 +8.0 10:30:09.693][25723,25746][msdk_auth.cpp,GetCurrentOpenId,1346]:Login ret cache is vaild
12-20 10:30:09.693 25723 25787 I MSDK    : [2065][A.I][20181220 +8.0 10:30:09.693][25723,25746][msdk_auth.cpp,GetCurrentOpenId,1353]:Current openid:9572E81B198C26046BB9095AB5669A7A
12-20 10:30:09.694 25723 25787 I MSDK    : [2066][A.I][20181220 +8.0 10:30:09.694][25723,25746][MSDKNoticeUtil,getNoticeData,65]:getNoticeData of appid:1106415894 openid:9572E81B198C26046BB9095AB5669A7A scene:2
12-20 10:30:09.694 25723 25746 D WeGame NoticeDBModel.getNoticeRecordBySceneAndType:  SELECT * from notice_info where app_id like '%1106415894%' AND open_id in ('','9572E81B198C26046BB9095AB5669A7A') AND msg_scene = 2 AND start_time < 1545273009 AND end_time > 1545273009 AND msg_type in (0,1,2) ORDER BY msg_order DESC, msg_id DESC LIMIT 20; 
12-20 10:30:09.696 25723 25746 D WeGame NoticeDBModel.getNoticeRecordBySceneAndType:  query result:0
12-20 10:30:09.697 25723 25787 I MSDK    : [2067][A.I][20181220 +8.0 10:30:09.697][25723,25746][MSDKNoticeUtil,getNoticeData,128]:Got notice data,count:0 data:{"list":[]}
12-20 10:30:09.697 25723 25787 I MSDK    : [2068][A.I][20181220 +8.0 10:30:09.697][25723,25746][msdk_notice.cpp,GetInnerNoticeData,233]:Got notice succeed!Notice count:0
12-20 10:30:09.697 25723 25787 I MSDK    : [2069][A.I][20181220 +8.0 10:30:09.697][25723,25746][WGPlatform.cpp,_InnerWGGetNoticeData,479]:get NoticeInfo vc size = 0
12-20 10:30:09.697 25723 25746 D WeGame  cpp: return to unity : {"_notice_list":[]}
12-20 10:30:09.698 25723 25787 I MSDK    : [2070][A.I][20181220 +8.0 10:30:09.697][25723,25746][WGPlatform.cpp,_LOG_InnerWGGetNoticeData,494]:_LOG_InnerWGGetNoticeData data : 
12-20 10:30:09.867 25723 25746 I Unity   : httpResponse code = 200
12-20 10:30:09.867 25723 25746 I Unity   : communication response header: errCode=0,st=0,ts=1545272292
12-20 10:30:09.867 25723 25746 I Unity   : [RpcProcessor] response: getRedDots
12-20 10:30:09.867 25723 25746 I cpp     : GetRedDotsHttp Success
12-20 10:30:22.763 25723 25800 D beacon  :  in AnalyticsDAO.query() start
12-20 10:30:22.764 25723 25800 D beacon  :  query: ( _type = 8 ) 
12-20 10:30:22.765 25723 25800 I beacon  : result num: 0
12-20 10:30:22.766 25723 25800 D beacon  :  in AnalyticsDAO.query() end
12-20 10:30:22.766 25723 25800 D beacon  : en obj 2 bytes 
12-20 10:30:22.766 25723 25800 D beacon  :  insertOrUpdate alyticsBeans start!
12-20 10:30:22.784 25723 25800 D beacon  :  result id:98
12-20 10:30:22.784 25723 25800 D beacon  :  insertOrUpdate alyticsBeans end
12-20 10:30:22.785 25723 25800 D beacon_step_api:  used:1  seen:1  next:60
12-20 10:30:28.278 25723 25799 D beacon  :  get realEventCnt in Mem:2
12-20 10:30:28.282 25723 25799 D beacon_step_buffer:  dsu real events 2 up 2
12-20 10:30:28.283 25723 25799 I beacon  : real rid:7acd81a5d40e3da2
12-20 10:30:28.286 25723 25799 D beacon  :  TUUD.GetUD start
12-20 10:30:28.286 25723 25799 D beacon  :  current size:2
12-20 10:30:28.286 25723 25799 D beacon  : map 2 str
12-20 10:30:28.286 25723 25799 D beacon  : map 2 str
12-20 10:30:28.287 25723 25799 D beacon  :  RealTimeRecordUploadDatas.encode2EventRecordPackage() end}
12-20 10:30:28.288 25723 25799 D beacon  : en2Req
12-20 10:30:28.289 25723 25799 D beacon  :  RequestPackage info appkey:1106415894 sdkid:beacon appVersion:1.0.959.2001001 cmd: 2
12-20 10:30:28.290 25723 25799 D beacon  : zp: 2 len: 1381
12-20 10:30:28.291 25723 25799 D beacon  : enD: 661 3
12-20 10:30:28.294 25723 25799 D beacon_step_upload:  start upload cmd: 2  url:http://oth.eve.mdt.qq.com:8080/analytics/upload?rid=7acd81a5d40e3da2&sid=638bb76ff3705c61593af31734f738a8  datas:class com.tencent.beacon.event.l$a
12-20 10:30:28.296 25723 25799 D beacon_step_upload: start req: http://oth.eve.mdt.qq.com:8080/analytics/upload?rid=7acd81a5d40e3da2&sid=638bb76ff3705c61593af31734f738a8 sz:672
12-20 10:30:28.298 25723 25799 D beacon_step_upload: send: http://oth.eve.mdt.qq.com:8080/analytics/upload?rid=7acd81a5d40e3da2&sid=638bb76ff3705c61593af31734f738a8 sz: 672 apn: wifi
12-20 10:30:28.298 25723 25799 I beacon  : Don't use proxy: wifi, try time: 1
12-20 10:30:28.418 25723 25799 D beacon_step_upload: execute request:
12-20 10:30:28.418 25723 25799 D beacon_step_upload:  POST /analytics/upload?rid=7acd81a5d40e3da2&sid=638bb76ff3705c61593af31734f738a8 HTTP/1.1
12-20 10:30:28.419 25723 25799 D beacon_step_upload: response code:200 
12-20 10:30:28.419 25723 25799 D beacon_step_upload: recevied: 128
12-20 10:30:28.421 25723 25799 D beacon  : unzp: 2 len: 115
12-20 10:30:28.422 25723 25799 D beacon  :  covert to ResponsePackage 
12-20 10:30:28.422 25723 25799 D beacon  : response.cmd:0 response.result:0
