12-20 10:30:28.423 25723 25799 D beacon_step_upload:  fix ip:61.49.51.150  tmgap: -717186
12-20 10:30:28.423 25723 25799 D beacon_step_upload:  response no datas 
12-20 10:30:28.423 25723 25799 D beacon_step_upload:  req:2  res:0  send:672  recv:128  result: true  msg:null
12-20 10:30:28.423 25723 25799 D beacon  :  in AnalyticsDAO.query() start
12-20 10:30:28.423 25723 25799 D beacon  :  query: ( _type = 6 )  and _time <= 0 
12-20 10:30:28.424 25723 25799 I beacon  : result num: 3
12-20 10:30:28.424 25723 25799 D beacon  :  in AnalyticsDAO.paserCursor() start
12-20 10:30:28.425 25723 25799 D beacon  :  in AnalyticsDAO.paserCursor() end
12-20 10:30:28.425 25723 25799 I beacon  :  total num: 3
12-20 10:30:28.425 25723 25799 D beacon  :  in AnalyticsDAO.query() end
12-20 10:30:28.425 25723 25799 D beacon  : de byte 2 obj 
12-20 10:30:28.426 25723 25799 D beacon  : de byte 2 obj 
12-20 10:30:28.436 25723 25799 D beacon  : en obj 2 bytes 
12-20 10:30:28.436 25723 25799 D beacon  : en obj 2 bytes 
12-20 10:30:28.437 25723 25799 D beacon  :  insertOrUpdate alyticsBeans start!
12-20 10:30:28.448 25723 25799 D beacon  :  result id:36
12-20 10:30:28.456 25723 25799 D beacon  :  result id:54
12-20 10:30:28.456 25723 25799 D beacon  :  insertOrUpdate alyticsBeans end
12-20 10:30:28.458 25723 25799 D beacon_step_buffer:  [total:[tp:0 , st:1545221029568 ,counts:86, wifi:51616 , notWifi:0 , up:40432 , dn:11184]] 
12-20 10:30:28.458 25723 25799 D beacon_step_buffer: [today:[tp:1 , st:1545235316372 ,counts:59, wifi:34000 , notWifi:0 , up:26272 , dn:7728]]
12-20 10:30:28.459 25723 25799 D beacon  :  TimeUpUploadDatas.done(), result:true
12-20 10:31:22.764 25723 25799 D beacon  :  in AnalyticsDAO.query() start
12-20 10:31:22.764 25723 25799 D beacon  :  query: ( _type = 8 ) 
12-20 10:31:22.766 25723 25799 I beacon  : result num: 1
12-20 10:31:22.766 25723 25799 D beacon  :  in AnalyticsDAO.paserCursor() start
12-20 10:31:22.766 25723 25799 D beacon  :  in AnalyticsDAO.paserCursor() end
12-20 10:31:22.766 25723 25799 I beacon  :  total num: 1
12-20 10:31:22.766 25723 25799 D beacon  :  in AnalyticsDAO.query() end
12-20 10:31:22.766 25723 25799 D beacon  : de byte 2 obj 
12-20 10:31:22.767 25723 25799 D beacon  : en obj 2 bytes 
12-20 10:31:22.768 25723 25799 D beacon  :  insertOrUpdate alyticsBeans start!
12-20 10:31:22.783 25723 25799 D beacon  :  result id:98
12-20 10:31:22.783 25723 25799 D beacon  :  insertOrUpdate alyticsBeans end
12-20 10:31:22.784 25723 25799 D beacon_step_api:  used:2  seen:2  next:60
12-20 10:31:27.461 25764 25790 D XgStat  : [XgStat(204): ProGuard:641] - sentEventList size:2
12-20 10:31:27.477 25764 25790 E XgStat  : [XgStat(204): ProGuard:190] - [http://pingma.qq.com:80/mstat/report/?index=1545221184]Send request(eventsize:2,590bytes), content:[{"ky":"Axg2100117751","et":1000,"ui":"865736038733682","mc":"02:00:00:00:00:00","ut":1,"ch":"xgsdk","mid":"976e57ac9144456e40859284c4d5803bf30f9600","si":494663459,"cts":1545273087,"ts":1545272370,"sv":"3.0","dts":-717,"ei":"SrvAck","kv":{"type":"1","busiMsgId":"8230197","msgId":"108230197"}},{"ky":"Axg2100117751","et":1000,"ui":"865736038733682","mc":"02:00:00:00:00:00","ut":1,"ch":"xgsdk","mid":"976e57ac9144456e40859284c4d5803bf30f9600","si":494663459,"cts":1545273087,"ts":1545272370,"sv":"3.0","dts":-717,"ei":"SrvAck","kv":{"type":"1","busiMsgId":"88440066","msgId":"188440066"}}]
12-20 10:31:27.603 25764 25790 D XgStat  : [XgStat(204): ProGuard:641] - sentEventList size:2
12-20 10:31:27.628 25764 25790 E XgStat  : [XgStat(204): ProGuard:190] - [http://pingma.qq.com:80/mstat/report/?index=1545221185]Send request(eventsize:2,590bytes), content:[{"ky":"Axg2100117751","et":1000,"ui":"865736038733682","mc":"02:00:00:00:00:00","ut":1,"ch":"xgsdk","mid":"976e57ac9144456e40859284c4d5803bf30f9600","si":494663459,"cts":1545273087,"ts":1545272370,"sv":"3.0","dts":-717,"ei":"SrvAck","kv":{"type":"1","busiMsgId":"8230197","msgId":"108230197"}},{"ky":"Axg2100117751","et":1000,"ui":"865736038733682","mc":"02:00:00:00:00:00","ut":1,"ch":"xgsdk","mid":"976e57ac9144456e40859284c4d5803bf30f9600","si":494663459,"cts":1545273087,"ts":1545272370,"sv":"3.0","dts":-717,"ei":"SrvAck","kv":{"type":"1","busiMsgId":"88440066","msgId":"188440066"}}]
12-20 10:31:40.551 25723 25787 I MSDK    : [2071][A.I][20181220 +8.0 10:31:40.550][25723,2655][task_manager.cpp,Run,111]:TaskManager run
12-20 10:31:40.551 25723 25787 I MSDK    : [2072][A.I][20181220 +8.0 10:31:40.550][25723,2655][msdk_auth.h,RunTask,77]:Run AuthTask
12-20 10:31:40.551 25723 25787 I MSDK    : [2073][A.I][20181220 +8.0 10:31:40.550][25723,2655][msdk_auth.cpp,GetLoginRecord,410]:Login cache is valid
12-20 10:31:40.551 25723 25787 I MSDK    : [2074][A.I][20181220 +8.0 10:31:40.550][25723,2655][msdk_auth.cpp,GetLoginRecord,516]:GetLoginRecord:{"flag":0,"desc":"MSDK Login Success!","platform":2,"open_id":"9572E81B198C26046BB9095AB5669A7A","user_id":"","pf":"desktop_m_qq-73213123-android-73213123-qq-1106415894-9572E81B198C26046BB9095AB5669A7A","pf_key":"3d2669da2f6276847f3077dd483d7f61","token":[{"type":1,"value":"FE55A72A2BF85DF44A7ABCAED1335F1B","expiration":1552895985},{"type":2,"value":"59631442DCB6034F10013595CE659195","expiration":1545767985}]}
12-20 10:31:40.551 25723 25787 I MSDK    : [2075][A.I][20181220 +8.0 10:31:40.550][25723,2655][msdk_auth.h,SetCheckingToken,286]:Set CheckingToken to 1
12-20 10:31:40.551 25723 25787 I MSDK    : [2076][A.I][20181220 +8.0 10:31:40.550][25723,2655][msdk_qq_auth.cpp,CheckToken,341]:Start QQ check token, scene:3
12-20 10:31:40.551 25723 25787 I MSDK    : [2077][A.I][20181220 +8.0 10:31:40.551][25723,2655][msdk_qq_auth.cpp,SendLoginRequest,357]:Start to send login request, scene:3 req_cmd:1900002
12-20 10:31:40.552 25723 25787 I MSDK    : [2078][A.I][20181220 +8.0 10:31:40.552][25723,2655][MSDKJniHelper,getMSDKVersion,254]:getMSDKVersion:3.0.9a
12-20 10:31:40.552 25723 25787 I MSDK    : [2079][A.I][20181220 +8.0 10:31:40.552][25723,2655][msdk_http_tool.cpp,GetMSDKUrl,125]:GetMSDKUrl: https://ssl.msdk.qq.com/auth/getlogin_info/?timestamp=1545273100&appid=1106415894&sig=cfb01c91554445c505c25440c2c88445&version=3.0.9a&encode=2&algorithm=v1&refversion=3.0.9a&opua=AndroidSDK_26_chiron_8.0.0
12-20 10:31:40.554 25723 25787 I MSDK    : [2080][A.I][20181220 +8.0 10:31:40.554][25723,2655][ChannelUtil,getChannelId,53]:Comment: null
12-20 10:31:40.555 25723 25787 I MSDK    : [2081][A.I][20181220 +8.0 10:31:40.554][25723,2655][MSDKJniHelper,getChannelId,343]:getChannelId:73213123
12-20 10:31:40.558 25723  2655 D WeGame DeviceInfo.getApn:  typeName:WIFI
12-20 10:31:40.586 25723 25787 I MSDK    : [2082][A.I][20181220 +8.0 10:31:40.585][25723,2655][ChannelUtil,getPlatformId,91]:platformId is desktop_m
12-20 10:31:40.586 25723 25787 I MSDK    : [2083][A.I][20181220 +8.0 10:31:40.585][25723,2655][MSDKJniHelper,getPlatformId,350]:getPlatformId:desktop_m
12-20 10:31:40.596 25723 25787 I MSDK    : [2084][A.I][20181220 +8.0 10:31:40.595][25723,2655][MSDKJniHelper,getLocalIPAddress,214]:getLocalIPAddress:10.130.144.60
12-20 10:31:40.596 25723 25787 I MSDK    : [2085][A.I][20181220 +8.0 10:31:40.595][25723,2655][msdk_qq_network.cpp,GetLoginPostData,74]:GetLoginPostData:{"appid":"1106415894","channel":"73213123","deviceInfo":{"mid":"976e57ac9144456e40859284c4d5803bf30f9600","qImei":"865736038733682","appVersion":"1.0.959","appVersionCode":2001001,"osSystem":"android","osVersion":"8.0.0","deviceResolution":"1080*2030","deviceApn":"wifi","mobileService":"","deviceTradeMark":"Xiaomi","deviceManufacturer":"Xiaomi","deviceModel":"MIX 2","deviceImei":"865736038733682","deviceName":"MIX 2","deviceRom":"55426072576","deviceRam":"6002806784","deviceCPU":"1900"},"offerid":"1106415894","flag":"2","os":"android","platform":"desktop_m_qq","scenes":3,"userid":"9572E81B198C26046BB9095AB5669A7A","localIP":"10.130.144.60","qqAccessToken":"FE55A72A2BF85DF44A7ABCAED1335F1B","accessToken":"59631442DCB6034F10013595CE659195","isCheckQQToken":"1","isCheckPayToken":"1"}
12-20 10:31:40.596 25723 25787 I MSDK    : [2086][A.I][20181220 +8.0 10:31:40.595][25723,2655][HttpClientMgr.cpp,GenerateRequestID,118]:httpclientmgr generate new requestid :10016
12-20 10:31:40.596 25723 25787 I MSDK    : [2087][A.I][20181220 +8.0 10:31:40.595][25723,2655][msdk_qq_auth.cpp,SendLoginRequest,361]:Set current login request id:10016
12-20 10:31:40.596 25723 25787 I MSDK    : [2088][A.I][20181220 +8.0 10:31:40.595][25723,2655][msdk_auth.cpp,SetCurrentLoginRequestId,1303]:Set current login request id:10016
12-20 10:31:40.596 25723 25787 I MSDK    : [2089][A.I][20181220 +8.0 10:31:40.595][25723,2655][HttpClientMgr.cpp,RequestHttp,160]:request http:https://ssl.msdk.qq.com/auth/getlogin_info/?timestamp=1545273100&appid=1106415894&sig=cfb01c91554445c505c25440c2c88445&version=3.0.9a&encode=2&algorithm=v1&refversion=3.0.9a&opua=AndroidSDK_26_chiron_8.0.0 opt:3 ud:0x1cfde2 with seq:10016, reqtime:1545273100
12-20 10:31:40.596 25723 25787 I MSDK    : [2090][A.I][20181220 +8.0 10:31:40.595][25723,2655][HttpClientMgr.cpp,RequestHttp,164]:client manager:0xd0ccb880 request que size:1
12-20 10:31:40.596 25723 25787 I MSDK    : [2091][A.I][20181220 +8.0 10:31:40.595][25723,2655][HttpClientMgr.cpp,GetHttpClient,321]:get an idle http client:0xd0cc77c0
12-20 10:31:40.596 25723 25787 I MSDK    : [2092][A.I][20181220 +8.0 10:31:40.595][25723,2655][HttpClientMgr.cpp,run_http_request,182]:run_http_request Get idle_client:0xd0cc77c0
12-20 10:31:40.596 25723 25787 I MSDK    : [2093][A.I][20181220 +8.0 10:31:40.595][25723,2655][HttpClientMgr.cpp,run_http_request,226]:issue http request client:0xd0cc77c0, url:https://ssl.msdk.qq.com/auth/getlogin_info/?timestamp=1545273100&appid=1106415894&sig=cfb01c91554445c505c25440c2c88445&version=3.0.9a&encode=2&algorithm=v1&refversion=3.0.9a&opua=AndroidSDK_26_chiron_8.0.0, opt:3, seq:10016
12-20 10:31:40.596 25723 25787 I MSDK    : [2094][A.I][20181220 +8.0 10:31:40.595][25723,2655][MSDKHttpClient.cpp,ResetData,570]:http client: 0xd0cc77c0 reset data
12-20 10:31:40.596 25723 25787 I MSDK    : [2095][A.I][20181220 +8.0 10:31:40.595][25723,2655][MSDKHttpClient.cpp,CreateRequestThread,260]:httpclient Create Request Thread start
12-20 10:31:40.596 25723 25787 I MSDK    : [2096][A.I][20181220 +8.0 10:31:40.596][25723,2655][MSDKHttpClient.cpp,CreateRequestThread,265]:httpclient Create Request Thread, ret:0
12-20 10:31:40.596 25723 25787 I MSDK    : [2097][A.I][20181220 +8.0 10:31:40.596][25723,3442][MSDKHttpClient.cpp,CreateRequestThreadCallBack,277]:httpclient Create Request Thread callback httpClient:0xd0cc77c0
12-20 10:31:40.596 25723 25787 I MSDK    : [2098][A.I][20181220 +8.0 10:31:40.596][25723,3442][MSDKHttpClient.cpp,PostSendContent,434]:httpclient post start curl, seq:10016
12-20 10:31:40.596 25723 25787 I MSDK    : [2099][A.I][20181220 +8.0 10:31:40.596][25723,2655][MSDKJniHelper,getNoticeRefreshTime,337]:getNoticeRefreshTime:600
12-20 10:31:40.852 25723 25787 I MSDK    : [2100][A.I][20181220 +8.0 10:31:40.852][25723,3442][MSDKHttpClient.cpp,PostSendContent,506]:httpclient:0xd0cc77c0 post seq:10016 curl_easy_perform and retCode:0 with left_timeout:15
12-20 10:31:40.852 25723 25787 I MSDK    : [2101][A.I][20181220 +8.0 10:31:40.852][25723,3442][MSDKHttpClient.cpp,PostSendContent,515]:http client statistic starttime:1545273100, reqissuetiem:0, reqrequestime:0
12-20 10:31:40.852 25723 25787 I MSDK    : [2102][A.I][20181220 +8.0 10:31:40.852][25723,3442][MSDKHttpClient.cpp,PostSendContent,521]:POST method get http response code result:0, code:200
12-20 10:31:40.866 25723 25787 I MSDK    : [2103][A.I][20181220 +8.0 10:31:40.865][25723,3442][HttpClientMgr.cpp,OnHttpClientCallBack,265]:HttpClientMgr::httpCallBack client:0xd0cc77c0, result:0
12-20 10:31:40.866 25723 25787 I MSDK    : [2104][A.I][20181220 +8.0 10:31:40.866][25723,3442][HttpClientMgr.cpp,OnHttpClientCallBack,292]:httpCallBack MsdkNetworkListener:0xd1476340, userdata_to_app:0x1cfde2, seq:10016, response_body length:472
12-20 10:31:40.866 25723 25787 I MSDK    : [2105][A.I][20181220 +8.0 10:31:40.866][25723,3442][HttpClientMgr.cpp,RetrieveHttpClient,330]:retrieve a http client 0xd0cc77c0
12-20 10:31:40.866 25723 25787 I MSDK    : [2106][A.I][20181220 +8.0 10:31:40.866][25723,3442][MSDKHttpClient.cpp,ResetData,570]:http client: 0xd0cc77c0 reset data
12-20 10:31:40.866 25723 25787 I MSDK    : [2107][A.I][20181220 +8.0 10:31:40.866][25723,3442][HttpClientMgr.cpp,GetHttpClient,321]:get an idle http client:0xd0cc7860
12-20 10:31:40.866 25723 25787 I MSDK    : [2108][A.I][20181220 +8.0 10:31:40.866][25723,3442][HttpClientMgr.cpp,run_http_request,182]:run_http_request Get idle_client:0xd0cc7860
12-20 10:31:40.866 25723 25787 I MSDK    : [2109][A.I][20181220 +8.0 10:31:40.866][25723,3442][HttpClientMgr.cpp,run_http_request,209]:have no avilable http request
12-20 10:31:40.866 25723 25787 I MSDK    : [2110][A.I][20181220 +8.0 10:31:40.866][25723,3442][MSDKHttpClient.cpp,ResetData,570]:http client: 0xd0cc7860 reset data
12-20 10:31:40.866 25723 25787 I MSDK    : [2111][A.I][20181220 +8.0 10:31:40.866][25723,3442][msdk_qq_auth.cpp,Response,44]:QQ auth http response, request id 10016, result 0, size 472, cmd 1900002
12-20 10:31:40.866 25723 25787 I MSDK    : [2112][A.I][20181220 +8.0 10:31:40.866][25723,3442][msdk_auth.cpp,GetCurrentLoginRequestId,1295]:Get current login request id:10016
12-20 10:31:40.866 25723 25787 I MSDK    : [2113][A.I][20181220 +8.0 10:31:40.866][25723,3442][msdk_qq_auth.cpp,Response,53]:QQ Auth login time:0
12-20 10:31:40.866 25723 25787 I MSDK    : [2114][A.I][20181220 +8.0 10:31:40.866][25723,3442][msdk_jni_helper.cpp,getenv_,40]:MSDKJNI Use pthread_key_t for new thread
12-20 10:31:40.879 25723 25787 I MSDK    : [2115][A.I][20181220 +8.0 10:31:40.879][25723,3442][QQDBHelper,getLoginRecord,20]:loginRet==>open_id: 9572E81B198C26046BB9095AB5669A7A,pf: desktop_m_qq-73213123-android-73213123-qq-1106415894-9572E81B198C26046BB9095AB5669A7A,pf_key: 3d2669da2f6276847f3077dd483d7f61,user_id: ,flag: -1,platform: 2,desc: ,eToken_QQ_Access:FE55A72A2BF85DF44A7ABCAED1335F1B,eToken_QQ_Access:1552895985eToken_QQ_Pay:59631442DCB6034F10013595CE659195,eToken_QQ_Pay:1545767985
12-20 10:31:40.879 25723 25787 I MSDK    : [2116][A.I][20181220 +8.0 10:31:40.879][25723,3442][msdk_base_network.cpp,ParseResponseData,36]:ParseResponseData decrpt:{"15004":604800,"extend1":"","first":0,"funcs":{"WGLoginQQ":1,"WGLoginWX":1,"WGOpenUrl":1,"WGRefreshWXToken":1,"WGSendToQQ":1,"WGSendToWeixin":1,"WGSendToWeixinWithPhoto":1,"WGShareQQByWeb":1,"WGShareWxByWeb":1},"grayTest":0,"msg":"success","needNameAuth":0,"otherFuncs":{},"pf":"desktop_m_qq-73213123-android-73213123-qq-1106415894-9572E81B198C26046BB9095AB5669A7A","pfKey":"3d2669da2f6276847f3077dd483d7f61","regChannel":"73213123","ret":0,"userNickname":""}
12-20 10:31:40.879 25723 25787 I MSDK    : 
12-20 10:31:40.880 25723 25787 I MSDK    : [2117][A.I][20181220 +8.0 10:31:40.880][25723,3442][msdk_base_network.cpp,ParseResponseData,49]:ret:0 message:success
12-20 10:31:40.880 25723 25787 I MSDK    : [2118][A.I][20181220 +8.0 10:31:40.880][25723,3442][msdk_auth.cpp,ProcessLoginResult,964]:ProcessLoginResult login_ret:{"flag":0,"desc":"MSDK Login Success!","platform":2,"open_id":"9572E81B198C26046BB9095AB5669A7A","user_id":"","pf":"desktop_m_qq-73213123-android-73213123-qq-1106415894-9572E81B198C26046BB9095AB5669A7A","pf_key":"3d2669da2f6276847f3077dd483d7f61","token":[{"type":1,"value":"FE55A72A2BF85DF44A7ABCAED1335F1B","expiration":1552895985},{"type":2,"value":"59631442DCB6034F10013595CE659195","expiration":1545767985}]}
12-20 10:31:40.881 25723 25787 I MSDK    : [2119][A.I][20181220 +8.0 10:31:40.880][25723,3442][msdk_auth.cpp,SaveLoginRecord,1140]:Save Login start:{"flag":0,"desc":"MSDK Login Success!","platform":2,"open_id":"9572E81B198C26046BB9095AB5669A7A","user_id":"","pf":"desktop_m_qq-73213123-android-73213123-qq-1106415894-9572E81B198C26046BB9095AB5669A7A","pf_key":"3d2669da2f6276847f3077dd483d7f61","token":[{"type":1,"value":"FE55A72A2BF85DF44A7ABCAED1335F1B","expiration":1552895985},{"type":2,"value":"59631442DCB6034F10013595CE659195","expiration":1545767985}]}
12-20 10:31:40.881 25723 25787 I MSDK    : [2120][A.I][20181220 +8.0 10:31:40.881][25723,3442][msdk_localsetting_platform_android.cpp,SaveLastPlatform,83]:Save last platform:2
12-20 10:31:40.896 25723 25787 I MSDK    : [2121][A.I][20181220 +8.0 10:31:40.896][25723,3442][SettingDBHelper,save,22]:Save (LastPlatfrom, 2) to SettingTable is true
12-20 10:31:40.896 25723 25787 I MSDK    : [2122][A.I][20181220 +8.0 10:31:40.896][25723,3442][msdk_localsetting_platform_android.cpp,SaveLastOpenId,95]:Save last openid:9572E81B198C26046BB9095AB5669A7A
12-20 10:31:40.906 25723 25787 I MSDK    : [2123][A.I][20181220 +8.0 10:31:40.906][25723,3442][SettingDBHelper,save,22]:Save (LastOpenId, 9572E81B198C26046BB9095AB5669A7A) to SettingTable is true
12-20 10:31:40.910 25723 25787 I MSDK    : [2124][A.I][20181220 +8.0 10:31:40.910][25723,3442][QQDBHelper,saveLoginRecord,51]:loginRet==>open_id: 9572E81B198C26046BB9095AB5669A7A,pf: desktop_m_qq-73213123-android-73213123-qq-1106415894-9572E81B198C26046BB9095AB5669A7A,pf_key: 3d2669da2f6276847f3077dd483d7f61,user_id: ,flag: 0,platform: 2,desc: MSDK Login Success!,eToken_QQ_Access:FE55A72A2BF85DF44A7ABCAED1335F1B,eToken_QQ_Access:1552895985eToken_QQ_Pay:59631442DCB6034F10013595CE659195,eToken_QQ_Pay:1545767985
12-20 10:31:40.930 25723 25787 I MSDK    : [2125][A.I][20181220 +8.0 10:31:40.930][25723,3442][msdk_localsetting_platform_android.cpp,SaveCurrentPlatform,38]:Save current platform:2
12-20 10:31:40.937 25723 25787 I MSDK    : [2126][A.I][20181220 +8.0 10:31:40.937][25723,3442][SettingDBHelper,save,22]:Save (Platform, 2) to SettingTable is true
12-20 10:31:40.937 25723 25787 I MSDK    : [2127][A.I][20181220 +8.0 10:31:40.937][25723,3442][msdk_auth.cpp,SaveLoginRecord,1179]:Save Login:{"flag":0,"desc":"MSDK Login Success!","platform":2,"open_id":"9572E81B198C26046BB9095AB5669A7A","user_id":"","pf":"desktop_m_qq-73213123-android-73213123-qq-1106415894-9572E81B198C26046BB9095AB5669A7A","pf_key":"3d2669da2f6276847f3077dd483d7f61","token":[{"type":1,"value":"FE55A72A2BF85DF44A7ABCAED1335F1B","expiration":1552895985},{"type":2,"value":"59631442DCB6034F10013595CE659195","expiration":1545767985}]}
12-20 10:31:40.937 25723 25787 I MSDK    : [2128][A.I][20181220 +8.0 10:31:40.937][25723,3442][permission.cpp,SavePermission,57]:Permission json text ready to write to database:{"WGHttpDns":0,"WGLoginQQ":1,"WGLoginWX":1,"WGRefreshWXToken":1,"WGSendToQQ":1,"WGSendToWeixin":1,"WGSendToWeixinWithPhoto":1,"WGShareQQByWeb":1,"WGShareWxByWeb":1,"WGWebViewQQEntrance":0,"WGWebViewWXEntrance":0}
12-20 10:31:40.938 25723 25787 I MSDK    : [2129][A.I][20181220 +8.0 10:31:40.937][25723,3442][msdk_localsetting_platform_android.cpp,SavePermission,56]:Save permission:B9E46BFF90E762CFD047419D4316967B7804E6DB707AFBAFDD142AAF3E5FF74D7D570DAECC0F4634A21A706A1519064F9F51FE2AC0DA66D787CA77CF90B78A1891A5C80F4D98C147E3A53CF4CC6A6A929D6BDF7C43D6C034987CE6601C61C1F5CCC70BF49BF39431A9B48846D6B345AB695832B3958189842113061BAB05795133C3BC90EACFCFC3770BF00716D710CD7811AD2570454ADACE8FF78D68880A58BE8C5A5767AF976269428EC58A712C22A4FF0E98BD496BF7629563285914A4FD688F6FBC9FD3AE64F92D3B3B41374EE1914C0155A7F92EC874E7F7D115967AFD
12-20 10:31:40.950 25723 25787 I MSDK    : [2130][A.I][20181220 +8.0 10:31:40.950][25723,3442][SettingDBHelper,save,22]:Save (Permission, B9E46BFF90E762CFD047419D4316967B7804E6DB707AFBAFDD142AAF3E5FF74D7D570DAECC0F4634A21A706A1519064F9F51FE2AC0DA66D787CA77CF90B78A1891A5C80F4D98C147E3A53CF4CC6A6A929D6BDF7C43D6C034987CE6601C61C1F5CCC70BF49BF39431A9B48846D6B345AB695832B3958189842113061BAB05795133C3BC90EACFCFC3770BF00716D710CD7811AD2570454ADACE8FF78D68880A58BE8C5A5767AF976269428EC58A712C22A4FF0E98BD496BF7629563285914A4FD688F6FBC9FD3AE64F92D3B3B41374EE1914C0155A7F92EC874E7F7D115967AFD) to SettingTable is true
12-20 10:31:40.950 25723 25787 I MSDK    : [2131][A.I][20181220 +8.0 10:31:40.950][25723,3442][msdk_auth.h,SetCheckingToken,286]:Set CheckingToken to 0
12-20 10:31:40.951 25723 25787 I MSDK    : [2132][A.I][20181220 +8.0 10:31:40.951][25723,3442][msdk_jni_helper.cpp,detach_current_thread_,27]:MSDKJNI env DetachCurrentThread
12-20 10:31:47.166  2735  7646 I ActiveController: loadActiveListByType type: 2, name: com.tencent.TsumTsumAndroid, uid: 10081, pid: 25723, status: 10
12-20 10:32:22.764 25723 25799 D beacon  :  in AnalyticsDAO.query() start
12-20 10:32:22.765 25723 25799 D beacon  :  query: ( _type = 8 ) 
12-20 10:32:22.766 25723 25799 I beacon  : result num: 1
12-20 10:32:22.766 25723 25799 D beacon  :  in AnalyticsDAO.paserCursor() start
12-20 10:32:22.766 25723 25799 D beacon  :  in AnalyticsDAO.paserCursor() end
12-20 10:32:22.766 25723 25799 I beacon  :  total num: 1
12-20 10:32:22.766 25723 25799 D beacon  :  in AnalyticsDAO.query() end
12-20 10:32:22.766 25723 25799 D beacon  : de byte 2 obj 
12-20 10:32:22.767 25723 25799 D beacon  : en obj 2 bytes 
12-20 10:32:22.767 25723 25799 D beacon  :  insertOrUpdate alyticsBeans start!
12-20 10:32:22.782 25723 25799 D beacon  :  result id:98
12-20 10:32:22.783 25723 25799 D beacon  :  insertOrUpdate alyticsBeans end
12-20 10:32:22.783 25723 25799 D beacon_step_api:  used:3  seen:3  next:60
12-20 10:32:23.483 25723 25820 D GspDcAgent: >>>>>>>>>>>>>>> dcUserOnline_104() begin >>>>>>>>>>>>>>>
12-20 10:32:23.486 25723 25820 D network : network state 0
12-20 10:32:23.486 25723 25820 D GspDcAgent: >>>>>>>>>>>>>>> dc(104) begin >>>>>>>>>>>>>>>
12-20 10:32:23.490 25723 25820 D GspDcAgent: <<<<<<<<<<<<<<<< dc(104) end <<<<<<<<<<<<<<<<
12-20 10:32:23.490 25723 25820 D GspDcAgent: <<<<<<<<<<<<<<<< dcUserOnline_104() end <<<<<<<<<<<<<<<<
12-20 10:32:23.491 25723 25821 D com.happyelements.gsp.android.dc.DataHelper: respFromPostDeflate start...
12-20 10:32:23.614 25723 25821 D com.happyelements.gsp.android.dc.DataHelper: respFromPostDeflate code:204
12-20 10:32:47.336  2735  7646 I ActiveController: loadActiveListByType type: 2, name: com.tencent.TsumTsumAndroid, uid: 10081, pid: 25723, status: 10
12-20 10:33:22.764 25723 25799 D beacon  :  in AnalyticsDAO.query() start
12-20 10:33:22.764 25723 25799 D beacon  :  query: ( _type = 8 ) 
12-20 10:33:22.766 25723 25799 I beacon  : result num: 1
12-20 10:33:22.766 25723 25799 D beacon  :  in AnalyticsDAO.paserCursor() start
12-20 10:33:22.766 25723 25799 D beacon  :  in AnalyticsDAO.paserCursor() end
12-20 10:33:22.766 25723 25799 I beacon  :  total num: 1
12-20 10:33:22.766 25723 25799 D beacon  :  in AnalyticsDAO.query() end
12-20 10:33:22.767 25723 25799 D beacon  : de byte 2 obj 
12-20 10:33:22.768 25723 25799 D beacon  : en obj 2 bytes 
12-20 10:33:22.768 25723 25799 D beacon  :  insertOrUpdate alyticsBeans start!
12-20 10:33:22.783 25723 25799 D beacon  :  result id:98
12-20 10:33:22.783 25723 25799 D beacon  :  insertOrUpdate alyticsBeans end
12-20 10:33:22.784 25723 25799 D beacon_step_api:  used:4  seen:4  next:60
12-20 10:34:21.155  2735  7646 I ActiveController: loadActiveListByType type: 2, name: com.tencent.TsumTsumAndroid, uid: 10081, pid: 25723, status: 10
12-20 10:34:22.763 25723 25799 D beacon  :  in AnalyticsDAO.query() start
12-20 10:34:22.764 25723 25799 D beacon  :  query: ( _type = 8 ) 
12-20 10:34:22.766 25723 25799 I beacon  : result num: 1
12-20 10:34:22.766 25723 25799 D beacon  :  in AnalyticsDAO.paserCursor() start
12-20 10:34:22.766 25723 25799 D beacon  :  in AnalyticsDAO.paserCursor() end
12-20 10:34:22.766 25723 25799 I beacon  :  total num: 1
12-20 10:34:22.766 25723 25799 D beacon  :  in AnalyticsDAO.query() end
12-20 10:34:22.766 25723 25799 D beacon  : de byte 2 obj 
12-20 10:34:22.767 25723 25799 D beacon  : en obj 2 bytes 
12-20 10:34:22.768 25723 25799 D beacon  :  insertOrUpdate alyticsBeans start!
12-20 10:34:22.787 25723 25799 D beacon  :  result id:98
12-20 10:34:22.787 25723 25799 D beacon  :  insertOrUpdate alyticsBeans end
12-20 10:34:22.787 25723 25799 D beacon_step_api:  used:5  seen:5  next:60
12-20 10:34:40.551 25723 25787 I MSDK    : [2133][A.I][20181220 +8.0 10:34:40.551][25723,2655][task_manager.cpp,Run,111]:TaskManager run
12-20 10:34:40.552 25723 25787 I MSDK    : [2134][A.I][20181220 +8.0 10:34:40.551][25723,2655][MSDKJniHelper,getNoticeRefreshTime,337]:getNoticeRefreshTime:600
12-20 10:35:09.700 25723 25787 I MSDK    : [2135][A.I][20181220 +8.0 10:35:09.700][25723,25746][msdk_beacon.cpp,ReportEvent,117]:eventName:[MSDK]WGGetNoticeData eventList count:1 isRealName:true
12-20 10:35:09.700 25723 25787 I MSDK    : [2136][A.I][20181220 +8.0 10:35:09.700][25723,25746][msdk_auth.cpp,GetCurrentOpenId,1346]:Login ret cache is vaild
12-20 10:35:09.700 25723 25787 I MSDK    : [2137][A.I][20181220 +8.0 10:35:09.700][25723,25746][msdk_auth.cpp,GetCurrentOpenId,1353]:Current openid:9572E81B198C26046BB9095AB5669A7A
12-20 10:35:09.700 25723 25787 I MSDK    : [2138][A.I][20181220 +8.0 10:35:09.700][25723,25746][msdk_auth.h,GetCurrentPlatform,484]:Current platofrm:2
12-20 10:35:09.701 25723 25787 I MSDK    : [2139][A.I][20181220 +8.0 10:35:09.701][25723,25746][ChannelUtil,getPlatformId,91]:platformId is desktop_m
12-20 10:35:09.701 25723 25787 I MSDK    : [2140][A.I][20181220 +8.0 10:35:09.701][25723,25746][MSDKJniHelper,getPlatformId,350]:getPlatformId:desktop_m
12-20 10:35:09.701 25723 25787 I MSDK    : [2141][A.I][20181220 +8.0 10:35:09.701][25723,25746][MSDKJniHelper,getMSDKVersion,254]:getMSDKVersion:3.0.9a
12-20 10:35:09.705 25723 25787 I MSDK    : [2142][A.I][20181220 +8.0 10:35:09.705][25723,25746][msdk_beacon_platform_android.cpp,ReportEvent,70]:eventName:[MSDK]WGGetNoticeData
12-20 10:35:09.705 25723 25787 I MSDK    : [2143][A.I][20181220 +8.0 10:35:09.705][25723,25746][msdk_beacon_platform_android.cpp,ReportEvent,89]: eventList:{"eventList":[{"key":"scene","value":"2"},{"key":"identify","value":"1"},{"key":"loginType","value":"desktop_m_qq"},{"key":"msdkversion","value":"3.0.9a"},{"key":"gameversion","value":"1.0.959.2001001"},{"key":"openid","value":"9572E81B198C26046BB9095AB5669A7A"}]}
12-20 10:35:09.707 25723 25746 D beacon_step_api:  onUA: [MSDK]WGGetNoticeData,true,0,-1,true,false
12-20 10:35:09.712 25723 25746 D beacon  : get event sn for [[MSDK]WGGetNoticeData] : 27765a9ba441f5b0_20181220_N_8.
12-20 10:35:09.712 25723 25746 D beacon_step_buffer:  BF eN:[MSDK]WGGetNoticeData   isRT:true  isCR:false
12-20 10:35:09.713 25723 25746 I beacon  : processUA:true!
12-20 10:35:09.714 25723 25787 I MSDK    : [2144][A.I][20181220 +8.0 10:35:09.714][25723,25746][MSDKBeaconUtil,reportEvent,108]:EventName=[MSDK]WGGetNoticeData&isok=true&params=gameversion=1.0.959.2001001&identify=1&loginType=desktop_m_qq&openid=9572E81B198C26046BB9095AB5669A7A&msdkversion=3.0.9a&scene=2&
12-20 10:35:09.714 25723 25787 I MSDK    : [2145][A.I][20181220 +8.0 10:35:09.714][25723,25746][data_statistics.cpp,ReportStatEvent,42]:DataStatistics EVENT_NAME=[MSDK]WGGetNoticeData IS_OK=true LIST_SIZE=1
12-20 10:35:09.714 25723 25787 I MSDK    : [2146][A.I][20181220 +8.0 10:35:09.714][25723,25746][msdk_notice.cpp,GetNoticeData,239]:Get notice data, scene:2
12-20 10:35:09.714 25723 25787 I MSDK    : [2147][A.I][20181220 +8.0 10:35:09.714][25723,25746][msdk_notice.cpp,GetInnerNoticeData,169]:Get inner notice data, scene:2
12-20 10:35:09.714 25723 25787 I MSDK    : [2148][A.I][20181220 +8.0 10:35:09.714][25723,25746][msdk_auth.h,GetCurrentPlatform,484]:Current platofrm:2
12-20 10:35:09.714 25723 25787 I MSDK    : [2149][A.I][20181220 +8.0 10:35:09.714][25723,25746][msdk_auth.cpp,GetCurrentOpenId,1346]:Login ret cache is vaild
12-20 10:35:09.715 25723 25787 I MSDK    : [2150][A.I][20181220 +8.0 10:35:09.714][25723,25746][msdk_auth.cpp,GetCurrentOpenId,1353]:Current openid:9572E81B198C26046BB9095AB5669A7A
12-20 10:35:09.715 25723 25787 I MSDK    : [2151][A.I][20181220 +8.0 10:35:09.715][25723,25746][MSDKNoticeUtil,getNoticeData,65]:getNoticeData of appid:1106415894 openid:9572E81B198C26046BB9095AB5669A7A scene:2
12-20 10:35:09.715 25723 25746 D WeGame NoticeDBModel.getNoticeRecordBySceneAndType:  SELECT * from notice_info where app_id like '%1106415894%' AND open_id in ('','9572E81B198C26046BB9095AB5669A7A') AND msg_scene = 2 AND start_time < 1545273309 AND end_time > 1545273309 AND msg_type in (0,1,2) ORDER BY msg_order DESC, msg_id DESC LIMIT 20; 
12-20 10:35:09.717 25723 25746 D WeGame NoticeDBModel.getNoticeRecordBySceneAndType:  query result:0
12-20 10:35:09.718 25723 25787 I MSDK    : [2152][A.I][20181220 +8.0 10:35:09.718][25723,25746][MSDKNoticeUtil,getNoticeData,128]:Got notice data,count:0 data:{"list":[]}
12-20 10:35:09.718 25723 25787 I MSDK    : [2153][A.I][20181220 +8.0 10:35:09.718][25723,25746][msdk_notice.cpp,GetInnerNoticeData,233]:Got notice succeed!Notice count:0
12-20 10:35:09.718 25723 25787 I MSDK    : [2154][A.I][20181220 +8.0 10:35:09.718][25723,25746][WGPlatform.cpp,_InnerWGGetNoticeData,479]:get NoticeInfo vc size = 0
12-20 10:35:09.718 25723 25787 I MSDK    : [2155][A.I][20181220 +8.0 10:35:09.718][25723,25746][WGPlatform.cpp,_LOG_InnerWGGetNoticeData,494]:_LOG_InnerWGGetNoticeData data : 
12-20 10:35:09.718 25723 25746 D WeGame  cpp: return to unity : {"_notice_list":[]}
12-20 10:35:09.868 25723 25746 I Unity   : httpResponse code = 200
12-20 10:35:09.868 25723 25746 I Unity   : communication response header: errCode=0,st=0,ts=1545272592
12-20 10:35:09.869 25723 25746 I Unity   : [RpcProcessor] response: getRedDots
12-20 10:35:09.869 25723 25746 I cpp     : GetRedDotsHttp Success
12-20 10:35:22.763 25723 25799 D beacon  :  in AnalyticsDAO.query() start
12-20 10:35:22.763 25723 25799 D beacon  :  query: ( _type = 8 ) 
12-20 10:35:22.764 25723 25799 I beacon  : result num: 1
12-20 10:35:22.764 25723 25799 D beacon  :  in AnalyticsDAO.paserCursor() start
12-20 10:35:22.764 25723 25799 D beacon  :  in AnalyticsDAO.paserCursor() end
12-20 10:35:22.765 25723 25799 I beacon  :  total num: 1
12-20 10:35:22.765 25723 25799 D beacon  :  in AnalyticsDAO.query() end
12-20 10:35:22.765 25723 25799 D beacon  : de byte 2 obj 
12-20 10:35:22.766 25723 25799 D beacon  : en obj 2 bytes 
12-20 10:35:22.766 25723 25799 D beacon  :  insertOrUpdate alyticsBeans start!
12-20 10:35:22.781 25723 25799 D beacon  :  result id:98
12-20 10:35:22.781 25723 25799 D beacon  :  insertOrUpdate alyticsBeans end
12-20 10:35:22.782 25723 25799 D beacon_step_api:  used:6  seen:6  next:60
12-20 10:35:28.278 25723 25801 D beacon  :  get realEventCnt in Mem:1
12-20 10:35:28.283 25723 25801 D beacon_step_buffer:  dsu real events 2 up 1
12-20 10:35:28.284 25723 25801 I beacon  : real rid:80c66c6917b88380
12-20 10:35:28.287 25723 25801 D beacon  :  TUUD.GetUD start
12-20 10:35:28.287 25723 25801 D beacon  :  current size:1
12-20 10:35:28.287 25723 25801 D beacon  : map 2 str
12-20 10:35:28.288 25723 25801 D beacon  :  RealTimeRecordUploadDatas.encode2EventRecordPackage() end}
12-20 10:35:28.289 25723 25801 D beacon  : en2Req
12-20 10:35:28.289 25723 25801 D beacon  :  RequestPackage info appkey:1106415894 sdkid:beacon appVersion:1.0.959.2001001 cmd: 2
12-20 10:35:28.291 25723 25801 D beacon  : zp: 2 len: 605
12-20 10:35:28.292 25723 25801 D beacon  : enD: 471 3
12-20 10:35:28.296 25723 25801 D beacon_step_upload:  start upload cmd: 2  url:http://oth.eve.mdt.qq.com:8080/analytics/upload?rid=80c66c6917b88380&sid=638bb76ff3705c61593af31734f738a8  datas:class com.tencent.beacon.event.l$a
12-20 10:35:28.297 25723 25801 D beacon_step_upload: start req: http://oth.eve.mdt.qq.com:8080/analytics/upload?rid=80c66c6917b88380&sid=638bb76ff3705c61593af31734f738a8 sz:480
12-20 10:35:28.299 25723 25801 D beacon_step_upload: send: http://oth.eve.mdt.qq.com:8080/analytics/upload?rid=80c66c6917b88380&sid=638bb76ff3705c61593af31734f738a8 sz: 480 apn: wifi
12-20 10:35:28.300 25723 25801 I beacon  : Don't use proxy: wifi, try time: 1
12-20 10:35:28.407 25723 25801 D beacon_step_upload: execute request:
12-20 10:35:28.407 25723 25801 D beacon_step_upload:  POST /analytics/upload?rid=80c66c6917b88380&sid=638bb76ff3705c61593af31734f738a8 HTTP/1.1
12-20 10:35:28.408 25723 25801 D beacon_step_upload: response code:200 
12-20 10:35:28.408 25723 25801 D beacon_step_upload: recevied: 128
12-20 10:35:28.410 25723 25801 D beacon  : unzp: 2 len: 115
12-20 10:35:28.413 25723 25801 D beacon  :  covert to ResponsePackage 
12-20 10:35:28.415 25723 25801 D beacon  : response.cmd:0 response.result:0
12-20 10:35:28.415 25723 25801 D beacon_step_upload:  fix ip:61.49.51.150  tmgap: -717194
12-20 10:35:28.416 25723 25801 D beacon_step_upload:  response no datas 
12-20 10:35:28.416 25723 25801 D beacon_step_upload:  req:2  res:0  send:480  recv:128  result: true  msg:null
12-20 10:35:28.416 25723 25801 D beacon  :  in AnalyticsDAO.query() start
12-20 10:35:28.416 25723 25801 D beacon  :  query: ( _type = 6 )  and _time <= 0 
12-20 10:35:28.418 25723 25801 I beacon  : result num: 3
12-20 10:35:28.418 25723 25801 D beacon  :  in AnalyticsDAO.paserCursor() start
12-20 10:35:28.419 25723 25801 D beacon  :  in AnalyticsDAO.paserCursor() end
12-20 10:35:28.419 25723 25801 I beacon  :  total num: 3
12-20 10:35:28.419 25723 25801 D beacon  :  in AnalyticsDAO.query() end
12-20 10:35:28.419 25723 25801 D beacon  : de byte 2 obj 
12-20 10:35:28.422 25723 25801 D beacon  : de byte 2 obj 
12-20 10:35:28.432 25723 25801 D beacon  : en obj 2 bytes 
12-20 10:35:28.432 25723 25801 D beacon  : en obj 2 bytes 
12-20 10:35:28.433 25723 25801 D beacon  :  insertOrUpdate alyticsBeans start!
12-20 10:35:28.444 25723 25801 D beacon  :  result id:36
12-20 10:35:28.452 25723 25801 D beacon  :  result id:54
12-20 10:35:28.452 25723 25801 D beacon  :  insertOrUpdate alyticsBeans end
12-20 10:35:28.453 25723 25801 D beacon_step_buffer:  [total:[tp:0 , st:1545221029568 ,counts:87, wifi:52224 , notWifi:0 , up:40912 , dn:11312]] 
12-20 10:35:28.453 25723 25801 D beacon_step_buffer: [today:[tp:1 , st:1545235316372 ,counts:60, wifi:34608 , notWifi:0 , up:26752 , dn:7856]]
12-20 10:35:28.454 25723 25801 D beacon  :  TimeUpUploadDatas.done(), result:true
12-20 10:35:35.751  2735  7646 I ActiveController: loadActiveListByType type: 2, name: com.tencent.TsumTsumAndroid, uid: 10081, pid: 25723, status: 10
12-20 10:35:55.630 25764 25764 V XGLogger: have writable external storage, write log file!
12-20 10:35:55.863 25764 25790 D XgStat  : [XgStat(204): ProGuard:641] - sentEventList size:2
12-20 10:35:55.874 25764 25790 E XgStat  : [XgStat(204): ProGuard:190] - [http://pingma.qq.com:80/mstat/report/?index=1545221186]Send request(eventsize:2,590bytes), content:[{"ky":"Axg2100117751","et":1000,"ui":"865736038733682","mc":"02:00:00:00:00:00","ut":1,"ch":"xgsdk","mid":"976e57ac9144456e40859284c4d5803bf30f9600","si":494663459,"cts":1545273355,"ts":1545272638,"sv":"3.0","dts":-717,"ei":"SrvAck","kv":{"type":"1","busiMsgId":"8230197","msgId":"108230197"}},{"ky":"Axg2100117751","et":1000,"ui":"865736038733682","mc":"02:00:00:00:00:00","ut":1,"ch":"xgsdk","mid":"976e57ac9144456e40859284c4d5803bf30f9600","si":494663459,"cts":1545273355,"ts":1545272638,"sv":"3.0","dts":-717,"ei":"SrvAck","kv":{"type":"1","busiMsgId":"88440066","msgId":"188440066"}}]
12-20 10:35:55.998 25764 25790 D XgStat  : [XgStat(204): ProGuard:641] - sentEventList size:2
12-20 10:35:56.021 25764 25790 E XgStat  : [XgStat(204): ProGuard:190] - [http://pingma.qq.com:80/mstat/report/?index=1545221187]Send request(eventsize:2,590bytes), content:[{"ky":"Axg2100117751","et":1000,"ui":"865736038733682","mc":"02:00:00:00:00:00","ut":1,"ch":"xgsdk","mid":"976e57ac9144456e40859284c4d5803bf30f9600","si":494663459,"cts":1545273355,"ts":1545272638,"sv":"3.0","dts":-717,"ei":"SrvAck","kv":{"type":"1","busiMsgId":"8230197","msgId":"108230197"}},{"ky":"Axg2100117751","et":1000,"ui":"865736038733682","mc":"02:00:00:00:00:00","ut":1,"ch":"xgsdk","mid":"976e57ac9144456e40859284c4d5803bf30f9600","si":494663459,"cts":1545273355,"ts":1545272638,"sv":"3.0","dts":-717,"ei":"SrvAck","kv":{"type":"1","busiMsgId":"88440066","msgId":"188440066"}}]
12-20 10:36:22.763 25723 25799 D beacon  :  in AnalyticsDAO.query() start
12-20 10:36:22.764 25723 25799 D beacon  :  query: ( _type = 8 ) 
12-20 10:36:22.766 25723 25799 I beacon  : result num: 1
12-20 10:36:22.766 25723 25799 D beacon  :  in AnalyticsDAO.paserCursor() start
12-20 10:36:22.766 25723 25799 D beacon  :  in AnalyticsDAO.paserCursor() end
12-20 10:36:22.766 25723 25799 I beacon  :  total num: 1
12-20 10:36:22.766 25723 25799 D beacon  :  in AnalyticsDAO.query() end
12-20 10:36:22.767 25723 25799 D beacon  : de byte 2 obj 
12-20 10:36:22.768 25723 25799 D beacon  : en obj 2 bytes 
12-20 10:36:22.769 25723 25799 D beacon  :  insertOrUpdate alyticsBeans start!
12-20 10:36:22.790 25723 25799 D beacon  :  result id:98
12-20 10:36:22.791 25723 25799 D beacon  :  insertOrUpdate alyticsBeans end
12-20 10:36:22.791 25723 25799 D beacon_step_api:  used:7  seen:7  next:60
12-20 10:37:22.764 25723 25799 D beacon  :  in AnalyticsDAO.query() start
12-20 10:37:22.765 25723 25799 D beacon  :  query: ( _type = 8 ) 
12-20 10:37:22.766 25723 25799 I beacon  : result num: 1
12-20 10:37:22.767 25723 25799 D beacon  :  in AnalyticsDAO.paserCursor() start
12-20 10:37:22.767 25723 25799 D beacon  :  in AnalyticsDAO.paserCursor() end
12-20 10:37:22.767 25723 25799 I beacon  :  total num: 1
12-20 10:37:22.767 25723 25799 D beacon  :  in AnalyticsDAO.query() end
12-20 10:37:22.767 25723 25799 D beacon  : de byte 2 obj 
12-20 10:37:22.768 25723 25799 D beacon  : en obj 2 bytes 
12-20 10:37:22.769 25723 25799 D beacon  :  insertOrUpdate alyticsBeans start!
12-20 10:37:22.795 25723 25799 D beacon  :  result id:98
12-20 10:37:22.795 25723 25799 D beacon  :  insertOrUpdate alyticsBeans end
12-20 10:37:22.795 25723 25799 D beacon_step_api:  used:8  seen:8  next:60
12-20 10:37:23.483 25723 25820 D GspDcAgent: >>>>>>>>>>>>>>> dcUserOnline_104() begin >>>>>>>>>>>>>>>
12-20 10:37:23.486 25723 25820 D network : network state 0
12-20 10:37:23.486 25723 25820 D GspDcAgent: >>>>>>>>>>>>>>> dc(104) begin >>>>>>>>>>>>>>>
12-20 10:37:23.489 25723 25820 D GspDcAgent: <<<<<<<<<<<<<<<< dc(104) end <<<<<<<<<<<<<<<<
12-20 10:37:23.489 25723 25820 D GspDcAgent: <<<<<<<<<<<<<<<< dcUserOnline_104() end <<<<<<<<<<<<<<<<
12-20 10:37:23.490 25723 25821 D com.happyelements.gsp.android.dc.DataHelper: respFromPostDeflate start...
12-20 10:37:23.636 25723 25821 D com.happyelements.gsp.android.dc.DataHelper: respFromPostDeflate code:204
12-20 10:37:40.551 25723 25787 I MSDK    : [2156][A.I][20181220 +8.0 10:37:40.551][25723,2655][task_manager.cpp,Run,111]:TaskManager run
12-20 10:37:40.552 25723 25787 I MSDK    : [2157][A.I][20181220 +8.0 10:37:40.551][25723,2655][MSDKJniHelper,getNoticeRefreshTime,337]:getNoticeRefreshTime:600
12-20 10:37:40.552 25723 25787 I MSDK    : [2158][A.I][20181220 +8.0 10:37:40.552][25723,2655][msdk_notice.h,RunTask,52]:Start run request notice data task
12-20 10:37:40.552 25723 25787 I MSDK    : [2159][A.I][20181220 +8.0 10:37:40.552][25723,2655][msdk_notice.cpp,RequestNoticeData,89]:Start request notice data
12-20 10:37:40.552 25723 25787 I MSDK    : [2160][A.I][20181220 +8.0 10:37:40.552][25723,2655][msdk_auth.h,GetCurrentPlatform,484]:Current platofrm:2
12-20 10:37:40.552 25723 25787 I MSDK    : [2161][A.I][20181220 +8.0 10:37:40.552][25723,2655][msdk_auth.cpp,GetCurrentOpenId,1346]:Login ret cache is vaild
12-20 10:37:40.552 25723 25787 I MSDK    : [2162][A.I][20181220 +8.0 10:37:40.552][25723,2655][msdk_auth.cpp,GetCurrentOpenId,1353]:Current openid:9572E81B198C26046BB9095AB5669A7A
12-20 10:37:40.552 25723 25787 I MSDK    : [2163][A.I][20181220 +8.0 10:37:40.552][25723,2655][msdk_notice.cpp,RequestNoticeData,97]:Start to send notice request, platform:2 openid:9572E81B198C26046BB9095AB5669A7A
12-20 10:37:40.552 25723 25787 I MSDK    : [2164][A.I][20181220 +8.0 10:37:40.552][25723,2655][MSDKJniHelper,getMSDKVersion,254]:getMSDKVersion:3.0.9a
12-20 10:37:40.552 25723 25787 I MSDK    : [2165][A.I][20181220 +8.0 10:37:40.552][25723,2655][msdk_http_tool.cpp,GetMSDKUrl,125]:GetMSDKUrl: https://ssl.msdk.qq.com/notice/gather_data/?timestamp=1545273460&appid=1106415894&sig=814028ef0fdcab80bbf90c3b7deafef8&version=3.0.9a&encode=2&algorithm=v1&refversion=3.0.9a&opua=AndroidSDK_26_chiron_8.0.0
12-20 10:37:40.552 25723 25787 I MSDK    : [2166][A.I][20181220 +8.0 10:37:40.552][25723,2655][MSDKJniHelper,getMatId,183]:getMatId:865736038733682
12-20 10:37:40.553 25723 25787 I MSDK    : [2167][A.I][20181220 +8.0 10:37:40.552][25723,2655][MSDKJniHelper,getOSVersion,155]:getOSVersion:8.0.0
12-20 10:37:40.553 25723 25787 I MSDK    : [2168][A.I][20181220 +8.0 10:37:40.553][25723,2655][MSDKJniHelper,getDeviceModel,110]:DeviceModel:MIX 2
12-20 10:37:40.553 25723 25787 I MSDK    : [2169][A.I][20181220 +8.0 10:37:40.553][25723,2655][MSDKJniHelper,getResolution,168]:getResolution:1080*2030
12-20 10:37:40.555 25723  2655 D WeGame DeviceInfo.getApn:  typeName:WIFI
12-20 10:37:40.555 25723 25787 I MSDK    : [2170][A.I][20181220 +8.0 10:37:40.555][25723,2655][MSDKJniHelper,getAPN,201]:getAPN:wifi
12-20 10:37:40.555 25723 25787 I MSDK    : [2171][A.I][20181220 +8.0 10:37:40.555][25723,2655][MSDKJniHelper,getMSDKVersion,254]:getMSDKVersion:3.0.9a
12-20 10:37:40.557 25723 25787 I MSDK    : [2172][A.I][20181220 +8.0 10:37:40.557][25723,2655][MSDKNoticeUtil,getNoticeLastUpdateTime,26]:updateTime:0
12-20 10:37:40.557 25723 25787 I MSDK    : [2173][A.I][20181220 +8.0 10:37:40.557][25723,2655][msdk_notice_network.cpp,GetNoticePostData,60]:GetNoticePostData:{"appid":"1106415894","openid":"9572E81B198C26046BB9095AB5669A7A","matid":"865736038733682","os":1,"osVersion":"8.0.0","tradeMark":"MIX 2","screenDpi":2.75,"screenDir":1,"resolution":"1080*2030","apn":"wifi","noticeVersion":190,"msdkVersion":"3.0.9a","protocolVer":"1.1","lastTime":"0"}
12-20 10:37:40.557 25723 25787 I MSDK    : [2174][A.I][20181220 +8.0 10:37:40.557][25723,2655][HttpClientMgr.cpp,GenerateRequestID,118]:httpclientmgr generate new requestid :10017
12-20 10:37:40.557 25723 25787 I MSDK    : [2175][A.I][20181220 +8.0 10:37:40.557][25723,2655][HttpClientMgr.cpp,RequestHttp,160]:request http:https://ssl.msdk.qq.com/notice/gather_data/?timestamp=1545273460&appid=1106415894&sig=814028ef0fdcab80bbf90c3b7deafef8&version=3.0.9a&encode=2&algorithm=v1&refversion=3.0.9a&opua=AndroidSDK_26_chiron_8.0.0 opt:3 ud:0x2710 with seq:10017, reqtime:1545273460
12-20 10:37:40.557 25723 25787 I MSDK    : [2176][A.I][20181220 +8.0 10:37:40.557][25723,2655][HttpClientMgr.cpp,RequestHttp,164]:client manager:0xd0ccb880 request que size:1
12-20 10:37:40.557 25723 25787 I MSDK    : [2177][A.I][20181220 +8.0 10:37:40.557][25723,2655][HttpClientMgr.cpp,GetHttpClient,321]:get an idle http client:0xd0cc7900
12-20 10:37:40.558 25723 25787 I MSDK    : [2178][A.I][20181220 +8.0 10:37:40.557][25723,2655][HttpClientMgr.cpp,run_http_request,182]:run_http_request Get idle_client:0xd0cc7900
12-20 10:37:40.558 25723 25787 I MSDK    : [2179][A.I][20181220 +8.0 10:37:40.557][25723,2655][HttpClientMgr.cpp,run_http_request,226]:issue http request client:0xd0cc7900, url:https://ssl.msdk.qq.com/notice/gather_data/?timestamp=1545273460&appid=1106415894&sig=814028ef0fdcab80bbf90c3b7deafef8&version=3.0.9a&encode=2&algorithm=v1&refversion=3.0.9a&opua=AndroidSDK_26_chiron_8.0.0, opt:3, seq:10017
12-20 10:37:40.558 25723 25787 I MSDK    : [2180][A.I][20181220 +8.0 10:37:40.558][25723,2655][MSDKHttpClient.cpp,ResetData,570]:http client: 0xd0cc7900 reset data
12-20 10:37:40.558 25723 25787 I MSDK    : [2181][A.I][20181220 +8.0 10:37:40.558][25723,2655][MSDKHttpClient.cpp,CreateRequestThread,260]:httpclient Create Request Thread start
12-20 10:37:40.558 25723 25787 I MSDK    : [2182][A.I][20181220 +8.0 10:37:40.558][25723,2655][MSDKHttpClient.cpp,CreateRequestThread,265]:httpclient Create Request Thread, ret:0
12-20 10:37:40.558 25723 25787 I MSDK    : [2183][A.I][20181220 +8.0 10:37:40.558][25723,3580][MSDKHttpClient.cpp,CreateRequestThreadCallBack,277]:httpclient Create Request Thread callback httpClient:0xd0cc7900
12-20 10:37:40.558 25723 25787 I MSDK    : [2184][A.I][20181220 +8.0 10:37:40.558][25723,3580][MSDKHttpClient.cpp,PostSendContent,434]:httpclient post start curl, seq:10017
12-20 10:37:40.831 25723 25787 I MSDK    : [2185][A.I][20181220 +8.0 10:37:40.831][25723,3580][MSDKHttpClient.cpp,PostSendContent,506]:httpclient:0xd0cc7900 post seq:10017 curl_easy_perform and retCode:0 with left_timeout:15
12-20 10:37:40.831 25723 25787 I MSDK    : [2186][A.I][20181220 +8.0 10:37:40.831][25723,3580][MSDKHttpClient.cpp,PostSendContent,515]:http client statistic starttime:1545273460, reqissuetiem:0, reqrequestime:0
12-20 10:37:40.831 25723 25787 I MSDK    : [2187][A.I][20181220 +8.0 10:37:40.831][25723,3580][MSDKHttpClient.cpp,PostSendContent,521]:POST method get http response code result:0, code:200
12-20 10:37:40.838 25723 25787 I MSDK    : [2188][A.I][20181220 +8.0 10:37:40.838][25723,3580][HttpClientMgr.cpp,OnHttpClientCallBack,265]:HttpClientMgr::httpCallBack client:0xd0cc7900, result:0
12-20 10:37:40.838 25723 25787 I MSDK    : [2189][A.I][20181220 +8.0 10:37:40.838][25723,3580][HttpClientMgr.cpp,OnHttpClientCallBack,292]:httpCallBack MsdkNetworkListener:0xe6bedcf8, userdata_to_app:0x2710, seq:10017, response_body length:152
12-20 10:37:40.838 25723 25787 I MSDK    : [2190][A.I][20181220 +8.0 10:37:40.838][25723,3580][HttpClientMgr.cpp,RetrieveHttpClient,330]:retrieve a http client 0xd0cc7900
12-20 10:37:40.838 25723 25787 I MSDK    : [2191][A.I][20181220 +8.0 10:37:40.838][25723,3580][MSDKHttpClient.cpp,ResetData,570]:http client: 0xd0cc7900 reset data
12-20 10:37:40.838 25723 25787 I MSDK    : [2192][A.I][20181220 +8.0 10:37:40.838][25723,3580][HttpClientMgr.cpp,GetHttpClient,321]:get an idle http client:0xe1a7c9a0
12-20 10:37:40.838 25723 25787 I MSDK    : [2193][A.I][20181220 +8.0 10:37:40.838][25723,3580][HttpClientMgr.cpp,run_http_request,182]:run_http_request Get idle_client:0xe1a7c9a0
12-20 10:37:40.838 25723 25787 I MSDK    : [2194][A.I][20181220 +8.0 10:37:40.838][25723,3580][HttpClientMgr.cpp,run_http_request,209]:have no avilable http request
12-20 10:37:40.838 25723 25787 I MSDK    : [2195][A.I][20181220 +8.0 10:37:40.838][25723,3580][MSDKHttpClient.cpp,ResetData,570]:http client: 0xe1a7c9a0 reset data
12-20 10:37:40.838 25723 25787 I MSDK    : [2196][A.I][20181220 +8.0 10:37:40.838][25723,3580][msdk_notice.cpp,Response,38]:Notice http response, request id 10017, result 0, size 152, cmd 10000
12-20 10:37:40.838 25723 25787 I MSDK    : [2197][A.I][20181220 +8.0 10:37:40.838][25723,3580][msdk_base_network.cpp,ParseResponseData,36]:ParseResponseData decrpt:{"adInfoList":[],"adPosList":[],"appid":"1106415894","invalidMsgid":[],"list":[],"msg":"success","ret":0,"rptType":0,"sendTime":"1545272743"}
12-20 10:37:40.838 25723 25787 I MSDK    : 
12-20 10:37:40.838 25723 25787 I MSDK    : [2198][A.I][20181220 +8.0 10:37:40.838][25723,3580][msdk_base_network.cpp,ParseResponseData,49]:ret:0 message:success
12-20 10:37:40.838 25723 25787 I MSDK    : [2199][A.I][20181220 +8.0 10:37:40.838][25723,3580][msdk_notice.cpp,DeleteExpireNoticeData,123]:Delete expire notice
12-20 10:37:40.838 25723 25787 I MSDK    : [2200][A.I][20181220 +8.0 10:37:40.838][25723,3580][msdk_jni_helper.cpp,getenv_,40]:MSDKJNI Use pthread_key_t for new thread
12-20 10:37:40.839 25723 25787 I MSDK    : [2201][A.I][20181220 +8.0 10:37:40.839][25723,3580][MSDKNoticeUtil,getNoticeData,65]:getNoticeData of appid: openid: scene:
12-20 10:37:40.839 25723  3580 D WeGame NoticeDBModel.getAllNoticeRecord:  SELECT * from notice_info ORDER BY msg_order DESC, msg_id DESC; 
12-20 10:37:40.841 25723  3580 D WeGame NoticeDBModel.getAllNoticeRecord:  query result:0
12-20 10:37:40.841 25723 25787 I MSDK    : [2202][A.I][20181220 +8.0 10:37:40.841][25723,3580][MSDKNoticeUtil,getNoticeData,128]:Got notice data,count:0 data:{"list":[]}
12-20 10:37:40.842 25723 25787 I MSDK    : [2203][A.I][20181220 +8.0 10:37:40.841][25723,3580][msdk_notice.cpp,SaveNoticeData,163]:Save notice data, count:0
12-20 10:37:40.842 25723 25787 I MSDK    : [2204][A.I][20181220 +8.0 10:37:40.842][25723,3580][msdk_jni_helper.cpp,detach_current_thread_,27]:MSDKJNI env DetachCurrentThread
12-20 10:37:47.919  2735 26160 I ActiveController: loadActiveListByType type: 2, name: com.tencent.TsumTsumAndroid, uid: 10081, pid: 25723, status: 10
12-20 10:38:22.764 25723 25799 D beacon  :  in AnalyticsDAO.query() start
12-20 10:38:22.764 25723 25799 D beacon  :  query: ( _type = 8 ) 
12-20 10:38:22.766 25723 25799 I beacon  : result num: 1
12-20 10:38:22.766 25723 25799 D beacon  :  in AnalyticsDAO.paserCursor() start
12-20 10:38:22.766 25723 25799 D beacon  :  in AnalyticsDAO.paserCursor() end
12-20 10:38:22.766 25723 25799 I beacon  :  total num: 1
12-20 10:38:22.766 25723 25799 D beacon  :  in AnalyticsDAO.query() end
12-20 10:38:22.766 25723 25799 D beacon  : de byte 2 obj 
12-20 10:38:22.768 25723 25799 D beacon  : en obj 2 bytes 
12-20 10:38:22.768 25723 25799 D beacon  :  insertOrUpdate alyticsBeans start!
12-20 10:38:22.783 25723 25799 D beacon  :  result id:98
12-20 10:38:22.783 25723 25799 D beacon  :  insertOrUpdate alyticsBeans end
12-20 10:38:22.784 25723 25799 D beacon_step_api:  used:9  seen:9  next:60
12-20 10:39:22.763 25723 25799 D beacon  :  in AnalyticsDAO.query() start
12-20 10:39:22.764 25723 25799 D beacon  :  query: ( _type = 8 ) 
12-20 10:39:22.765 25723 25799 I beacon  : result num: 1
12-20 10:39:22.765 25723 25799 D beacon  :  in AnalyticsDAO.paserCursor() start
12-20 10:39:22.765 25723 25799 D beacon  :  in AnalyticsDAO.paserCursor() end
12-20 10:39:22.766 25723 25799 I beacon  :  total num: 1
12-20 10:39:22.766 25723 25799 D beacon  :  in AnalyticsDAO.query() end
12-20 10:39:22.766 25723 25799 D beacon  : de byte 2 obj 
12-20 10:39:22.767 25723 25799 D beacon  : en obj 2 bytes 
12-20 10:39:22.767 25723 25799 D beacon  :  insertOrUpdate alyticsBeans start!
12-20 10:39:22.784 25723 25799 D beacon  :  result id:98
