12-20 07:29:08.833 25723 25799 D beacon_step_upload:  req:2  res:0  send:432  recv:128  result: true  msg:null
12-20 07:29:08.833 25723 25799 D beacon  :  in AnalyticsDAO.query() start
12-20 07:29:08.833 25723 25799 D beacon  :  query: ( _type = 6 )  and _time <= 0 
12-20 07:29:08.835 25723 25799 I beacon  : result num: 3
12-20 07:29:08.835 25723 25799 D beacon  :  in AnalyticsDAO.paserCursor() start
12-20 07:29:08.835 25723 25799 D beacon  :  in AnalyticsDAO.paserCursor() end
12-20 07:29:08.835 25723 25799 I beacon  :  total num: 3
12-20 07:29:08.836 25723 25799 D beacon  :  in AnalyticsDAO.query() end
12-20 07:29:08.836 25723 25799 D beacon  : de byte 2 obj 
12-20 07:29:08.837 25723 25799 I chatty  : uid=10081(u0_a81) pool-9-thread-1 identical 15 lines
12-20 07:30:31.431 25723 25799 I chatty  : uid=10081(u0_a81) pool-9-thread-1 expire 22 lines
12-20 07:31:17.883 25764 32539 I chatty  : uid=10081(u0_a81) com.tencent.TsumTsumAndroid:xg_service_v3 expire 6 lines
12-20 07:34:57.118 25723 25801 I chatty  : uid=10081(u0_a81) pool-9-thread-3 expire 13 lines
12-20 07:36:27.616 25723 25801 I chatty  : uid=10081(u0_a81) pool-9-thread-3 expire 26 lines
12-20 07:36:43.940 25723 25820 I chatty  : uid=10081(u0_a81) DcTimer expire 15 lines
12-20 07:39:24.511 25764 32619 I chatty  : uid=10081(u0_a81) com.tencent.TsumTsumAndroid:xg_service_v3 expire 6 lines
12-20 07:39:26.281 25723 25800 I chatty  : uid=10081(u0_a81) pool-9-thread-2 expire 13 lines
12-20 07:40:53.342 25723 25800 I chatty  : uid=10081(u0_a81) pool-9-thread-2 expire 13 lines
12-20 07:42:25.339 25723 25800 I chatty  : uid=10081(u0_a81) pool-9-thread-2 expire 13 lines
12-20 07:43:55.714 25723 25799 I chatty  : uid=10081(u0_a81) pool-9-thread-1 expire 13 lines
12-20 07:43:55.740 25723 25800 I chatty  : uid=10081(u0_a81) pool-9-thread-2 expire 17 lines
12-20 07:44:04.727 25723 25801 I chatty  : uid=10081(u0_a81) pool-9-thread-3 expire 54 lines
12-20 07:45:23.885 25723 25800 I chatty  : uid=10081(u0_a81) pool-9-thread-2 expire 22 lines
12-20 07:45:33.094 25723 25799 I chatty  : uid=10081(u0_a81) pool-9-thread-1 expire 41 lines
12-20 07:47:35.232 25764 32694 I chatty  : uid=10081(u0_a81) com.tencent.TsumTsumAndroid:xg_service_v3 expire 7 lines
12-20 07:48:27.885 25723 25799 I chatty  : uid=10081(u0_a81) pool-9-thread-1 expire 13 lines
12-20 07:49:56.524 25723 25800 I chatty  : uid=10081(u0_a81) pool-9-thread-2 expire 26 lines
12-20 07:51:50.244 25723 25820 I chatty  : uid=10081(u0_a81) DcTimer expire 15 lines
12-20 07:53:02.922 25723 25799 I chatty  : uid=10081(u0_a81) pool-9-thread-1 expire 13 lines
12-20 07:54:30.173 25723 25799 I chatty  : uid=10081(u0_a81) pool-9-thread-1 expire 13 lines
12-20 07:55:49.891 25764   322 I chatty  : uid=10081(u0_a81) com.tencent.TsumTsumAndroid:xg_service_v3 expire 6 lines
12-20 07:55:50.126 25764 25774 I chatty  : uid=10081(u0_a81) Jit thread pool expire 2 lines
12-20 07:55:57.544 25723 25801 I chatty  : uid=10081(u0_a81) pool-9-thread-3 expire 13 lines
12-20 07:56:52.033 25723 25821 I chatty  : uid=10081(u0_a81) Thread-13 expire 10 lines
12-20 07:57:25.822 25723 25801 I chatty  : uid=10081(u0_a81) pool-9-thread-3 expire 13 lines
12-20 07:58:53.750 25723 25800 I chatty  : uid=10081(u0_a81) pool-9-thread-2 expire 54 lines
12-20 07:58:53.775 25723 25801 I chatty  : uid=10081(u0_a81) pool-9-thread-3 expire 17 lines
12-20 08:00:24.657 25723 25800 I chatty  : uid=10081(u0_a81) pool-9-thread-2 expire 22 lines
12-20 08:01:51.987 25723 25801 I chatty  : uid=10081(u0_a81) pool-9-thread-3 expire 13 lines
12-20 08:03:22.583 25723 25799 I chatty  : uid=10081(u0_a81) pool-9-thread-1 expire 13 lines
12-20 08:03:52.341 25764   667 I chatty  : uid=10081(u0_a81) com.tencent.TsumTsumAndroid:xg_service_v3 expire 6 lines
12-20 08:04:43.719 25723 25801 I chatty  : uid=10081(u0_a81) pool-9-thread-3 expire 13 lines
12-20 08:06:14.318 25723 25801 I chatty  : uid=10081(u0_a81) pool-9-thread-3 expire 13 lines
12-20 08:06:52.545 25723 25820 I chatty  : uid=10081(u0_a81) DcTimer expire 10 lines
12-20 08:07:48.574 25723 25801 I chatty  : uid=10081(u0_a81) pool-9-thread-3 expire 13 lines
12-20 08:09:18.390 25723 25801 I chatty  : uid=10081(u0_a81) pool-9-thread-3 expire 13 lines
12-20 08:12:02.903 25764   806 I chatty  : uid=10081(u0_a81) com.tencent.TsumTsumAndroid:xg_service_v3 expire 6 lines
12-20 08:12:15.681 25723 25799 I chatty  : uid=10081(u0_a81) pool-9-thread-1 expire 13 lines
12-20 08:13:45.088 25723 25800 I chatty  : uid=10081(u0_a81) pool-9-thread-2 expire 54 lines
12-20 08:13:45.121 25723 25799 I chatty  : uid=10081(u0_a81) pool-9-thread-1 expire 17 lines
12-20 08:15:17.913 25723 25800 I chatty  : uid=10081(u0_a81) pool-9-thread-2 expire 22 lines
12-20 08:16:45.147 25723 25799 I chatty  : uid=10081(u0_a81) pool-9-thread-1 expire 13 lines
12-20 08:16:56.085 25723 25820 I chatty  : uid=10081(u0_a81) DcTimer expire 10 lines
12-20 08:18:16.442 25723 25799 I chatty  : uid=10081(u0_a81) pool-9-thread-1 expire 13 lines
12-20 08:20:10.510 25764   968 I chatty  : uid=10081(u0_a81) com.tencent.TsumTsumAndroid:xg_service_v3 expire 6 lines
12-20 08:20:10.712 25764 25790 I chatty  : uid=10081(u0_a81) XgStat expire 10 lines
12-20 08:21:09.197 25723 25800 I chatty  : uid=10081(u0_a81) pool-9-thread-2 expire 13 lines
12-20 08:21:56.593 25723 25821 I chatty  : uid=10081(u0_a81) Thread-13 expire 10 lines
12-20 08:22:37.593 25723 25800 I chatty  : uid=10081(u0_a81) pool-9-thread-2 expire 13 lines
12-20 08:24:09.572 25723 25800 I chatty  : uid=10081(u0_a81) pool-9-thread-2 expire 13 lines
12-20 08:25:16.599 25764   970 I chatty  : uid=10081(u0_a81) com.tencent.TsumTsumAndroid:xg_service_v3 expire 1 line
12-20 08:25:37.996 25723 25800 I chatty  : uid=10081(u0_a81) pool-9-thread-2 expire 13 lines
12-20 08:26:58.768 25723 25820 I chatty  : uid=10081(u0_a81) DcTimer expire 10 lines
12-20 08:27:07.783 25723 25799 I chatty  : uid=10081(u0_a81) pool-9-thread-1 expire 13 lines
12-20 08:28:18.554 25764  1188 I chatty  : uid=10081(u0_a81) com.tencent.TsumTsumAndroid:xg_service_v3 expire 6 lines
12-20 08:28:36.773 25723 25799 I chatty  : uid=10081(u0_a81) pool-9-thread-1 expire 13 lines
12-20 08:28:36.798 25723 25801 I chatty  : uid=10081(u0_a81) pool-9-thread-3 expire 26 lines
12-20 08:28:43.872 25723 25800 I chatty  : uid=10081(u0_a81) pool-9-thread-2 expire 41 lines
12-20 08:31:36.028 25723 25799 I chatty  : uid=10081(u0_a81) pool-9-thread-1 expire 13 lines
12-20 08:33:03.026 25723 25800 I chatty  : uid=10081(u0_a81) pool-9-thread-2 expire 13 lines
12-20 08:34:32.317 25723 25800 I chatty  : uid=10081(u0_a81) pool-9-thread-2 expire 13 lines
12-20 08:36:06.000 25723 25800 I chatty  : uid=10081(u0_a81) pool-9-thread-2 expire 13 lines
12-20 08:36:27.943 25764  1340 I chatty  : uid=10081(u0_a81) com.tencent.TsumTsumAndroid:xg_service_v3 expire 6 lines
12-20 08:37:01.033 25723 25820 I chatty  : uid=10081(u0_a81) DcTimer expire 10 lines
12-20 08:37:35.842 25723 25800 I chatty  : uid=10081(u0_a81) pool-9-thread-2 expire 13 lines
12-20 08:39:07.577 25723 25801 I chatty  : uid=10081(u0_a81) pool-9-thread-3 expire 13 lines
12-20 08:40:38.733 25723 25801 I chatty  : uid=10081(u0_a81) pool-9-thread-3 expire 13 lines
12-20 08:42:09.726 25723 25801 I chatty  : uid=10081(u0_a81) pool-9-thread-3 expire 13 lines
12-20 08:43:39.292 25723 25799 I chatty  : uid=10081(u0_a81) pool-9-thread-1 expire 64 lines
12-20 08:43:39.317 25723 25801 I chatty  : uid=10081(u0_a81) pool-9-thread-3 expire 17 lines
12-20 08:44:28.766 25764  1462 I chatty  : uid=10081(u0_a81) com.tencent.TsumTsumAndroid:xg_service_v3 expire 7 lines
12-20 08:46:42.446 25723 25799 I chatty  : uid=10081(u0_a81) pool-9-thread-1 expire 12 lines
12-20 08:47:04.622 25723 25820 I chatty  : uid=10081(u0_a81) DcTimer expire 10 lines
12-20 08:47:04.634 25723 25821 I chatty  : uid=10081(u0_a81) Thread-13 expire 10 lines
12-20 08:48:12.254 25723 25799 I chatty  : uid=10081(u0_a81) pool-9-thread-1 expire 13 lines
12-20 08:49:45.355 25723 25800 I chatty  : uid=10081(u0_a81) pool-9-thread-2 expire 13 lines
12-20 08:51:12.269 25723 25800 I chatty  : uid=10081(u0_a81) pool-9-thread-2 expire 26 lines
12-20 08:52:56.680 25764  1545 I chatty  : uid=10081(u0_a81) com.tencent.TsumTsumAndroid:xg_service_v3 expire 6 lines
12-20 08:54:08.584 25723 25800 I chatty  : uid=10081(u0_a81) pool-9-thread-2 expire 13 lines
12-20 08:55:39.738 25723 25799 I chatty  : uid=10081(u0_a81) pool-9-thread-1 expire 13 lines
12-20 08:57:06.383 25723 25820 I chatty  : uid=10081(u0_a81) DcTimer expire 10 lines
12-20 08:57:09.750 25723 25801 I chatty  : uid=10081(u0_a81) pool-9-thread-3 expire 13 lines
12-20 08:58:40.994 25723 25801 I chatty  : uid=10081(u0_a81) pool-9-thread-3 expire 30 lines
12-20 08:58:49.074 25723 25799 I chatty  : uid=10081(u0_a81) pool-9-thread-1 expire 41 lines
12-20 09:00:11.915 25723 25799 I chatty  : uid=10081(u0_a81) pool-9-thread-1 expire 22 lines
12-20 09:01:06.320 25764  1806 I chatty  : uid=10081(u0_a81) com.tencent.TsumTsumAndroid:xg_service_v3 expire 6 lines
12-20 09:01:06.572 25764 25790 I chatty  : uid=10081(u0_a81) XgStat expire 10 lines
12-20 09:03:07.420 25723 25799 I chatty  : uid=10081(u0_a81) pool-9-thread-1 expire 13 lines
12-20 09:04:36.435 25723 25799 I chatty  : uid=10081(u0_a81) pool-9-thread-1 expire 13 lines
12-20 09:06:03.683 25723 25799 I chatty  : uid=10081(u0_a81) pool-9-thread-1 expire 13 lines
12-20 09:07:09.714 25723 25820 I chatty  : uid=10081(u0_a81) DcTimer expire 10 lines
12-20 09:07:35.118 25723 25800 I chatty  : uid=10081(u0_a81) pool-9-thread-2 expire 13 lines
12-20 09:09:04.423 25723 25801 I chatty  : uid=10081(u0_a81) pool-9-thread-3 expire 13 lines
12-20 09:09:11.450 25764  1974 I chatty  : uid=10081(u0_a81) com.tencent.TsumTsumAndroid:xg_service_v3 expire 6 lines
12-20 09:10:31.856 25723 25801 I chatty  : uid=10081(u0_a81) pool-9-thread-3 expire 13 lines
12-20 09:12:00.936 25723 25801 I chatty  : uid=10081(u0_a81) pool-9-thread-3 expire 13 lines
12-20 09:12:11.367 25723 25821 I chatty  : uid=10081(u0_a81) Thread-13 expire 10 lines
12-20 09:13:33.226 25723 25799 I chatty  : uid=10081(u0_a81) pool-9-thread-1 expire 54 lines
12-20 09:13:33.258 25723 25801 I chatty  : uid=10081(u0_a81) pool-9-thread-3 expire 17 lines
12-20 09:15:02.292 25723 25801 I chatty  : uid=10081(u0_a81) pool-9-thread-3 expire 11 lines
12-20 09:16:32.417 25723 25801 I chatty  : uid=10081(u0_a81) pool-9-thread-3 expire 11 lines
12-20 09:17:11.357 25723 25820 I chatty  : uid=10081(u0_a81) DcTimer expire 10 lines
12-20 09:17:20.560 25764  2086 I chatty  : uid=10081(u0_a81) com.tencent.TsumTsumAndroid:xg_service_v3 expire 6 lines
12-20 09:17:20.807 25764  2091 I chatty  : uid=10081(u0_a81) com.tencent.TsumTsumAndroid:xg_service_v3 expire 1 line
12-20 09:17:59.048 25723 25801 I chatty  : uid=10081(u0_a81) pool-9-thread-3 expire 13 lines
12-20 09:19:27.630 25723 25801 I chatty  : uid=10081(u0_a81) pool-9-thread-3 expire 13 lines
12-20 09:20:56.502 25723 25800 I chatty  : uid=10081(u0_a81) pool-9-thread-2 expire 13 lines
12-20 09:22:27.749 25723 25800 I chatty  : uid=10081(u0_a81) pool-9-thread-2 expire 13 lines
12-20 09:23:56.753 25723 25800 I chatty  : uid=10081(u0_a81) pool-9-thread-2 expire 13 lines
12-20 09:25:24.928 25723 25801 I chatty  : uid=10081(u0_a81) pool-9-thread-3 expire 13 lines
12-20 09:25:29.460 25764  2182 I chatty  : uid=10081(u0_a81) com.tencent.TsumTsumAndroid:xg_service_v3 expire 6 lines
12-20 09:26:54.393 25723 25801 I chatty  : uid=10081(u0_a81) pool-9-thread-3 expire 13 lines
12-20 09:27:13.846 25723 25820 I chatty  : uid=10081(u0_a81) DcTimer expire 10 lines
12-20 09:28:21.127 25723 25801 I chatty  : uid=10081(u0_a81) pool-9-thread-3 expire 54 lines
12-20 09:28:21.155 25723 25799 I chatty  : uid=10081(u0_a81) pool-9-thread-1 expire 17 lines
12-20 09:29:51.539 25723 25801 I chatty  : uid=10081(u0_a81) pool-9-thread-3 expire 22 lines
12-20 09:32:54.089 25723 25800 I chatty  : uid=10081(u0_a81) pool-9-thread-2 expire 13 lines
12-20 09:33:39.654 25764  2320 I chatty  : uid=10081(u0_a81) com.tencent.TsumTsumAndroid:xg_service_v3 expire 6 lines
12-20 09:34:23.422 25723 25799 I chatty  : uid=10081(u0_a81) pool-9-thread-1 expire 13 lines
12-20 09:35:53.521 25723 25801 I chatty  : uid=10081(u0_a81) pool-9-thread-3 expire 13 lines
12-20 09:37:17.024 25723 25820 I chatty  : uid=10081(u0_a81) DcTimer expire 10 lines
12-20 09:37:17.042 25723 25821 I chatty  : uid=10081(u0_a81) Thread-13 expire 10 lines
12-20 09:37:21.597 25723 25800 I chatty  : uid=10081(u0_a81) pool-9-thread-2 expire 13 lines
12-20 09:38:49.068 25723 25801 I chatty  : uid=10081(u0_a81) pool-9-thread-3 expire 13 lines
12-20 09:40:19.374 25723 25800 I chatty  : uid=10081(u0_a81) pool-9-thread-2 expire 13 lines
12-20 09:41:29.156 25764  2418 I chatty  : uid=10081(u0_a81) com.tencent.TsumTsumAndroid:xg_service_v3 expire 7 lines
12-20 09:41:45.557 25764 25790 I chatty  : uid=10081(u0_a81) XgStat expire 10 lines
12-20 09:41:46.455 25723 25800 I chatty  : uid=10081(u0_a81) pool-9-thread-2 expire 13 lines
12-20 09:43:17.079 25723 25801 I chatty  : uid=10081(u0_a81) pool-9-thread-3 expire 13 lines
12-20 09:43:17.108 25723 25800 I chatty  : uid=10081(u0_a81) pool-9-thread-2 expire 17 lines
12-20 09:43:26.245 25723 25799 I chatty  : uid=10081(u0_a81) pool-9-thread-1 expire 41 lines
12-20 09:44:48.578 25723 25800 I chatty  : uid=10081(u0_a81) pool-9-thread-2 expire 12 lines
12-20 09:46:16.563 25723 25800 I chatty  : uid=10081(u0_a81) pool-9-thread-2 expire 10 lines
12-20 09:47:18.495 25723 25820 I chatty  : uid=10081(u0_a81) DcTimer expire 10 lines
12-20 09:47:45.982 25723 25801 I chatty  : uid=10081(u0_a81) pool-9-thread-3 expire 13 lines
12-20 09:49:16.454 25723 25801 I chatty  : uid=10081(u0_a81) pool-9-thread-3 expire 13 lines
12-20 09:49:54.140 25764  2513 I chatty  : uid=10081(u0_a81) com.tencent.TsumTsumAndroid:xg_service_v3 expire 6 lines
12-20 09:50:44.415 25723 25801 I chatty  : uid=10081(u0_a81) pool-9-thread-3 expire 13 lines
12-20 09:52:11.414 25723 25799 I chatty  : uid=10081(u0_a81) pool-9-thread-1 expire 13 lines
12-20 09:53:41.170 25723 25801 I chatty  : uid=10081(u0_a81) pool-9-thread-3 expire 13 lines
12-20 09:55:13.839 25723 25801 I chatty  : uid=10081(u0_a81) pool-9-thread-3 expire 13 lines
12-20 09:56:43.025 25723 25801 I chatty  : uid=10081(u0_a81) pool-9-thread-3 expire 13 lines
12-20 09:57:23.475 25723 25820 I chatty  : uid=10081(u0_a81) DcTimer expire 10 lines
12-20 09:58:05.684 25764  2579 I chatty  : uid=10081(u0_a81) com.tencent.TsumTsumAndroid:xg_service_v3 expire 6 lines
12-20 09:58:05.743 25764  2581 I chatty  : uid=10081(u0_a81) TpnsClient expire 2 lines
12-20 09:58:14.347 25723 25801 I chatty  : uid=10081(u0_a81) pool-9-thread-3 expire 63 lines
12-20 09:58:14.383 25723 25799 I chatty  : uid=10081(u0_a81) pool-9-thread-1 expire 17 lines
12-20 09:59:46.220 25723 25799 I chatty  : uid=10081(u0_a81) pool-9-thread-1 expire 22 lines
12-20 09:59:54.622 25723 25801 I chatty  : uid=10081(u0_a81) pool-9-thread-3 expire 41 lines
12-20 10:01:40.517  2735  3094 I WtProcessController: FOREGROUND INFO: name=com.tencent.TsumTsumAndroid uid=10081 pid=25723 TaskId:56
12-20 10:01:40.527 25723 25807 I chatty  : uid=10081(u0_a81) BUGLY_THREAD expire 3 lines
12-20 10:01:40.545 25723 25787 I chatty  : uid=10081(u0_a81) com.tencent.TsumTsumAndroid expire 201 lines
12-20 10:01:40.562 25723  2655 I chatty  : uid=10081(u0_a81) Timer-1 expire 7 lines
12-20 10:01:40.652 25723 25746 I chatty  : uid=10081(u0_a81) UnityMain expire 13 lines
12-20 10:01:40.658 25723  2682 I chatty  : uid=10081(u0_a81) FMODAudioDevice expire 3 lines
12-20 10:01:40.666 25723 25821 I chatty  : uid=10081(u0_a81) Thread-13 expire 10 lines
12-20 10:01:40.668   914 17343 E AudioFlinger: open /proc/25723/cmdline error
12-20 10:01:40.831 25723  2688 I chatty  : uid=10081(u0_a81) com.tencent.TsumTsumAndroid expire 2 lines
12-20 10:01:40.855 25723  2685 I chatty  : uid=10081(u0_a81) com.tencent.TsumTsumAndroid expire 19 lines
12-20 10:01:40.935 25723 25787 I MSDK    : [1711][A.I][20181220 +8.0 10:01:40.935][25723,2665][MSDKHttpClient.cpp,PostSendContent,506]:httpclient:0xd0cc77c0 post seq:10010 curl_easy_perform and retCode:0 with left_timeout:15
12-20 10:01:40.935 25723 25787 I MSDK    : [1712][A.I][20181220 +8.0 10:01:40.935][25723,2665][MSDKHttpClient.cpp,PostSendContent,515]:http client statistic starttime:1545271300, reqissuetiem:0, reqrequestime:0
12-20 10:01:40.935 25723 25787 I MSDK    : [1713][A.I][20181220 +8.0 10:01:40.935][25723,2665][MSDKHttpClient.cpp,PostSendContent,521]:POST method get http response code result:0, code:200
12-20 10:01:40.938 25723 25787 I MSDK    : [1714][A.I][20181220 +8.0 10:01:40.938][25723,2665][HttpClientMgr.cpp,OnHttpClientCallBack,265]:HttpClientMgr::httpCallBack client:0xd0cc77c0, result:0
12-20 10:01:40.938 25723 25787 I MSDK    : [1715][A.I][20181220 +8.0 10:01:40.938][25723,2665][HttpClientMgr.cpp,OnHttpClientCallBack,292]:httpCallBack MsdkNetworkListener:0xd1476340, userdata_to_app:0x1cfde2, seq:10010, response_body length:472
12-20 10:01:40.938 25723 25787 I MSDK    : [1716][A.I][20181220 +8.0 10:01:40.938][25723,2665][HttpClientMgr.cpp,RetrieveHttpClient,330]:retrieve a http client 0xd0cc77c0
12-20 10:01:40.938 25723 25787 I MSDK    : [1717][A.I][20181220 +8.0 10:01:40.938][25723,2665][MSDKHttpClient.cpp,ResetData,570]:http client: 0xd0cc77c0 reset data
12-20 10:01:40.938 25723 25787 I MSDK    : [1718][A.I][20181220 +8.0 10:01:40.938][25723,2665][HttpClientMgr.cpp,GetHttpClient,321]:get an idle http client:0xd0cc7860
12-20 10:01:40.938 25723 25787 I MSDK    : [1719][A.I][20181220 +8.0 10:01:40.938][25723,2665][HttpClientMgr.cpp,run_http_request,182]:run_http_request Get idle_client:0xd0cc7860
12-20 10:01:40.938 25723 25787 I MSDK    : [1720][A.I][20181220 +8.0 10:01:40.938][25723,2665][HttpClientMgr.cpp,run_http_request,209]:have no avilable http request
12-20 10:01:40.938 25723 25787 I MSDK    : [1721][A.I][20181220 +8.0 10:01:40.938][25723,2665][MSDKHttpClient.cpp,ResetData,570]:http client: 0xd0cc7860 reset data
12-20 10:01:40.938 25723 25787 I MSDK    : [1722][A.I][20181220 +8.0 10:01:40.938][25723,2665][msdk_qq_auth.cpp,Response,44]:QQ auth http response, request id 10010, result 0, size 472, cmd 1900002
12-20 10:01:40.938 25723 25787 I MSDK    : [1723][A.I][20181220 +8.0 10:01:40.938][25723,2665][msdk_auth.cpp,GetCurrentLoginRequestId,1295]:Get current login request id:10010
12-20 10:01:40.938 25723 25787 I MSDK    : [1724][A.I][20181220 +8.0 10:01:40.938][25723,2665][msdk_qq_auth.cpp,Response,53]:QQ Auth login time:0
12-20 10:01:40.938 25723 25787 I MSDK    : [1725][A.I][20181220 +8.0 10:01:40.938][25723,2665][msdk_jni_helper.cpp,getenv_,40]:MSDKJNI Use pthread_key_t for new thread
12-20 10:01:40.939 25723 25746 I Unity   : httpResponse code = 200
12-20 10:01:40.939 25723 25746 I Unity   : communication response header: errCode=0,st=0,ts=1545270583
12-20 10:01:40.939 25723 25746 I Unity   : [RpcProcessor] response: autoRefreshQuest
12-20 10:01:40.939 25723 25746 I cpp     : ----------Remove NowLoading----------  OnlineHttpEx_PlayHttpLoadingAnim
12-20 10:01:40.939 25723 25746 W cpp     : ----------Remove NowLoading----------  This NowLoading Type Count = 1  :  OnlineHttpEx_PlayHttpLoadingAnim
12-20 10:01:40.939 25723 25746 I Unity   : [RpcProcessor] response: getSignIn
12-20 10:01:40.939 25723 25746 I cpp     : ----------Remove NowLoading----------  OnlineHttpEx_PlayHttpLoadingAnim
12-20 10:01:40.941 25723 25787 I MSDK    : [1726][A.I][20181220 +8.0 10:01:40.941][25723,2665][QQDBHelper,getLoginRecord,20]:loginRet==>open_id: 9572E81B198C26046BB9095AB5669A7A,pf: desktop_m_qq-73213123-android-73213123-qq-1106415894-9572E81B198C26046BB9095AB5669A7A,pf_key: 3d2669da2f6276847f3077dd483d7f61,user_id: ,flag: -1,platform: 2,desc: ,eToken_QQ_Access:FE55A72A2BF85DF44A7ABCAED1335F1B,eToken_QQ_Access:1552895985eToken_QQ_Pay:59631442DCB6034F10013595CE659195,eToken_QQ_Pay:1545767985
12-20 10:01:40.942 25723 25787 I MSDK    : [1727][A.I][20181220 +8.0 10:01:40.941][25723,2665][msdk_base_network.cpp,ParseResponseData,36]:ParseResponseData decrpt:{"15004":604800,"extend1":"","first":0,"funcs":{"WGLoginQQ":1,"WGLoginWX":1,"WGOpenUrl":1,"WGRefreshWXToken":1,"WGSendToQQ":1,"WGSendToWeixin":1,"WGSendToWeixinWithPhoto":1,"WGShareQQByWeb":1,"WGShareWxByWeb":1},"grayTest":0,"msg":"success","needNameAuth":0,"otherFuncs":{},"pf":"desktop_m_qq-73213123-android-73213123-qq-1106415894-9572E81B198C26046BB9095AB5669A7A","pfKey":"3d2669da2f6276847f3077dd483d7f61","regChannel":"73213123","ret":0,"userNickname":""}
12-20 10:01:40.942 25723 25787 I MSDK    : 
12-20 10:01:40.942 25723 25787 I MSDK    : [1728][A.I][20181220 +8.0 10:01:40.942][25723,2665][msdk_base_network.cpp,ParseResponseData,49]:ret:0 message:success
12-20 10:01:40.942 25723 25787 I MSDK    : [1729][A.I][20181220 +8.0 10:01:40.942][25723,2665][msdk_auth.cpp,ProcessLoginResult,964]:ProcessLoginResult login_ret:{"flag":0,"desc":"MSDK Login Success!","platform":2,"open_id":"9572E81B198C26046BB9095AB5669A7A","user_id":"","pf":"desktop_m_qq-73213123-android-73213123-qq-1106415894-9572E81B198C26046BB9095AB5669A7A","pf_key":"3d2669da2f6276847f3077dd483d7f61","token":[{"type":1,"value":"FE55A72A2BF85DF44A7ABCAED1335F1B","expiration":1552895985},{"type":2,"value":"59631442DCB6034F10013595CE659195","expiration":1545767985}]}
12-20 10:01:40.942 25723 25787 I MSDK    : [1730][A.I][20181220 +8.0 10:01:40.942][25723,2665][msdk_auth.cpp,SaveLoginRecord,1140]:Save Login start:{"flag":0,"desc":"MSDK Login Success!","platform":2,"open_id":"9572E81B198C26046BB9095AB5669A7A","user_id":"","pf":"desktop_m_qq-73213123-android-73213123-qq-1106415894-9572E81B198C26046BB9095AB5669A7A","pf_key":"3d2669da2f6276847f3077dd483d7f61","token":[{"type":1,"value":"FE55A72A2BF85DF44A7ABCAED1335F1B","expiration":1552895985},{"type":2,"value":"59631442DCB6034F10013595CE659195","expiration":1545767985}]}
12-20 10:01:40.942 25723 25787 I MSDK    : [1731][A.I][20181220 +8.0 10:01:40.942][25723,2665][msdk_localsetting_platform_android.cpp,SaveLastPlatform,83]:Save last platform:2
12-20 10:01:40.951 25723 25787 I MSDK    : [1732][A.I][20181220 +8.0 10:01:40.951][25723,2665][SettingDBHelper,save,22]:Save (LastPlatfrom, 2) to SettingTable is true
12-20 10:01:40.951 25723 25787 I MSDK    : [1733][A.I][20181220 +8.0 10:01:40.951][25723,2665][msdk_localsetting_platform_android.cpp,SaveLastOpenId,95]:Save last openid:9572E81B198C26046BB9095AB5669A7A
12-20 10:01:40.959 25723 25787 I MSDK    : [1734][A.I][20181220 +8.0 10:01:40.959][25723,2665][SettingDBHelper,save,22]:Save (LastOpenId, 9572E81B198C26046BB9095AB5669A7A) to SettingTable is true
12-20 10:01:40.962 25723 25787 I MSDK    : [1735][A.I][20181220 +8.0 10:01:40.962][25723,2665][QQDBHelper,saveLoginRecord,51]:loginRet==>open_id: 9572E81B198C26046BB9095AB5669A7A,pf: desktop_m_qq-73213123-android-73213123-qq-1106415894-9572E81B198C26046BB9095AB5669A7A,pf_key: 3d2669da2f6276847f3077dd483d7f61,user_id: ,flag: 0,platform: 2,desc: MSDK Login Success!,eToken_QQ_Access:FE55A72A2BF85DF44A7ABCAED1335F1B,eToken_QQ_Access:1552895985eToken_QQ_Pay:59631442DCB6034F10013595CE659195,eToken_QQ_Pay:1545767985
12-20 10:01:40.990 25723 25787 I MSDK    : [1736][A.I][20181220 +8.0 10:01:40.990][25723,2665][msdk_localsetting_platform_android.cpp,SaveCurrentPlatform,38]:Save current platform:2
12-20 10:01:40.998 25723 25787 I MSDK    : [1737][A.I][20181220 +8.0 10:01:40.998][25723,2665][SettingDBHelper,save,22]:Save (Platform, 2) to SettingTable is true
12-20 10:01:40.998 25723 25787 I MSDK    : [1738][A.I][20181220 +8.0 10:01:40.998][25723,2665][msdk_auth.cpp,SaveLoginRecord,1179]:Save Login:{"flag":0,"desc":"MSDK Login Success!","platform":2,"open_id":"9572E81B198C26046BB9095AB5669A7A","user_id":"","pf":"desktop_m_qq-73213123-android-73213123-qq-1106415894-9572E81B198C26046BB9095AB5669A7A","pf_key":"3d2669da2f6276847f3077dd483d7f61","token":[{"type":1,"value":"FE55A72A2BF85DF44A7ABCAED1335F1B","expiration":1552895985},{"type":2,"value":"59631442DCB6034F10013595CE659195","expiration":1545767985}]}
12-20 10:01:40.998 25723 25787 I MSDK    : [1739][A.I][20181220 +8.0 10:01:40.998][25723,2665][permission.cpp,SavePermission,57]:Permission json text ready to write to database:{"WGHttpDns":0,"WGLoginQQ":1,"WGLoginWX":1,"WGRefreshWXToken":1,"WGSendToQQ":1,"WGSendToWeixin":1,"WGSendToWeixinWithPhoto":1,"WGShareQQByWeb":1,"WGShareWxByWeb":1,"WGWebViewQQEntrance":0,"WGWebViewWXEntrance":0}
12-20 10:01:40.998 25723 25787 I MSDK    : [1740][A.I][20181220 +8.0 10:01:40.998][25723,2665][msdk_localsetting_platform_android.cpp,SavePermission,56]:Save permission:1A2A53CD5BE6638767210ED69E459FD73FCF4A8D33E667B4C3ED8C6E7A59B1A5CDD8ACFE33FB2B593FD986430B3537D716FFEA44AB3E2CBA649EEBDBB0504507593A9A426FFF294CE4FB7BB99C4BACD21B6FB7217DD4E229CD7D70D07713A894A3D9FFA1B79A62EA2E3D0F563A3EAEB6FE4441249155F0603635B4B407B157676FF5CAF03E7D163247A8BA59E2B902373235CBA69821DC58CBBCC8AC913FC9BA21D1A65C2E25225C4A1753C6F0DC9F9771C64500305C94C9FC069452AC564F26E73AD4AF1655017126BB784B4C4C0D6E8F38D226727A1D97ACE2365E470B66F0
12-20 10:01:41.006 25723 25787 I MSDK    : [1741][A.I][20181220 +8.0 10:01:41.005][25723,2665][SettingDBHelper,save,22]:Save (Permission, 1A2A53CD5BE6638767210ED69E459FD73FCF4A8D33E667B4C3ED8C6E7A59B1A5CDD8ACFE33FB2B593FD986430B3537D716FFEA44AB3E2CBA649EEBDBB0504507593A9A426FFF294CE4FB7BB99C4BACD21B6FB7217DD4E229CD7D70D07713A894A3D9FFA1B79A62EA2E3D0F563A3EAEB6FE4441249155F0603635B4B407B157676FF5CAF03E7D163247A8BA59E2B902373235CBA69821DC58CBBCC8AC913FC9BA21D1A65C2E25225C4A1753C6F0DC9F9771C64500305C94C9FC069452AC564F26E73AD4AF1655017126BB784B4C4C0D6E8F38D226727A1D97ACE2365E470B66F0) to SettingTable is true
12-20 10:01:41.006 25723 25787 I MSDK    : [1742][A.I][20181220 +8.0 10:01:41.006][25723,2665][msdk_auth.h,SetCheckingToken,286]:Set CheckingToken to 0
12-20 10:01:41.006 25723 25787 I MSDK    : [1743][A.I][20181220 +8.0 10:01:41.006][25723,2665][msdk_jni_helper.cpp,detach_current_thread_,27]:MSDKJNI env DetachCurrentThread
12-20 10:01:41.325 25723 25723 V MicroMsg.SDK.WXApiImplV10.ActivityLifecycleCb: WXStat trigger onForeground
12-20 10:01:52.775 25723 25800 D beacon_step_api:  onUA: rqd_applaunched,true,0,0,true,false
12-20 10:01:52.784 25723 25800 D beacon  : get event sn for [rqd_applaunched] : 27765a9ba441f5b0_20181220_Y_48.
12-20 10:01:52.785 25723 25800 D beacon_step_buffer:  BF eN:rqd_applaunched   isRT:true  isCR:false
12-20 10:01:52.794 25723 25800 I beacon  : processUA:true!
12-20 10:01:52.794 25723 25800 I beacon  :  create a applaunched event
12-20 10:01:52.794 25723 25799 D beacon  :  get realEventCnt in Mem:2
12-20 10:01:52.796 25723 25799 D beacon_step_buffer:  dsu real events 2 up 2
12-20 10:01:52.796 25723 25799 I beacon  : real rid:c6da0e6103313b80
12-20 10:01:52.797 25723 25800 I beacon  :  RecordDAO.countRecordNum() start
12-20 10:01:52.797 25723 25800 D beacon  :  AnalyticsDAO.querySum() start
12-20 10:01:52.797 25723 25800 D beacon  :  query where: _time >= -1 and _time <= 9223372036854775807 and ( _type = 1 or _type = 2 or _type = 3 or _type = 4 )
12-20 10:01:52.798 25723 25800 D beacon  :  query sum: 0
12-20 10:01:52.799 25723 25800 D beacon  :  AnalyticsDAO.querySum() end
12-20 10:01:52.799 25723 25799 D beacon  :  TUUD.GetUD start
12-20 10:01:52.799 25723 25799 D beacon  :  current size:2
12-20 10:01:52.799 25723 25799 D beacon  : map 2 str
12-20 10:01:52.799 25723 25799 D beacon  : map 2 str
12-20 10:01:52.799 25723 25799 D beacon  :  RealTimeRecordUploadDatas.encode2EventRecordPackage() end}
12-20 10:01:52.801 25723 25799 D beacon  : en2Req
12-20 10:01:52.801 25723 25799 D beacon  :  RequestPackage info appkey:1106415894 sdkid:beacon appVersion:1.0.959.2001001 cmd: 2
12-20 10:01:52.802 25723 25799 D beacon  : zp: 2 len: 1024
12-20 10:01:52.803 25723 25799 D beacon  : enD: 575 3
12-20 10:01:52.804 25723 25799 D beacon_step_upload:  start upload cmd: 2  url:http://oth.eve.mdt.qq.com:8080/analytics/upload?rid=c6da0e6103313b80&sid=638bb76ff3705c61593af31734f738a8  datas:class com.tencent.beacon.event.l$a
12-20 10:01:52.806 25723 25799 D beacon_step_upload: start req: http://oth.eve.mdt.qq.com:8080/analytics/upload?rid=c6da0e6103313b80&sid=638bb76ff3705c61593af31734f738a8 sz:576
12-20 10:01:52.807 25723 25799 D beacon_step_upload: send: http://oth.eve.mdt.qq.com:8080/analytics/upload?rid=c6da0e6103313b80&sid=638bb76ff3705c61593af31734f738a8 sz: 576 apn: wifi
12-20 10:01:52.807 25723 25799 I beacon  : Don't use proxy: wifi, try time: 1
12-20 10:01:53.925 25723 25799 D beacon_step_upload: execute request:
12-20 10:01:53.925 25723 25799 D beacon_step_upload:  POST /analytics/upload?rid=c6da0e6103313b80&sid=638bb76ff3705c61593af31734f738a8 HTTP/1.1
12-20 10:01:53.925 25723 25799 D beacon_step_upload: response code:200 
12-20 10:01:53.925 25723 25799 D beacon_step_upload: recevied: 128
12-20 10:01:53.928 25723 25799 D beacon  : unzp: 2 len: 115
12-20 10:01:53.930 25723 25799 D beacon  :  covert to ResponsePackage 
12-20 10:01:53.930 25723 25799 D beacon  : response.cmd:0 response.result:0
12-20 10:01:53.931 25723 25799 D beacon_step_upload:  fix ip:61.49.51.150  tmgap: -717187
12-20 10:01:53.931 25723 25799 D beacon_step_upload:  response no datas 
12-20 10:01:53.931 25723 25799 D beacon_step_upload:  req:2  res:0  send:576  recv:128  result: true  msg:null
12-20 10:01:53.931 25723 25799 D beacon  :  in AnalyticsDAO.query() start
12-20 10:01:53.931 25723 25799 D beacon  :  query: ( _type = 6 )  and _time <= 0 
12-20 10:01:53.932 25723 25799 I beacon  : result num: 3
12-20 10:01:53.932 25723 25799 D beacon  :  in AnalyticsDAO.paserCursor() start
12-20 10:01:53.932 25723 25799 D beacon  :  in AnalyticsDAO.paserCursor() end
12-20 10:01:53.932 25723 25799 I beacon  :  total num: 3
12-20 10:01:53.933 25723 25799 D beacon  :  in AnalyticsDAO.query() end
12-20 10:01:53.933 25723 25799 D beacon  : de byte 2 obj 
12-20 10:01:53.934 25723 25799 I chatty  : uid=10081(u0_a81) pool-9-thread-1 identical 13 lines
12-20 10:02:22.765 25723 25801 I chatty  : uid=10081(u0_a81) pool-9-thread-3 expire 13 lines
12-20 10:03:22.763 25723 25801 I chatty  : uid=10081(u0_a81) pool-9-thread-3 expire 13 lines
12-20 10:03:43.601  2735  7646 I ActiveController: loadActiveListByType type: 2, name: com.tencent.TsumTsumAndroid, uid: 10081, pid: 25723, status: 10
12-20 10:04:22.764 25723 25800 I chatty  : uid=10081(u0_a81) pool-9-thread-2 expire 13 lines
12-20 10:04:38.496 25764 25790 I chatty  : uid=10081(u0_a81) XgStat expire 12 lines
12-20 10:04:38.517 25764 25839 I chatty  : uid=10081(u0_a81) .working.thread expire 2 lines
12-20 10:04:40.548 25723 25787 I chatty  : uid=10081(u0_a81) com.tencent.TsumTsumAndroid expire 10 lines
12-20 10:05:03.304  2735  7646 I ActiveController: loadActiveListByType type: 2, name: com.tencent.TsumTsumAndroid, uid: 10081, pid: 25723, status: 10
12-20 10:05:09.582 25723 25787 I chatty  : uid=10081(u0_a81) com.tencent.TsumTsumAndroid expire 13 lines
12-20 10:05:09.583 25723 25746 I chatty  : uid=10081(u0_a81) UnityMain expire 11 lines
12-20 10:05:22.764 25723 25800 I chatty  : uid=10081(u0_a81) pool-9-thread-2 expire 13 lines
12-20 10:05:28.279 25723 25801 I chatty  : uid=10081(u0_a81) pool-9-thread-3 expire 42 lines
12-20 10:06:03.870  2735  7646 I ActiveController: loadActiveListByType type: 2, name: com.tencent.TsumTsumAndroid, uid: 10081, pid: 25723, status: 10
12-20 10:06:22.764 25723 25800 I chatty  : uid=10081(u0_a81) pool-9-thread-2 expire 13 lines
12-20 10:06:40.528 25723 25805 I chatty  : uid=10081(u0_a81) BUGLY_THREAD expire 34 lines
12-20 10:06:40.549 25723 25723 I chatty  : uid=10081(u0_a81) com.tencent.TsumTsumAndroid expire 2 lines
12-20 10:07:22.764 25723 25799 I chatty  : uid=10081(u0_a81) pool-9-thread-1 expire 13 lines
12-20 10:07:23.480 25723 25820 I chatty  : uid=10081(u0_a81) DcTimer expire 10 lines
12-20 10:07:40.548 25723 25787 I chatty  : uid=10081(u0_a81) com.tencent.TsumTsumAndroid expire 23 lines
12-20 10:08:22.764 25723 25799 I chatty  : uid=10081(u0_a81) pool-9-thread-1 expire 13 lines
12-20 10:09:04.295  2735  7646 I ActiveController: loadActiveListByType type: 2, name: com.tencent.TsumTsumAndroid, uid: 10081, pid: 25723, status: 10
12-20 10:09:22.764 25723 25799 I chatty  : uid=10081(u0_a81) pool-9-thread-1 expire 54 lines
12-20 10:09:22.784 25723 25800 I chatty  : uid=10081(u0_a81) pool-9-thread-2 expire 17 lines
12-20 10:10:09.601 25723 25746 I chatty  : uid=10081(u0_a81) UnityMain expire 11 lines
12-20 10:10:22.764 25723 25800 I chatty  : uid=10081(u0_a81) pool-9-thread-2 expire 54 lines
12-20 10:10:28.278 25723 25801 I chatty  : uid=10081(u0_a81) pool-9-thread-3 expire 43 lines
12-20 10:10:40.548 25723 25787 I chatty  : uid=10081(u0_a81) com.tencent.TsumTsumAndroid expire 51 lines
12-20 10:10:44.509  2735  7646 I ActiveController: loadActiveListByType type: 2, name: com.tencent.TsumTsumAndroid, uid: 10081, pid: 25723, status: 10
12-20 10:11:22.764 25723 25801 I chatty  : uid=10081(u0_a81) pool-9-thread-3 expire 13 lines
12-20 10:12:22.764 25723 25801 I chatty  : uid=10081(u0_a81) pool-9-thread-3 expire 13 lines
12-20 10:12:44.807  2735  7646 I ActiveController: loadActiveListByType type: 2, name: com.tencent.TsumTsumAndroid, uid: 10081, pid: 25723, status: 10
12-20 10:13:22.764 25723 25801 I chatty  : uid=10081(u0_a81) pool-9-thread-3 expire 13 lines
12-20 10:13:35.822  2735  7646 I ActiveController: loadActiveListByType type: 2, name: com.tencent.TsumTsumAndroid, uid: 10081, pid: 25723, status: 10
12-20 10:13:40.845 25723  3030 I chatty  : uid=10081(u0_a81) com.tencent.TsumTsumAndroid expire 2 lines
12-20 10:14:22.764 25723 25801 I chatty  : uid=10081(u0_a81) pool-9-thread-3 expire 13 lines
12-20 10:14:57.675 25764 25764 I chatty  : uid=10081(u0_a81) com.tencent.TsumTsumAndroid:xg_service_v3 expire 1 line
12-20 10:14:57.844 25764 25790 I chatty  : uid=10081(u0_a81) XgStat expire 8 lines
12-20 10:15:09.631 25723 25787 I chatty  : uid=10081(u0_a81) com.tencent.TsumTsumAndroid expire 21 lines
12-20 10:15:09.638 25723 25746 I chatty  : uid=10081(u0_a81) UnityMain expire 11 lines
12-20 10:15:21.161  2735  7646 I ActiveController: loadActiveListByType type: 2, name: com.tencent.TsumTsumAndroid, uid: 10081, pid: 25723, status: 10
12-20 10:15:22.764 25723 25801 I chatty  : uid=10081(u0_a81) pool-9-thread-3 expire 13 lines
12-20 10:16:21.164  2735  7646 I ActiveController: loadActiveListByType type: 2, name: com.tencent.TsumTsumAndroid, uid: 10081, pid: 25723, status: 10
12-20 10:16:22.764 25723 25801 I chatty  : uid=10081(u0_a81) pool-9-thread-3 expire 13 lines
12-20 10:16:40.548 25723 25787 I chatty  : uid=10081(u0_a81) com.tencent.TsumTsumAndroid expire 12 lines
12-20 10:17:22.763 25723 25801 I chatty  : uid=10081(u0_a81) pool-9-thread-3 expire 13 lines
12-20 10:17:23.480 25723 25820 I chatty  : uid=10081(u0_a81) DcTimer expire 10 lines
12-20 10:17:52.311  2735  7646 I ActiveController: loadActiveListByType type: 2, name: com.tencent.TsumTsumAndroid, uid: 10081, pid: 25723, status: 10
12-20 10:18:22.765 25723 25800 I chatty  : uid=10081(u0_a81) pool-9-thread-2 expire 13 lines
12-20 10:18:45.540  2735  7646 I ActiveController: loadActiveListByType type: 2, name: com.tencent.TsumTsumAndroid, uid: 10081, pid: 25723, status: 10
12-20 10:19:22.764 25723 25800 I chatty  : uid=10081(u0_a81) pool-9-thread-2 expire 54 lines
12-20 10:19:22.783 25723 25799 I chatty  : uid=10081(u0_a81) pool-9-thread-1 expire 17 lines
12-20 10:20:05.719  2735  7646 I ActiveController: loadActiveListByType type: 2, name: com.tencent.TsumTsumAndroid, uid: 10081, pid: 25723, status: 10
12-20 10:20:09.654 25723 25787 I chatty  : uid=10081(u0_a81) com.tencent.TsumTsumAndroid expire 13 lines
12-20 10:20:09.655 25723 25746 I chatty  : uid=10081(u0_a81) UnityMain expire 11 lines
12-20 10:20:22.764 25723 25801 I chatty  : uid=10081(u0_a81) pool-9-thread-3 expire 22 lines
12-20 10:20:28.278 25723 25799 I chatty  : uid=10081(u0_a81) pool-9-thread-1 expire 41 lines
12-20 10:20:55.614  2735  7646 I ActiveController: loadActiveListByType type: 2, name: com.tencent.TsumTsumAndroid, uid: 10081, pid: 25723, status: 10
12-20 10:22:21.152  2735  7646 I ActiveController: loadActiveListByType type: 2, name: com.tencent.TsumTsumAndroid, uid: 10081, pid: 25723, status: 10
12-20 10:22:22.764 25723 25800 I chatty  : uid=10081(u0_a81) pool-9-thread-2 expire 13 lines
12-20 10:22:23.489 25723 25821 I chatty  : uid=10081(u0_a81) Thread-13 expire 2 lines
12-20 10:22:40.550 25723 25787 I chatty  : uid=10081(u0_a81) com.tencent.TsumTsumAndroid expire 17 lines
12-20 10:22:40.570 25723 25787 I MSDK    : [1904][A.I][20181220 +8.0 10:22:40.570][25723,2655][MSDKJniHelper,getRomSize,136]:getRomSize:55426072576
12-20 10:22:40.571 25723 25787 I MSDK    : [1905][A.I][20181220 +8.0 10:22:40.570][25723,2655][MSDKJniHelper,getResolution,168]:getResolution:1080*2030
12-20 10:22:40.576 25723  2655 D WeGame DeviceInfo.getApn:  typeName:WIFI
12-20 10:22:40.587 25723  2655 D WeGame DeviceInfo.getApn:  typeName:WIFI
12-20 10:22:40.598 25723 25787 I MSDK    : [1906][A.I][20181220 +8.0 10:22:40.597][25723,2655][MSDKJniHelper,getMatId,183]:getMatId:865736038733682
12-20 10:22:40.599 25723  2655 D WeGame DeviceInfo.getApn:  typeName:WIFI
12-20 10:22:40.607 25723 25787 I MSDK    : [1907][A.I][20181220 +8.0 10:22:40.606][25723,2655][msdk_cloud_network.cpp,GetCloudPostData,93]:CloudPostData:{"ticket":"","clientInfo":{"version":"1.0","appId":"1106415894","openId":"9572E81B198C26046BB9095AB5669A7A","os":"android","plat":2,"gameVersion":"1.0.959.2001001","msdkVersion":"3.0.9a","envType":"release_ssl","loginPlatform":"2","launchPlatform":"desktop_m_qq","channelId":"73213123","regChannelId":"","networkType":"wifi","osVersion":"android","deviceModel":"MIX 2","deviceCPU":"1900","deviceRAM":1707839488,"deviceROM":18446744073301049344,"deviceScreen":"1080*2030","deviceManufacturer":"Xiaomi","qimei":"865736038733682","matid":"865736038733682","mid":"976e57ac9144456e40859284c4d5803bf30f9600"},"msgList":{}}
12-20 10:22:40.607 25723 25787 I MSDK    : [1908][A.I][20181220 +8.0 10:22:40.606][25723,2655][HttpClientMgr.cpp,GenerateRequestID,118]:httpclientmgr generate new requestid :10014
12-20 10:22:40.607 25723 25787 I MSDK    : [1909][A.I][20181220 +8.0 10:22:40.606][25723,2655][HttpClientMgr.cpp,RequestHttp,160]:request http:https://ssl.msdk.qq.com/comm/cloud_center_ctl/?timestamp=1545272560&appid=1106415894&sig=4f4686679fcf6e81ea872c9ee6c50439&version=3.0.9a&encode=2&algorithm=v1&refversion=3.0.9a&opua=AndroidSDK_26_chiron_8.0.0 opt:3 ud:0x0 with seq:10014, reqtime:1545272560
12-20 10:22:40.607 25723 25787 I MSDK    : [1910][A.I][20181220 +8.0 10:22:40.606][25723,2655][HttpClientMgr.cpp,RequestHttp,164]:client manager:0xd0ccb880 request que size:1
12-20 10:22:40.607 25723 25787 I MSDK    : [1911][A.I][20181220 +8.0 10:22:40.606][25723,2655][HttpClientMgr.cpp,GetHttpClient,321]:get an idle http client:0xd0cc77c0
12-20 10:22:40.607 25723 25787 I MSDK    : [1912][A.I][20181220 +8.0 10:22:40.606][25723,2655][HttpClientMgr.cpp,run_http_request,182]:run_http_request Get idle_client:0xd0cc77c0
12-20 10:22:40.607 25723 25787 I MSDK    : [1913][A.I][20181220 +8.0 10:22:40.606][25723,2655][HttpClientMgr.cpp,run_http_request,226]:issue http request client:0xd0cc77c0, url:https://ssl.msdk.qq.com/comm/cloud_center_ctl/?timestamp=1545272560&appid=1106415894&sig=4f4686679fcf6e81ea872c9ee6c50439&version=3.0.9a&encode=2&algorithm=v1&refversion=3.0.9a&opua=AndroidSDK_26_chiron_8.0.0, opt:3, seq:10014
12-20 10:22:40.607 25723 25787 I MSDK    : [1914][A.I][20181220 +8.0 10:22:40.606][25723,2655][MSDKHttpClient.cpp,ResetData,570]:http client: 0xd0cc77c0 reset data
12-20 10:22:40.607 25723 25787 I MSDK    : [1915][A.I][20181220 +8.0 10:22:40.606][25723,2655][MSDKHttpClient.cpp,CreateRequestThread,260]:httpclient Create Request Thread start
12-20 10:22:40.607 25723 25787 I MSDK    : [1916][A.I][20181220 +8.0 10:22:40.607][25723,2655][MSDKHttpClient.cpp,CreateRequestThread,265]:httpclient Create Request Thread, ret:0
12-20 10:22:40.607 25723 25787 I MSDK    : [1917][A.I][20181220 +8.0 10:22:40.607][25723,2655][msdk_cloud_timer.cpp,AddTask,62]:add task status : true
12-20 10:22:40.607 25723 25787 I MSDK    : [1918][A.I][20181220 +8.0 10:22:40.607][25723,2655][msdk_cloud_timer.h,RunTask,55]:[RunTask]RunTask is doing, timestamp = 1545272560
12-20 10:22:40.607 25723 25787 I MSDK    : [1919][A.I][20181220 +8.0 10:22:40.607][25723,3224][MSDKHttpClient.cpp,CreateRequestThreadCallBack,277]:httpclient Create Request Thread callback httpClient:0xd0cc77c0
12-20 10:22:40.607 25723 25787 I MSDK    : [1920][A.I][20181220 +8.0 10:22:40.607][25723,3224][MSDKHttpClient.cpp,PostSendContent,434]:httpclient post start curl, seq:10014
12-20 10:22:40.607 25723 25787 I MSDK    : [1921][A.I][20181220 +8.0 10:22:40.607][25723,2655][MSDKJniHelper,getNoticeRefreshTime,337]:getNoticeRefreshTime:600
12-20 10:22:40.883 25723 25787 I MSDK    : [1922][A.I][20181220 +8.0 10:22:40.883][25723,3224][MSDKHttpClient.cpp,PostSendContent,506]:httpclient:0xd0cc77c0 post seq:10014 curl_easy_perform and retCode:0 with left_timeout:15
12-20 10:22:40.883 25723 25787 I MSDK    : [1923][A.I][20181220 +8.0 10:22:40.883][25723,3224][MSDKHttpClient.cpp,PostSendContent,515]:http client statistic starttime:1545272560, reqissuetiem:0, reqrequestime:0
12-20 10:22:40.883 25723 25787 I MSDK    : [1924][A.I][20181220 +8.0 10:22:40.883][25723,3224][MSDKHttpClient.cpp,PostSendContent,521]:POST method get http response code result:0, code:200
12-20 10:22:40.889 25723 25787 I MSDK    : [1925][A.I][20181220 +8.0 10:22:40.889][25723,3224][HttpClientMgr.cpp,OnHttpClientCallBack,265]:HttpClientMgr::httpCallBack client:0xd0cc77c0, result:0
12-20 10:22:40.889 25723 25787 I MSDK    : [1926][A.I][20181220 +8.0 10:22:40.889][25723,3224][HttpClientMgr.cpp,OnHttpClientCallBack,292]:httpCallBack MsdkNetworkListener:0xe1a7c0e0, userdata_to_app:0x0, seq:10014, response_body length:216
12-20 10:22:40.889 25723 25787 I MSDK    : [1927][A.I][20181220 +8.0 10:22:40.889][25723,3224][HttpClientMgr.cpp,RetrieveHttpClient,330]:retrieve a http client 0xd0cc77c0
12-20 10:22:40.889 25723 25787 I MSDK    : [1928][A.I][20181220 +8.0 10:22:40.889][25723,3224][MSDKHttpClient.cpp,ResetData,570]:http client: 0xd0cc77c0 reset data
12-20 10:22:40.889 25723 25787 I MSDK    : [1929][A.I][20181220 +8.0 10:22:40.889][25723,3224][HttpClientMgr.cpp,GetHttpClient,321]:get an idle http client:0xd0cc7860
12-20 10:22:40.889 25723 25787 I MSDK    : [1930][A.I][20181220 +8.0 10:22:40.889][25723,3224][HttpClientMgr.cpp,run_http_request,182]:run_http_request Get idle_client:0xd0cc7860
12-20 10:22:40.889 25723 25787 I MSDK    : [1931][A.I][20181220 +8.0 10:22:40.889][25723,3224][HttpClientMgr.cpp,run_http_request,209]:have no avilable http request
12-20 10:22:40.889 25723 25787 I MSDK    : [1932][A.I][20181220 +8.0 10:22:40.889][25723,3224][MSDKHttpClient.cpp,ResetData,570]:http client: 0xd0cc7860 reset data
12-20 10:22:40.889 25723 25787 I MSDK    : [1933][A.I][20181220 +8.0 10:22:40.889][25723,3224][msdk_cloud_config_tool.cpp,Response,25]:MSDKCloudConfigTool http response, request id 10014, result 0, size 216, cmd 0
12-20 10:22:40.889 25723 25787 I MSDK    : [1934][A.I][20181220 +8.0 10:22:40.889][25723,3224][msdk_base_network.cpp,ParseResponseData,36]:ParseResponseData decrpt:{"checkKey":"4132a042b963b83d4355760f204192f1","body":"eyJtc2dMaXN0IjpudWxsLCJ0aWNrZXQiOiIxMTA2NDE1ODk0XzdlNGUyYmJlZmNkYTUxNWUwZjRmN2M2MWIyNzU0NWMyIn0K","ret":1,"msg":"no match","version":"1.0.12633"}
12-20 10:22:40.889 25723 25787 I MSDK    : [1935][A.I][20181220 +8.0 10:22:40.889][25723,3224][msdk_base_network.cpp,ParseResponseData,49]:ret:1 message:no match
12-20 10:22:40.889 25723 25787 W MSDK    : [1936][A.W][20181220 +8.0 10:22:40.889][25723,3224][msdk_base_network.cpp,ParseResponseData,52]:server ret is not succ,ret:1 message:no match
12-20 10:22:40.889 25723 25787 W MSDK    : [1937][A.W][20181220 +8.0 10:22:40.889][25723,3224][msdk_cloud_config_tool.cpp,Response,54]:get cloud_json_object error, ret = 1, message = no match
12-20 10:22:40.889 25723 25787 I MSDK    : [1938][A.I][20181220 +8.0 10:22:40.889][25723,3224][msdk_localsetting_platform_android.cpp,ClearCloudSetting,77]:Clear cloud setting, key:MSDKCloudConfig.log.level
12-20 10:22:40.889 25723 25787 I MSDK    : [1939][A.I][20181220 +8.0 10:22:40.889][25723,3224][msdk_jni_helper.cpp,getenv_,40]:MSDKJNI Use pthread_key_t for new thread
12-20 10:22:40.891 25723 25787 I MSDK    : [1940][A.I][20181220 +8.0 10:22:40.891][25723,3224][SettingDBHelper,delete,29]:Delete MSDKCloudConfig.log.level from SettingTable is 0
12-20 10:22:40.891 25723  3224 I MSDK    : [ASSERT((null))][A.I][2018-12-20 +8.0 10:22:40.891][25723, 3224][msdk_cloud_config_tool.cpp, ClearDBData, 236] : delete key = MSDKCloudConfig.log.level error
12-20 10:22:40.892 25723 25787 I MSDK    : [1941][A.I][20181220 +8.0 10:22:40.891][25723,3224][msdk_localsetting_platform_android.cpp,ClearCloudSetting,77]:Clear cloud setting, key:MSDKCloudConfig.log.mode
12-20 10:22:40.892 25723  3224 I MSDK    : [ASSERT((null))][A.I][2018-12-20 +8.0 10:22:40.892][25723, 3224][msdk_cloud_config_tool.cpp, ClearDBData, 241] : delete key = MSDKCloudConfig.log.mode error
12-20 10:22:40.892 25723 25787 I MSDK    : [1942][A.I][20181220 +8.0 10:22:40.892][25723,3224][SettingDBHelper,delete,29]:Delete MSDKCloudConfig.log.mode from SettingTable is 0
12-20 10:22:40.892 25723 25787 I MSDK    : [1943][A.I][20181220 +8.0 10:22:40.892][25723,3224][msdk_localsetting_platform_android.cpp,ClearCloudSetting,77]:Clear cloud setting, key:MSDKCloudConfig.cfg.notice_switch
12-20 10:22:40.892 25723 25787 I MSDK    : [1944][A.I][20181220 +8.0 10:22:40.892][25723,3224][SettingDBHelper,delete,29]:Delete MSDKCloudConfig.cfg.notice_switch from SettingTable is 0
12-20 10:22:40.892 25723  3224 I MSDK    : [ASSERT((null))][A.I][2018-12-20 +8.0 10:22:40.892][25723, 3224][msdk_cloud_config_tool.cpp, ClearDBData, 641] : delete key = MSDKCloudConfig.cfg.notice_switch error
12-20 10:22:40.892 25723 25787 I MSDK    : [1945][A.I][20181220 +8.0 10:22:40.892][25723,3224][msdk_localsetting_platform_android.cpp,ClearCloudSetting,77]:Clear cloud setting, key:MSDKCloudConfig.cfg.xg_open_switch
12-20 10:22:40.893 25723 25787 I MSDK    : [1946][A.I][20181220 +8.0 10:22:40.893][25723,3224][SettingDBHelper,delete,29]:Delete MSDKCloudConfig.cfg.xg_open_switch from SettingTable is 0
12-20 10:22:40.893 25723  3224 I MSDK    : [ASSERT((null))][A.I][2018-12-20 +8.0 10:22:40.893][25723, 3224][msdk_cloud_config_tool.cpp, ClearDBData, 646] : delete key = MSDKCloudConfig.cfg.xg_open_switch error
12-20 10:22:40.893 25723 25787 I MSDK    : [1947][A.I][20181220 +8.0 10:22:40.893][25723,3224][msdk_localsetting_platform_android.cpp,ClearCloudSetting,77]:Clear cloud setting, key:MSDKCloudConfig.cfg.stat_open_switch
12-20 10:22:40.893 25723 25787 I MSDK    : [1948][A.I][20181220 +8.0 10:22:40.893][25723,3224][SettingDBHelper,delete,29]:Delete MSDKCloudConfig.cfg.stat_open_switch from SettingTable is 0
12-20 10:22:40.893 25723  3224 I MSDK    : [ASSERT((null))][A.I][2018-12-20 +8.0 10:22:40.893][25723, 3224][msdk_cloud_config_tool.cpp, ClearDBData, 651] : delete key = MSDKCloudConfig.cfg.stat_open_switch error
12-20 10:22:40.893 25723 25787 I MSDK    : [1949][A.I][20181220 +8.0 10:22:40.893][25723,3224][msdk_localsetting_platform_android.cpp,ClearCloudSetting,77]:Clear cloud setting, key:MSDKCloudConfig.cfg.bugly_open_switch
12-20 10:22:40.894 25723 25787 I MSDK    : [1950][A.I][20181220 +8.0 10:22:40.894][25723,3224][SettingDBHelper,delete,29]:Delete MSDKCloudConfig.cfg.bugly_open_switch from SettingTable is 0
12-20 10:22:40.894 25723  3224 I MSDK    : [ASSERT((null))][A.I][2018-12-20 +8.0 10:22:40.894][25723, 3224][msdk_cloud_config_tool.cpp, ClearDBData, 656] : delete key = MSDKCloudConfig.cfg.bugly_open_switch error
12-20 10:22:40.894 25723 25787 I MSDK    : [1951][A.I][20181220 +8.0 10:22:40.894][25723,3224][msdk_localsetting_platform_android.cpp,ClearCloudSetting,77]:Clear cloud setting, key:MSDKCloudConfig.cfg.yyb_update_switch
12-20 10:22:40.894 25723 25787 I MSDK    : [1952][A.I][20181220 +8.0 10:22:40.894][25723,3224][SettingDBHelper,delete,29]:Delete MSDKCloudConfig.cfg.yyb_update_switch from SettingTable is 0
12-20 10:22:40.894 25723  3224 I MSDK    : [ASSERT((null))][A.I][2018-12-20 +8.0 10:22:40.894][25723, 3224][msdk_cloud_config_tool.cpp, ClearDBData, 661] : delete key = MSDKCloudConfig.cfg.yyb_update_switch error
12-20 10:22:40.894 25723 25787 I MSDK    : [1953][A.I][20181220 +8.0 10:22:40.894][25723,3224][msdk_localsetting_platform_android.cpp,ClearCloudSetting,77]:Clear cloud setting, key:MSDKCloudConfig.cfg.msdk_url
12-20 10:22:40.894 25723 25787 I MSDK    : [1954][A.I][20181220 +8.0 10:22:40.894][25723,3224][SettingDBHelper,delete,29]:Delete MSDKCloudConfig.cfg.msdk_url from SettingTable is 0
12-20 10:22:40.894 25723  3224 I MSDK    : [ASSERT((null))][A.I][2018-12-20 +8.0 10:22:40.894][25723, 3224][msdk_cloud_config_tool.cpp, ClearDBData, 666] : delete key = MSDKCloudConfig.cfg.msdk_url error
12-20 10:22:40.894 25723 25787 I MSDK    : [1955][A.I][20181220 +8.0 10:22:40.894][25723,3224][msdk_localsetting_platform_android.cpp,ClearCloudSetting,77]:Clear cloud setting, key:MSDKCloudConfig.cfg.gray_test_switch
12-20 10:22:40.895 25723 25787 I MSDK    : [1956][A.I][20181220 +8.0 10:22:40.895][25723,3224][SettingDBHelper,delete,29]:Delete MSDKCloudConfig.cfg.gray_test_switch from SettingTable is 0
12-20 10:22:40.895 25723  3224 I MSDK    : [ASSERT((null))][A.I][2018-12-20 +8.0 10:22:40.895][25723, 3224][msdk_cloud_config_tool.cpp, ClearDBData, 671] : delete key = MSDKCloudConfig.cfg.gray_test_switch error
12-20 10:22:40.895 25723 25787 I MSDK    : [1957][A.I][20181220 +8.0 10:22:40.895][25723,3224][msdk_localsetting_platform_android.cpp,ClearCloudSetting,77]:Clear cloud setting, key:MSDKCloudConfig.cfg.real_name_auth_switch
