12-20 01:06:24.593 31345 31422 D beacon  :  in AnalyticsDAO.paserCursor() end
12-20 01:06:24.593 31345 31422 I beacon  :  total num: 1
12-20 01:06:24.594 31345 31422 D beacon  :  in AnalyticsDAO.query() end
12-20 01:06:24.594 31345 31422 D beacon  : de byte 2 obj 
12-20 01:06:24.595 31345 31422 D beacon  : en obj 2 bytes 
12-20 01:06:24.595 31345 31422 D beacon  :  insertOrUpdate alyticsBeans start!
12-20 01:06:24.608 31345 31422 D beacon  :  result id:60
12-20 01:06:24.608 31345 31422 D beacon  :  insertOrUpdate alyticsBeans end
12-20 01:06:24.608 31345 31422 D beacon_step_api:  used:7  seen:0  next:60
12-20 01:07:00.775 31386  3000 I XINGE   : [TpnsClient] Connect to Xinge Server succeed!
12-20 01:07:00.786 31386  3000 I MID     : [Thread-32(3099): null:23] - read mid from sharedPreferences， key=__MTA_DEVICE_INFO__1000001
12-20 01:07:00.787 31386  3000 I MID     : [Thread-32(3099): null:6] - read mid from Settings.System
12-20 01:07:00.791 31386  3000 I MID     : [Thread-32(3099): null:7] - read mid from InternalStorage
12-20 01:07:00.794 31386  3000 W MID     : [Thread-32(3099): null:110] - java.io.FileNotFoundException: /storage/emulated/0/Tencent/mta/.mid.txt1000001 (No such file or directory)
12-20 01:07:00.794 31386  3000 D MID     : [Thread-32(3099): null:77] - readNewVersionMidEntity:null
12-20 01:07:00.921 31386  3005 I ActivityThread: com.tencent.TsumTsumAndroid.TPUSH_PROVIDER acquiringCount 2
12-20 01:08:15.492 31345 31421 D beacon  :  in AnalyticsDAO.query() start
12-20 01:08:15.493 31345 31421 D beacon  :  query: ( _type = 8 ) 
12-20 01:08:15.500 31345 31421 I beacon  : result num: 1
12-20 01:08:15.500 31345 31421 D beacon  :  in AnalyticsDAO.paserCursor() start
12-20 01:08:15.500 31345 31421 D beacon  :  in AnalyticsDAO.paserCursor() end
12-20 01:08:15.501 31345 31421 I beacon  :  total num: 1
12-20 01:08:15.502 31345 31421 D beacon  :  in AnalyticsDAO.query() end
12-20 01:08:15.502 31345 31421 D beacon  : de byte 2 obj 
12-20 01:08:15.505 31345 31421 D beacon  : en obj 2 bytes 
12-20 01:08:15.507 31345 31421 D beacon  :  insertOrUpdate alyticsBeans start!
12-20 01:08:15.519 31345 31421 D beacon  :  result id:60
12-20 01:08:15.519 31345 31421 D beacon  :  insertOrUpdate alyticsBeans end
12-20 01:08:15.520 31345 31421 D beacon_step_api:  used:8  seen:0  next:60
12-20 01:09:05.087 31345 31442 D GspDcAgent: >>>>>>>>>>>>>>> dcUserOnline_104() begin >>>>>>>>>>>>>>>
12-20 01:09:05.092 31345 31442 D network : network state 0
12-20 01:09:05.092 31345 31442 D GspDcAgent: >>>>>>>>>>>>>>> dc(104) begin >>>>>>>>>>>>>>>
12-20 01:09:05.101 31345 31442 D GspDcAgent: <<<<<<<<<<<<<<<< dc(104) end <<<<<<<<<<<<<<<<
12-20 01:09:05.101 31345 31442 D GspDcAgent: <<<<<<<<<<<<<<<< dcUserOnline_104() end <<<<<<<<<<<<<<<<
12-20 01:09:05.103 31345 31444 D com.happyelements.gsp.android.dc.DataHelper: respFromPostDeflate start...
12-20 01:09:05.257 31345 31444 D com.happyelements.gsp.android.dc.DataHelper: respFromPostDeflate code:204
12-20 01:09:55.031 31345 31422 D beacon  :  in AnalyticsDAO.query() start
12-20 01:09:55.032 31345 31422 D beacon  :  query: ( _type = 8 ) 
12-20 01:09:55.034 31345 31422 I beacon  : result num: 1
12-20 01:09:55.034 31345 31422 D beacon  :  in AnalyticsDAO.paserCursor() start
12-20 01:09:55.035 31345 31422 D beacon  :  in AnalyticsDAO.paserCursor() end
12-20 01:09:55.035 31345 31422 I beacon  :  total num: 1
12-20 01:09:55.035 31345 31422 D beacon  :  in AnalyticsDAO.query() end
12-20 01:09:55.035 31345 31422 D beacon  : de byte 2 obj 
12-20 01:09:55.037 31345 31422 D beacon  : en obj 2 bytes 
12-20 01:09:55.038 31345 31422 D beacon  :  insertOrUpdate alyticsBeans start!
12-20 01:09:55.058 31345 31422 D beacon  :  result id:60
12-20 01:09:55.058 31345 31422 D beacon  :  insertOrUpdate alyticsBeans end
12-20 01:09:55.058 31345 31422 D beacon_step_api:  used:9  seen:0  next:60
12-20 01:11:48.996 31345 31421 D beacon  :  in AnalyticsDAO.query() start
12-20 01:11:48.996 31345 31421 D beacon  :  query: ( _type = 8 ) 
12-20 01:11:48.998 31345 31421 I beacon  : result num: 1
12-20 01:11:48.998 31345 31421 D beacon  :  in AnalyticsDAO.paserCursor() start
12-20 01:11:48.998 31345 31421 D beacon  :  in AnalyticsDAO.paserCursor() end
12-20 01:11:48.998 31345 31421 I beacon  :  total num: 1
12-20 01:11:48.998 31345 31421 D beacon  :  in AnalyticsDAO.query() end
12-20 01:11:48.999 31345 31421 D beacon  : de byte 2 obj 
12-20 01:11:49.000 31345 31421 D beacon  : en obj 2 bytes 
12-20 01:11:49.000 31345 31421 D beacon  :  insertOrUpdate alyticsBeans start!
12-20 01:11:49.013 31345 31421 D beacon  :  result id:60
12-20 01:11:49.013 31345 31421 D beacon  :  insertOrUpdate alyticsBeans end
12-20 01:11:49.013 31345 31421 D beacon_step_api:  used:10  seen:0  next:60
12-20 01:11:49.014 31345 31422 D beacon  :  in AnalyticsDAO.query() start
12-20 01:11:49.014 31345 31422 D beacon  :  query: ( _type = 8 ) 
12-20 01:11:49.016 31345 31422 I beacon  : result num: 1
12-20 01:11:49.016 31345 31422 D beacon  :  in AnalyticsDAO.paserCursor() start
12-20 01:11:49.016 31345 31422 D beacon  :  in AnalyticsDAO.paserCursor() end
12-20 01:11:49.016 31345 31422 I beacon  :  total num: 1
12-20 01:11:49.016 31345 31422 D beacon  :  in AnalyticsDAO.query() end
12-20 01:11:49.017 31345 31422 D beacon  : de byte 2 obj 
12-20 01:11:49.019 31345 31422 D beacon_step_api:  onUA: rqd_useInfoEvent,true,0,0,true,false
12-20 01:11:49.024 31345 31422 D beacon  : get event sn for [rqd_useInfoEvent] : 8b6a066a9b953010_20181220_Y_7.
12-20 01:11:49.024 31345 31422 D beacon_step_buffer:  BF eN:rqd_useInfoEvent   isRT:true  isCR:false
12-20 01:11:49.026 31345 31422 I beacon  : processUA:true!
12-20 01:11:49.026 31345 31422 D beacon  :  AnalyticsDAO.delete() start
12-20 01:11:49.026 31345 31422 D beacon  :  delete where: _time >= -1 and _time <= 9223372036854775807 and ( _type = 8 )
12-20 01:11:49.039 31345 31422 D beacon  :  deleted num: 1
12-20 01:11:49.039 31345 31422 D beacon  :  AnalyticsDAO.delete() end
12-20 01:11:49.039 31345 31422 D beacon_step_api: rqd_useInfoEvent 10 0
12-20 01:11:57.912 31345 31421 D beacon  :  get realEventCnt in Mem:1
12-20 01:11:57.927 31345 31421 D beacon_step_buffer:  dsu real events 2 up 1
12-20 01:11:57.929 31345 31421 I beacon  : real rid:fa789303b0b738bb
12-20 01:11:57.930 31345 31421 D beacon  :  TUUD.GetUD start
12-20 01:11:57.931 31345 31421 D beacon  :  current size:1
12-20 01:11:57.931 31345 31421 D beacon  : map 2 str
12-20 01:11:57.931 31345 31421 D beacon  :  RealTimeRecordUploadDatas.encode2EventRecordPackage() end}
12-20 01:11:57.932 31345 31421 D beacon  : en2Req
12-20 01:11:57.932 31345 31421 D beacon  :  RequestPackage info appkey:1106415894 sdkid:beacon appVersion:1.0.959.2001001 cmd: 2
12-20 01:11:57.934 31345 31421 D beacon  : zp: 2 len: 526
12-20 01:11:57.934 31345 31421 D beacon  : enD: 428 3
12-20 01:11:57.936 31345 31421 D beacon_step_upload:  start upload cmd: 2  url:http://oth.eve.mdt.qq.com:8080/analytics/upload?rid=fa789303b0b738bb&sid=49ed5d8e5aa79ed1769687b37e3c5df3  datas:class com.tencent.beacon.event.l$a
12-20 01:11:57.937 31345 31421 D beacon_step_upload: start req: http://oth.eve.mdt.qq.com:8080/analytics/upload?rid=fa789303b0b738bb&sid=49ed5d8e5aa79ed1769687b37e3c5df3 sz:432
12-20 01:11:57.938 31345 31421 D beacon_step_upload: send: http://oth.eve.mdt.qq.com:8080/analytics/upload?rid=fa789303b0b738bb&sid=49ed5d8e5aa79ed1769687b37e3c5df3 sz: 432 apn: wifi
12-20 01:11:57.938 31345 31421 I beacon  : Don't use proxy: wifi, try time: 1
12-20 01:11:58.038 31345 31421 D beacon_step_upload: execute request:
12-20 01:11:58.038 31345 31421 D beacon_step_upload:  POST http://oth.eve.mdt.qq.com:8080/analytics/upload?rid=fa789303b0b738bb&sid=49ed5d8e5aa79ed1769687b37e3c5df3 HTTP/1.1
12-20 01:11:58.038 31345 31421 D beacon_step_upload: response code:200 
12-20 01:11:58.040 31345 31421 D beacon_step_upload: recevied: 128
12-20 01:11:58.042 31345 31421 D beacon  : unzp: 2 len: 115
12-20 01:11:58.044 31345 31421 D beacon  :  covert to ResponsePackage 
12-20 01:11:58.044 31345 31421 D beacon  : response.cmd:0 response.result:0
12-20 01:11:58.045 31345 31421 D beacon_step_upload:  fix ip:61.49.51.153  tmgap: 323
12-20 01:11:58.045 31345 31421 D beacon_step_upload:  response no datas 
12-20 01:11:58.045 31345 31421 D beacon_step_upload:  req:2  res:0  send:432  recv:128  result: true  msg:null
12-20 01:11:58.045 31345 31421 D beacon  :  in AnalyticsDAO.query() start
12-20 01:11:58.045 31345 31421 D beacon  :  query: ( _type = 6 )  and _time <= 0 
12-20 01:11:58.048 31345 31421 I beacon  : result num: 3
12-20 01:11:58.048 31345 31421 D beacon  :  in AnalyticsDAO.paserCursor() start
12-20 01:11:58.048 31345 31421 D beacon  :  in AnalyticsDAO.paserCursor() end
12-20 01:11:58.048 31345 31421 I beacon  :  total num: 3
12-20 01:11:58.049 31345 31421 D beacon  :  in AnalyticsDAO.query() end
12-20 01:11:58.049 31345 31421 D beacon  : de byte 2 obj 
12-20 01:11:58.051 31345 31421 D beacon  : de byte 2 obj 
12-20 01:11:58.060 31345 31421 D beacon  : en obj 2 bytes 
12-20 01:11:58.061 31345 31421 D beacon  : en obj 2 bytes 
12-20 01:11:58.061 31345 31421 D beacon  :  insertOrUpdate alyticsBeans start!
12-20 01:11:58.071 31345 31421 D beacon  :  result id:41
12-20 01:11:58.077 31345 31421 D beacon  :  result id:56
12-20 01:11:58.077 31345 31421 D beacon  :  insertOrUpdate alyticsBeans end
12-20 01:11:58.078 31345 31421 D beacon_step_buffer:  [total:[tp:0 , st:1545220312534 ,counts:29, wifi:18464 , notWifi:0 , up:14752 , dn:3712]] 
12-20 01:11:58.078 31345 31421 D beacon_step_buffer: [today:[tp:1 , st:1545235223243 ,counts:7, wifi:4000 , notWifi:0 , up:3104 , dn:896]]
12-20 01:11:58.079 31345 31421 D beacon  :  TimeUpUploadDatas.done(), result:true
12-20 01:13:36.003 31345 31421 D beacon  :  in AnalyticsDAO.query() start
12-20 01:13:36.004 31345 31421 D beacon  :  query: ( _type = 8 ) 
12-20 01:13:36.006 31345 31421 I beacon  : result num: 0
12-20 01:13:36.006 31345 31421 D beacon  :  in AnalyticsDAO.query() end
12-20 01:13:36.006 31345 31421 D beacon  : en obj 2 bytes 
12-20 01:13:36.007 31345 31421 D beacon  :  insertOrUpdate alyticsBeans start!
12-20 01:13:36.018 31345 31421 D beacon  :  result id:61
12-20 01:13:36.018 31345 31421 D beacon  :  insertOrUpdate alyticsBeans end
12-20 01:13:36.018 31345 31421 D beacon_step_api:  used:1  seen:0  next:60
12-20 01:14:09.700 31345 31442 D GspDcAgent: >>>>>>>>>>>>>>> dcUserOnline_104() begin >>>>>>>>>>>>>>>
12-20 01:14:09.703 31345 31442 D network : network state 0
12-20 01:14:09.703 31345 31442 D GspDcAgent: >>>>>>>>>>>>>>> dc(104) begin >>>>>>>>>>>>>>>
12-20 01:14:09.708 31345 31444 D com.happyelements.gsp.android.dc.DataHelper: respFromPostDeflate start...
12-20 01:14:09.719 31345 31442 D GspDcAgent: <<<<<<<<<<<<<<<< dc(104) end <<<<<<<<<<<<<<<<
12-20 01:14:09.719 31345 31442 D GspDcAgent: <<<<<<<<<<<<<<<< dcUserOnline_104() end <<<<<<<<<<<<<<<<
12-20 01:14:09.829 31345 31444 D com.happyelements.gsp.android.dc.DataHelper: respFromPostDeflate code:204
12-20 01:15:24.679 31345 31421 D beacon  :  in AnalyticsDAO.query() start
12-20 01:15:24.680 31345 31421 D beacon  :  query: ( _type = 8 ) 
12-20 01:15:24.687 31345 31421 I beacon  : result num: 1
12-20 01:15:24.687 31345 31421 D beacon  :  in AnalyticsDAO.paserCursor() start
12-20 01:15:24.687 31345 31421 D beacon  :  in AnalyticsDAO.paserCursor() end
12-20 01:15:24.687 31345 31421 I beacon  :  total num: 1
12-20 01:15:24.688 31345 31421 D beacon  :  in AnalyticsDAO.query() end
12-20 01:15:24.688 31345 31421 D beacon  : de byte 2 obj 
12-20 01:15:24.693 31345 31421 D beacon  : en obj 2 bytes 
12-20 01:15:24.694 31345 31421 D beacon  :  insertOrUpdate alyticsBeans start!
12-20 01:15:24.707 31345 31421 D beacon  :  result id:61
12-20 01:15:24.707 31345 31421 D beacon  :  insertOrUpdate alyticsBeans end
12-20 01:15:24.707 31345 31421 D beacon_step_api:  used:2  seen:0  next:60
12-20 01:16:46.696 31386  3113 I XINGE   : [TpnsClient] Connect to Xinge Server succeed!
12-20 01:16:46.703 31386  3113 I MID     : [Thread-33(3101): null:23] - read mid from sharedPreferences， key=__MTA_DEVICE_INFO__1000001
12-20 01:16:46.704 31386  3113 I MID     : [Thread-33(3101): null:6] - read mid from Settings.System
12-20 01:16:46.707 31386  3113 I MID     : [Thread-33(3101): null:7] - read mid from InternalStorage
12-20 01:16:46.708 31386  3113 W MID     : [Thread-33(3101): null:110] - java.io.FileNotFoundException: /storage/emulated/0/Tencent/mta/.mid.txt1000001 (No such file or directory)
12-20 01:16:46.708 31386  3113 D MID     : [Thread-33(3101): null:77] - readNewVersionMidEntity:null
12-20 01:16:46.828 31386 31449 I ActivityThread: com.tencent.TsumTsumAndroid.TPUSH_PROVIDER acquiringCount 2
12-20 01:17:13.931 31345 31421 D beacon  :  in AnalyticsDAO.query() start
12-20 01:17:13.932 31345 31421 D beacon  :  query: ( _type = 8 ) 
12-20 01:17:13.938 31345 31421 I beacon  : result num: 1
12-20 01:17:13.938 31345 31421 D beacon  :  in AnalyticsDAO.paserCursor() start
12-20 01:17:13.939 31345 31421 D beacon  :  in AnalyticsDAO.paserCursor() end
12-20 01:17:13.939 31345 31421 I beacon  :  total num: 1
12-20 01:17:13.940 31345 31421 D beacon  :  in AnalyticsDAO.query() end
12-20 01:17:13.941 31345 31421 D beacon  : de byte 2 obj 
12-20 01:17:13.944 31345 31421 D beacon  : en obj 2 bytes 
12-20 01:17:13.945 31345 31421 D beacon  :  insertOrUpdate alyticsBeans start!
12-20 01:17:13.961 31345 31421 D beacon  :  result id:61
12-20 01:17:13.962 31345 31421 D beacon  :  insertOrUpdate alyticsBeans end
12-20 01:17:13.962 31345 31421 D beacon_step_api:  used:3  seen:0  next:60
12-20 01:19:01.709 31345 31421 D beacon  :  in AnalyticsDAO.query() start
12-20 01:19:01.711 31345 31421 D beacon  :  query: ( _type = 8 ) 
12-20 01:19:01.716 31345 31421 I beacon  : result num: 1
12-20 01:19:01.717 31345 31421 D beacon  :  in AnalyticsDAO.paserCursor() start
12-20 01:19:01.717 31345 31421 D beacon  :  in AnalyticsDAO.paserCursor() end
12-20 01:19:01.717 31345 31421 I beacon  :  total num: 1
12-20 01:19:01.718 31345 31421 D beacon  :  in AnalyticsDAO.query() end
12-20 01:19:01.718 31345 31421 D beacon  : de byte 2 obj 
12-20 01:19:01.726 31345 31421 D beacon  : en obj 2 bytes 
12-20 01:19:01.728 31345 31421 D beacon  :  insertOrUpdate alyticsBeans start!
12-20 01:19:01.745 31345 31421 D beacon  :  result id:61
12-20 01:19:01.745 31345 31421 D beacon  :  insertOrUpdate alyticsBeans end
12-20 01:19:01.746 31345 31421 D beacon_step_api:  used:4  seen:0  next:60
12-20 01:19:14.043 31345 31442 D GspDcAgent: >>>>>>>>>>>>>>> dcUserOnline_104() begin >>>>>>>>>>>>>>>
12-20 01:19:14.048 31345 31442 D network : network state 0
12-20 01:19:14.049 31345 31442 D GspDcAgent: >>>>>>>>>>>>>>> dc(104) begin >>>>>>>>>>>>>>>
12-20 01:19:14.056 31345 31442 D GspDcAgent: <<<<<<<<<<<<<<<< dc(104) end <<<<<<<<<<<<<<<<
12-20 01:19:14.056 31345 31442 D GspDcAgent: <<<<<<<<<<<<<<<< dcUserOnline_104() end <<<<<<<<<<<<<<<<
12-20 01:19:14.058 31345 31444 D com.happyelements.gsp.android.dc.DataHelper: respFromPostDeflate start...
12-20 01:19:14.215 31345 31444 D com.happyelements.gsp.android.dc.DataHelper: respFromPostDeflate code:204
12-20 01:20:49.779 31345 31420 D beacon  :  in AnalyticsDAO.query() start
12-20 01:20:49.780 31345 31420 D beacon  :  query: ( _type = 8 ) 
12-20 01:20:49.783 31345 31420 I beacon  : result num: 1
12-20 01:20:49.783 31345 31420 D beacon  :  in AnalyticsDAO.paserCursor() start
12-20 01:20:49.783 31345 31420 D beacon  :  in AnalyticsDAO.paserCursor() end
12-20 01:20:49.783 31345 31420 I beacon  :  total num: 1
12-20 01:20:49.783 31345 31420 D beacon  :  in AnalyticsDAO.query() end
12-20 01:20:49.783 31345 31420 D beacon  : de byte 2 obj 
12-20 01:20:49.785 31345 31420 D beacon  : en obj 2 bytes 
12-20 01:20:49.785 31345 31420 D beacon  :  insertOrUpdate alyticsBeans start!
12-20 01:20:49.806 31345 31420 D beacon  :  result id:61
12-20 01:20:49.806 31345 31420 D beacon  :  insertOrUpdate alyticsBeans end
12-20 01:20:49.806 31345 31420 D beacon_step_api:  used:5  seen:0  next:60
12-20 01:22:40.674 31345 31422 D beacon  :  in AnalyticsDAO.query() start
12-20 01:22:40.675 31345 31422 D beacon  :  query: ( _type = 8 ) 
12-20 01:22:40.677 31345 31422 I beacon  : result num: 1
12-20 01:22:40.677 31345 31422 D beacon  :  in AnalyticsDAO.paserCursor() start
12-20 01:22:40.678 31345 31422 D beacon  :  in AnalyticsDAO.paserCursor() end
12-20 01:22:40.678 31345 31422 I beacon  :  total num: 1
12-20 01:22:40.678 31345 31422 D beacon  :  in AnalyticsDAO.query() end
12-20 01:22:40.678 31345 31422 D beacon  : de byte 2 obj 
12-20 01:22:40.679 31345 31422 D beacon  : en obj 2 bytes 
12-20 01:22:40.680 31345 31422 D beacon  :  insertOrUpdate alyticsBeans start!
12-20 01:22:40.689 31345 31422 D beacon  :  result id:61
12-20 01:22:40.689 31345 31422 D beacon  :  insertOrUpdate alyticsBeans end
12-20 01:22:40.690 31345 31422 D beacon_step_api:  used:6  seen:0  next:60
12-20 01:24:16.413 31345 31442 D GspDcAgent: >>>>>>>>>>>>>>> dcUserOnline_104() begin >>>>>>>>>>>>>>>
12-20 01:24:16.415 31345 31442 D network : network state 0
12-20 01:24:16.416 31345 31442 D GspDcAgent: >>>>>>>>>>>>>>> dc(104) begin >>>>>>>>>>>>>>>
12-20 01:24:16.419 31345 31442 D GspDcAgent: <<<<<<<<<<<<<<<< dc(104) end <<<<<<<<<<<<<<<<
12-20 01:24:16.419 31345 31442 D GspDcAgent: <<<<<<<<<<<<<<<< dcUserOnline_104() end <<<<<<<<<<<<<<<<
12-20 01:24:16.420 31345 31444 D com.happyelements.gsp.android.dc.DataHelper: respFromPostDeflate start...
12-20 01:24:16.550 31345 31444 D com.happyelements.gsp.android.dc.DataHelper: respFromPostDeflate code:204
12-20 01:24:33.206 31345 31420 D beacon  :  in AnalyticsDAO.query() start
12-20 01:24:33.206 31345 31420 D beacon  :  query: ( _type = 8 ) 
12-20 01:24:33.208 31345 31420 I beacon  : result num: 1
12-20 01:24:33.208 31345 31420 D beacon  :  in AnalyticsDAO.paserCursor() start
12-20 01:24:33.209 31345 31420 D beacon  :  in AnalyticsDAO.paserCursor() end
12-20 01:24:33.209 31345 31420 I beacon  :  total num: 1
12-20 01:24:33.209 31345 31420 D beacon  :  in AnalyticsDAO.query() end
12-20 01:24:33.210 31345 31420 D beacon  : de byte 2 obj 
12-20 01:24:33.211 31345 31420 D beacon  : en obj 2 bytes 
12-20 01:24:33.211 31345 31420 D beacon  :  insertOrUpdate alyticsBeans start!
12-20 01:24:33.220 31345 31420 D beacon  :  result id:61
12-20 01:24:33.220 31345 31420 D beacon  :  insertOrUpdate alyticsBeans end
12-20 01:24:33.220 31345 31420 D beacon_step_api:  used:7  seen:0  next:60
12-20 01:26:22.270 31345 31421 D beacon  :  in AnalyticsDAO.query() start
12-20 01:26:22.271 31345 31421 D beacon  :  query: ( _type = 8 ) 
12-20 01:26:22.273 31345 31421 I beacon  : result num: 1
12-20 01:26:22.273 31345 31421 D beacon  :  in AnalyticsDAO.paserCursor() start
12-20 01:26:22.273 31345 31421 D beacon  :  in AnalyticsDAO.paserCursor() end
12-20 01:26:22.273 31345 31421 I beacon  :  total num: 1
12-20 01:26:22.274 31345 31421 D beacon  :  in AnalyticsDAO.query() end
12-20 01:26:22.274 31345 31421 D beacon  : de byte 2 obj 
12-20 01:26:22.275 31345 31421 D beacon  : en obj 2 bytes 
12-20 01:26:22.275 31345 31421 D beacon  :  insertOrUpdate alyticsBeans start!
12-20 01:26:22.284 31345 31421 D beacon  :  result id:61
12-20 01:26:22.284 31345 31421 D beacon  :  insertOrUpdate alyticsBeans end
12-20 01:26:22.284 31345 31421 D beacon_step_api:  used:8  seen:0  next:60
12-20 01:26:40.120 31386  3186 I XINGE   : [TpnsClient] Connect to Xinge Server succeed!
12-20 01:26:40.125 31386  3186 I MID     : [Thread-34(3103): null:23] - read mid from sharedPreferences， key=__MTA_DEVICE_INFO__1000001
12-20 01:26:40.126 31386  3186 I MID     : [Thread-34(3103): null:6] - read mid from Settings.System
12-20 01:26:40.128 31386  3186 I MID     : [Thread-34(3103): null:7] - read mid from InternalStorage
12-20 01:26:40.129 31386  3186 W MID     : [Thread-34(3103): null:110] - java.io.FileNotFoundException: /storage/emulated/0/Tencent/mta/.mid.txt1000001 (No such file or directory)
12-20 01:26:40.129 31386  3186 D MID     : [Thread-34(3103): null:77] - readNewVersionMidEntity:null
12-20 01:26:40.272 31386 31449 V XGLogger: have writable external storage, write log file!
12-20 01:28:12.866 31345 31420 D beacon  :  in AnalyticsDAO.query() start
12-20 01:28:12.867 31345 31420 D beacon  :  query: ( _type = 8 ) 
12-20 01:28:12.870 31345 31420 I beacon  : result num: 1
12-20 01:28:12.870 31345 31420 D beacon  :  in AnalyticsDAO.paserCursor() start
12-20 01:28:12.870 31345 31420 D beacon  :  in AnalyticsDAO.paserCursor() end
12-20 01:28:12.870 31345 31420 I beacon  :  total num: 1
12-20 01:28:12.871 31345 31420 D beacon  :  in AnalyticsDAO.query() end
12-20 01:28:12.871 31345 31420 D beacon  : de byte 2 obj 
12-20 01:28:12.873 31345 31420 D beacon  : en obj 2 bytes 
12-20 01:28:12.874 31345 31420 D beacon  :  insertOrUpdate alyticsBeans start!
12-20 01:28:12.885 31345 31420 D beacon  :  result id:61
12-20 01:28:12.885 31345 31420 D beacon  :  insertOrUpdate alyticsBeans end
12-20 01:28:12.885 31345 31420 D beacon_step_api:  used:9  seen:0  next:60
12-20 01:29:19.628 31345 31442 D GspDcAgent: >>>>>>>>>>>>>>> dcUserOnline_104() begin >>>>>>>>>>>>>>>
12-20 01:29:19.631 31345 31442 D network : network state 0
12-20 01:29:19.631 31345 31442 D GspDcAgent: >>>>>>>>>>>>>>> dc(104) begin >>>>>>>>>>>>>>>
12-20 01:29:19.634 31345 31442 D GspDcAgent: <<<<<<<<<<<<<<<< dc(104) end <<<<<<<<<<<<<<<<
12-20 01:29:19.634 31345 31442 D GspDcAgent: <<<<<<<<<<<<<<<< dcUserOnline_104() end <<<<<<<<<<<<<<<<
12-20 01:29:19.635 31345 31444 D com.happyelements.gsp.android.dc.DataHelper: respFromPostDeflate start...
12-20 01:29:19.783 31345 31444 D com.happyelements.gsp.android.dc.DataHelper: respFromPostDeflate code:204
12-20 01:29:57.551 31345 31420 D beacon  :  in AnalyticsDAO.query() start
12-20 01:29:57.552 31345 31420 D beacon  :  query: ( _type = 8 ) 
12-20 01:29:57.557 31345 31420 I beacon  : result num: 1
12-20 01:29:57.557 31345 31420 D beacon  :  in AnalyticsDAO.paserCursor() start
12-20 01:29:57.558 31345 31420 D beacon  :  in AnalyticsDAO.paserCursor() end
12-20 01:29:57.558 31345 31420 I beacon  :  total num: 1
12-20 01:29:57.559 31345 31420 D beacon  :  in AnalyticsDAO.query() end
12-20 01:29:57.560 31345 31420 D beacon  : de byte 2 obj 
12-20 01:29:57.563 31345 31420 D beacon  : en obj 2 bytes 
12-20 01:29:57.565 31345 31420 D beacon  :  insertOrUpdate alyticsBeans start!
12-20 01:29:57.575 31345 31420 D beacon  :  result id:61
12-20 01:29:57.575 31345 31420 D beacon  :  insertOrUpdate alyticsBeans end
12-20 01:29:57.575 31345 31420 D beacon_step_api:  used:10  seen:0  next:60
12-20 01:29:57.576 31345 31421 D beacon  :  in AnalyticsDAO.query() start
12-20 01:29:57.576 31345 31421 D beacon  :  query: ( _type = 8 ) 
12-20 01:29:57.578 31345 31421 I beacon  : result num: 1
12-20 01:29:57.578 31345 31421 D beacon  :  in AnalyticsDAO.paserCursor() start
12-20 01:29:57.578 31345 31421 D beacon  :  in AnalyticsDAO.paserCursor() end
12-20 01:29:57.578 31345 31421 I beacon  :  total num: 1
12-20 01:29:57.578 31345 31421 D beacon  :  in AnalyticsDAO.query() end
12-20 01:29:57.578 31345 31421 D beacon  : de byte 2 obj 
12-20 01:29:57.581 31345 31421 D beacon_step_api:  onUA: rqd_useInfoEvent,true,0,0,true,false
12-20 01:29:58.537 31345 31421 D beacon  : get event sn for [rqd_useInfoEvent] : 8b6a066a9b953010_20181220_Y_8.
12-20 01:29:58.538 31345 31421 D beacon_step_buffer:  BF eN:rqd_useInfoEvent   isRT:true  isCR:false
12-20 01:29:58.540 31345 31421 I beacon  : processUA:true!
12-20 01:29:58.540 31345 31421 D beacon  :  AnalyticsDAO.delete() start
12-20 01:29:58.540 31345 31421 D beacon  :  delete where: _time >= -1 and _time <= 9223372036854775807 and ( _type = 8 )
12-20 01:29:58.552 31345 31421 D beacon  :  deleted num: 1
12-20 01:29:58.553 31345 31421 D beacon  :  AnalyticsDAO.delete() end
12-20 01:29:58.553 31345 31421 D beacon_step_api: rqd_useInfoEvent 10 0
12-20 01:30:05.514 31345 31420 D beacon  :  get realEventCnt in Mem:1
12-20 01:30:05.516 31345 31420 D beacon_step_buffer:  dsu real events 2 up 1
12-20 01:30:05.517 31345 31420 I beacon  : real rid:f65e56a18df5caa4
12-20 01:30:05.518 31345 31420 D beacon  :  TUUD.GetUD start
12-20 01:30:05.518 31345 31420 D beacon  :  current size:1
12-20 01:30:05.519 31345 31420 D beacon  : map 2 str
12-20 01:30:05.519 31345 31420 D beacon  :  RealTimeRecordUploadDatas.encode2EventRecordPackage() end}
12-20 01:30:05.521 31345 31420 D beacon  : en2Req
12-20 01:30:05.521 31345 31420 D beacon  :  RequestPackage info appkey:1106415894 sdkid:beacon appVersion:1.0.959.2001001 cmd: 2
12-20 01:30:05.523 31345 31420 D beacon  : zp: 2 len: 526
12-20 01:30:05.524 31345 31420 D beacon  : enD: 427 3
12-20 01:30:05.526 31345 31420 D beacon_step_upload:  start upload cmd: 2  url:http://oth.eve.mdt.qq.com:8080/analytics/upload?rid=f65e56a18df5caa4&sid=49ed5d8e5aa79ed1769687b37e3c5df3  datas:class com.tencent.beacon.event.l$a
12-20 01:30:05.527 31345 31420 D beacon_step_upload: start req: http://oth.eve.mdt.qq.com:8080/analytics/upload?rid=f65e56a18df5caa4&sid=49ed5d8e5aa79ed1769687b37e3c5df3 sz:432
12-20 01:30:05.528 31345 31420 D beacon_step_upload: send: http://oth.eve.mdt.qq.com:8080/analytics/upload?rid=f65e56a18df5caa4&sid=49ed5d8e5aa79ed1769687b37e3c5df3 sz: 432 apn: wifi
12-20 01:30:05.528 31345 31420 I beacon  : Don't use proxy: wifi, try time: 1
12-20 01:30:05.631 31345 31420 D beacon_step_upload: execute request:
12-20 01:30:05.631 31345 31420 D beacon_step_upload:  POST http://oth.eve.mdt.qq.com:8080/analytics/upload?rid=f65e56a18df5caa4&sid=49ed5d8e5aa79ed1769687b37e3c5df3 HTTP/1.1
12-20 01:30:05.631 31345 31420 D beacon_step_upload: response code:200 
12-20 01:30:05.632 31345 31420 D beacon_step_upload: recevied: 128
12-20 01:30:05.634 31345 31420 D beacon  : unzp: 2 len: 115
12-20 01:30:05.635 31345 31420 D beacon  :  covert to ResponsePackage 
12-20 01:30:05.636 31345 31420 D beacon  : response.cmd:0 response.result:0
12-20 01:30:05.636 31345 31420 D beacon_step_upload:  fix ip:61.49.51.153  tmgap: 338
12-20 01:30:05.636 31345 31420 D beacon_step_upload:  response no datas 
12-20 01:30:05.636 31345 31420 D beacon_step_upload:  req:2  res:0  send:432  recv:128  result: true  msg:null
12-20 01:30:05.636 31345 31420 D beacon  :  in AnalyticsDAO.query() start
12-20 01:30:05.637 31345 31420 D beacon  :  query: ( _type = 6 )  and _time <= 0 
12-20 01:30:05.639 31345 31420 I beacon  : result num: 3
12-20 01:30:05.639 31345 31420 D beacon  :  in AnalyticsDAO.paserCursor() start
12-20 01:30:05.639 31345 31420 D beacon  :  in AnalyticsDAO.paserCursor() end
12-20 01:30:05.639 31345 31420 I beacon  :  total num: 3
12-20 01:30:05.639 31345 31420 D beacon  :  in AnalyticsDAO.query() end
12-20 01:30:05.639 31345 31420 D beacon  : de byte 2 obj 
12-20 01:30:05.640 31345 31420 I chatty  : uid=10211(com.tencent.TsumTsumAndroid) pool-9-thread-1 identical 11 lines
12-20 01:31:48.108 31345 31421 I chatty  : uid=10211(com.tencent.TsumTsumAndroid) pool-9-thread-2 expire 11 lines
12-20 01:33:35.562 31345 31421 I chatty  : uid=10211(com.tencent.TsumTsumAndroid) pool-9-thread-2 expire 11 lines
12-20 01:34:22.117 31345 31442 I chatty  : uid=10211(com.tencent.TsumTsumAndroid) DcTimer expire 10 lines
12-20 01:35:30.246 31345 31422 I chatty  : uid=10211(com.tencent.TsumTsumAndroid) pool-9-thread-3 expire 13 lines
12-20 01:36:14.496 31386  3217 I chatty  : uid=10211 com.tencent.TsumTsumAndroid:xg_service_v3 expire 8 lines
12-20 01:36:30.986 31386  3220 I chatty  : uid=10211 com.tencent.TsumTsumAndroid:xg_service_v3 expire 1 line
12-20 01:37:13.233 31345 31421 I chatty  : uid=10211(com.tencent.TsumTsumAndroid) pool-9-thread-2 expire 13 lines
12-20 01:39:05.366 31345 31420 I chatty  : uid=10211(com.tencent.TsumTsumAndroid) pool-9-thread-1 expire 13 lines
12-20 01:40:56.566 31345 31421 I chatty  : uid=10211(com.tencent.TsumTsumAndroid) pool-9-thread-2 expire 13 lines
12-20 01:42:49.303 31345 31421 I chatty  : uid=10211(com.tencent.TsumTsumAndroid) pool-9-thread-2 expire 13 lines
12-20 01:44:26.245 31345 31442 I chatty  : uid=10211(com.tencent.TsumTsumAndroid) DcTimer expire 10 lines
12-20 01:44:37.747 31345 31421 I chatty  : uid=10211(com.tencent.TsumTsumAndroid) pool-9-thread-2 expire 13 lines
12-20 01:46:24.145 31345 31421 I chatty  : uid=10211(com.tencent.TsumTsumAndroid) pool-9-thread-2 expire 13 lines
12-20 01:46:25.495 31386  3251 I chatty  : uid=10211 com.tencent.TsumTsumAndroid:xg_service_v3 expire 6 lines
12-20 01:48:09.174 31345 31422 I chatty  : uid=10211(com.tencent.TsumTsumAndroid) pool-9-thread-3 expire 59 lines
12-20 01:48:09.193 31345 31421 I chatty  : uid=10211(com.tencent.TsumTsumAndroid) pool-9-thread-2 expire 17 lines
12-20 01:49:57.239 31345 31421 I chatty  : uid=10211(com.tencent.TsumTsumAndroid) pool-9-thread-2 expire 14 lines
12-20 01:51:41.707 31345 31421 I chatty  : uid=10211(com.tencent.TsumTsumAndroid) pool-9-thread-2 expire 13 lines
12-20 01:53:31.265 31345 31421 I chatty  : uid=10211(com.tencent.TsumTsumAndroid) pool-9-thread-2 expire 21 lines
12-20 01:54:32.486 31345 31442 I chatty  : uid=10211(com.tencent.TsumTsumAndroid) DcTimer expire 10 lines
12-20 01:55:21.947 31345 31422 I chatty  : uid=10211(com.tencent.TsumTsumAndroid) pool-9-thread-3 expire 13 lines
12-20 01:56:06.118 31386  3273 I chatty  : uid=10211 com.tencent.TsumTsumAndroid:xg_service_v3 expire 6 lines
12-20 01:56:06.155 31386 31408 I chatty  : uid=10211(com.tencent.TsumTsumAndroid) Profile Saver expire 4 lines
12-20 01:58:57.707 31345 31421 I chatty  : uid=10211(com.tencent.TsumTsumAndroid) pool-9-thread-2 expire 13 lines
12-20 01:59:34.905 31345 31444 I chatty  : uid=10211(com.tencent.TsumTsumAndroid) Thread-13 expire 16 lines
12-20 02:00:43.522 31345 31420 I chatty  : uid=10211(com.tencent.TsumTsumAndroid) pool-9-thread-1 expire 13 lines
12-20 02:02:27.831 31345 31422 I chatty  : uid=10211(com.tencent.TsumTsumAndroid) pool-9-thread-3 expire 13 lines
12-20 02:04:09.827 31345 31420 I chatty  : uid=10211(com.tencent.TsumTsumAndroid) pool-9-thread-1 expire 13 lines
12-20 02:04:36.036 31345 31442 I chatty  : uid=10211(com.tencent.TsumTsumAndroid) DcTimer expire 10 lines
12-20 02:05:47.754 31386  3350 I chatty  : uid=10211 com.tencent.TsumTsumAndroid:xg_service_v3 expire 6 lines
12-20 02:06:00.211 31345 31422 I chatty  : uid=10211(com.tencent.TsumTsumAndroid) pool-9-thread-3 expire 13 lines
12-20 02:06:00.228 31345 31421 I chatty  : uid=10211(com.tencent.TsumTsumAndroid) pool-9-thread-2 expire 17 lines
12-20 02:06:07.483 31345 31420 I chatty  : uid=10211(com.tencent.TsumTsumAndroid) pool-9-thread-1 expire 41 lines
12-20 02:07:49.676 31345 31420 I chatty  : uid=10211(com.tencent.TsumTsumAndroid) pool-9-thread-1 expire 11 lines
12-20 02:09:34.966 31345 31420 I chatty  : uid=10211(com.tencent.TsumTsumAndroid) pool-9-thread-1 expire 24 lines
12-20 02:13:12.548 31345 31422 I chatty  : uid=10211(com.tencent.TsumTsumAndroid) pool-9-thread-3 expire 13 lines
12-20 02:14:40.262 31345 31442 I chatty  : uid=10211(com.tencent.TsumTsumAndroid) DcTimer expire 15 lines
12-20 02:14:55.869 31345 31421 I chatty  : uid=10211(com.tencent.TsumTsumAndroid) pool-9-thread-2 expire 13 lines
12-20 02:15:31.162 31386  3451 I chatty  : uid=10211 com.tencent.TsumTsumAndroid:xg_service_v3 expire 6 lines
12-20 02:16:46.665 31345 31420 I chatty  : uid=10211(com.tencent.TsumTsumAndroid) pool-9-thread-1 expire 13 lines
12-20 02:18:37.682 31345 31422 I chatty  : uid=10211(com.tencent.TsumTsumAndroid) pool-9-thread-3 expire 26 lines
12-20 02:22:10.861 31345 31421 I chatty  : uid=10211(com.tencent.TsumTsumAndroid) pool-9-thread-2 expire 13 lines
12-20 02:24:03.094 31345 31420 I chatty  : uid=10211(com.tencent.TsumTsumAndroid) pool-9-thread-1 expire 13 lines
12-20 02:24:03.115 31345 31421 I chatty  : uid=10211(com.tencent.TsumTsumAndroid) pool-9-thread-2 expire 17 lines
12-20 02:24:11.390 31345 31422 I chatty  : uid=10211(com.tencent.TsumTsumAndroid) pool-9-thread-3 expire 41 lines
12-20 02:25:04.501 31386  3484 I chatty  : uid=10211 com.tencent.TsumTsumAndroid:xg_service_v3 expire 7 lines
12-20 02:25:47.417 31345 31420 I chatty  : uid=10211(com.tencent.TsumTsumAndroid) pool-9-thread-1 expire 22 lines
12-20 02:29:27.478 31345 31421 I chatty  : uid=10211(com.tencent.TsumTsumAndroid) pool-9-thread-2 expire 13 lines
12-20 02:29:46.335 31345 31442 I chatty  : uid=10211(com.tencent.TsumTsumAndroid) DcTimer expire 10 lines
12-20 02:31:22.496 31345 31422 I chatty  : uid=10211(com.tencent.TsumTsumAndroid) pool-9-thread-3 expire 13 lines
12-20 02:33:08.181 31345 31421 I chatty  : uid=10211(com.tencent.TsumTsumAndroid) pool-9-thread-2 expire 13 lines
12-20 02:34:59.069 31345 31420 I chatty  : uid=10211(com.tencent.TsumTsumAndroid) pool-9-thread-1 expire 13 lines
12-20 02:35:15.596 31386  3534 I chatty  : uid=10211 com.tencent.TsumTsumAndroid:xg_service_v3 expire 6 lines
12-20 02:36:44.547 31345 31421 I chatty  : uid=10211(com.tencent.TsumTsumAndroid) pool-9-thread-2 expire 13 lines
12-20 02:38:35.650 31345 31422 I chatty  : uid=10211(com.tencent.TsumTsumAndroid) pool-9-thread-3 expire 13 lines
12-20 02:39:49.486 31345 31442 I chatty  : uid=10211(com.tencent.TsumTsumAndroid) DcTimer expire 10 lines
12-20 02:39:49.495 31345 31444 I chatty  : uid=10211(com.tencent.TsumTsumAndroid) Thread-13 expire 10 lines
12-20 02:40:19.385 31345 31421 I chatty  : uid=10211(com.tencent.TsumTsumAndroid) pool-9-thread-2 expire 13 lines
12-20 02:42:07.002 31345 31421 I chatty  : uid=10211(com.tencent.TsumTsumAndroid) pool-9-thread-2 expire 54 lines
12-20 02:42:07.022 31345 31420 I chatty  : uid=10211(com.tencent.TsumTsumAndroid) pool-9-thread-1 expire 17 lines
12-20 02:43:58.004 31345 31420 I chatty  : uid=10211(com.tencent.TsumTsumAndroid) pool-9-thread-1 expire 22 lines
12-20 02:45:03.699 31386  3588 I chatty  : uid=10211 com.tencent.TsumTsumAndroid:xg_service_v3 expire 6 lines
12-20 02:45:03.868 31386  3595 I chatty  : uid=10211 com.tencent.TsumTsumAndroid:xg_service_v3 expire 1 line
12-20 02:47:38.991 31345 31420 I chatty  : uid=10211(com.tencent.TsumTsumAndroid) pool-9-thread-1 expire 13 lines
12-20 02:49:28.656 31345 31420 I chatty  : uid=10211(com.tencent.TsumTsumAndroid) pool-9-thread-1 expire 13 lines
12-20 02:49:53.741 31345 31442 I chatty  : uid=10211(com.tencent.TsumTsumAndroid) DcTimer expire 10 lines
12-20 02:51:14.894 31345 31420 I chatty  : uid=10211(com.tencent.TsumTsumAndroid) pool-9-thread-1 expire 13 lines
12-20 02:53:05.479 31345 31421 I chatty  : uid=10211(com.tencent.TsumTsumAndroid) pool-9-thread-2 expire 13 lines
12-20 02:54:56.646 31345 31421 I chatty  : uid=10211(com.tencent.TsumTsumAndroid) pool-9-thread-2 expire 13 lines
12-20 02:54:58.780 31386  3675 I chatty  : uid=10211 com.tencent.TsumTsumAndroid:xg_service_v3 expire 6 lines
12-20 02:54:58.796 31386  3676 I chatty  : uid=10211 com.tencent.TsumTsumAndroid:xg_service_v3 expire 1 line
12-20 02:56:44.474 31345 31422 I chatty  : uid=10211(com.tencent.TsumTsumAndroid) pool-9-thread-3 expire 13 lines
12-20 02:58:27.904 31345 31420 I chatty  : uid=10211(com.tencent.TsumTsumAndroid) pool-9-thread-1 expire 26 lines
12-20 02:59:56.158 31345 31442 I chatty  : uid=10211(com.tencent.TsumTsumAndroid) DcTimer expire 15 lines
12-20 03:00:17.997 31345 31421 I chatty  : uid=10211(com.tencent.TsumTsumAndroid) pool-9-thread-2 expire 17 lines
12-20 03:00:25.286 31345 31422 I chatty  : uid=10211(com.tencent.TsumTsumAndroid) pool-9-thread-3 expire 50 lines
12-20 03:02:08.153 31345 31421 I chatty  : uid=10211(com.tencent.TsumTsumAndroid) pool-9-thread-2 expire 22 lines
12-20 03:02:15.869 31345 31422 I chatty  : uid=10211(com.tencent.TsumTsumAndroid) pool-9-thread-3 expire 41 lines
12-20 03:03:52.616 31345 31422 I chatty  : uid=10211(com.tencent.TsumTsumAndroid) pool-9-thread-3 expire 13 lines
12-20 03:04:16.075 31345 31427 I chatty  : uid=10211(com.tencent.TsumTsumAndroid) BUGLY_THREAD expire 2 lines
12-20 03:04:16.076 31345 31428 I chatty  : uid=10211(com.tencent.TsumTsumAndroid) BUGLY_THREAD expire 2 lines
12-20 03:04:43.946 31386  3760 I chatty  : uid=10211 com.tencent.TsumTsumAndroid:xg_service_v3 expire 6 lines
12-20 03:04:57.328 31345 31444 I chatty  : uid=10211(com.tencent.TsumTsumAndroid) Thread-13 expire 10 lines
12-20 03:05:40.541 31345 31420 I chatty  : uid=10211(com.tencent.TsumTsumAndroid) pool-9-thread-1 expire 13 lines
12-20 03:07:33.285 31345 31420 I chatty  : uid=10211(com.tencent.TsumTsumAndroid) pool-9-thread-1 expire 13 lines
12-20 03:09:13.949 31345 31420 I chatty  : uid=10211(com.tencent.TsumTsumAndroid) pool-9-thread-1 expire 13 lines
12-20 03:10:52.162 31386  3800 I chatty  : uid=10211 com.tencent.TsumTsumAndroid:xg_service_v3 expire 6 lines
12-20 03:10:58.291 31345 31420 I chatty  : uid=10211(com.tencent.TsumTsumAndroid) pool-9-thread-1 expire 13 lines
12-20 03:12:48.473 31345 31420 I chatty  : uid=10211(com.tencent.TsumTsumAndroid) pool-9-thread-1 expire 13 lines
12-20 03:14:36.510 31345 31420 I chatty  : uid=10211(com.tencent.TsumTsumAndroid) pool-9-thread-1 expire 13 lines
12-20 03:15:03.818 31345 31442 I chatty  : uid=10211(com.tencent.TsumTsumAndroid) DcTimer expire 10 lines
12-20 03:16:19.773 31345 31422 I chatty  : uid=10211(com.tencent.TsumTsumAndroid) pool-9-thread-3 expire 13 lines
12-20 03:18:07.786 31345 31422 I chatty  : uid=10211(com.tencent.TsumTsumAndroid) pool-9-thread-3 expire 54 lines
12-20 03:18:07.801 31345 31420 I chatty  : uid=10211(com.tencent.TsumTsumAndroid) pool-9-thread-1 expire 17 lines
12-20 03:19:57.784 31345 31422 I chatty  : uid=10211(com.tencent.TsumTsumAndroid) pool-9-thread-3 expire 21 lines
12-20 03:21:39.953 31345 31422 I chatty  : uid=10211(com.tencent.TsumTsumAndroid) pool-9-thread-3 expire 12 lines
12-20 03:23:30.853 31345 31422 I chatty  : uid=10211(com.tencent.TsumTsumAndroid) pool-9-thread-3 expire 15 lines
12-20 03:25:04.348 31345 31442 I chatty  : uid=10211(com.tencent.TsumTsumAndroid) DcTimer expire 10 lines
12-20 03:25:16.356 31345 31420 I chatty  : uid=10211(com.tencent.TsumTsumAndroid) pool-9-thread-1 expire 13 lines
12-20 03:28:45.820 31345 31422 I chatty  : uid=10211(com.tencent.TsumTsumAndroid) pool-9-thread-3 expire 13 lines
12-20 03:30:06.828 31345 31444 I chatty  : uid=10211(com.tencent.TsumTsumAndroid) Thread-13 expire 10 lines
12-20 03:30:32.211 31345 31422 I chatty  : uid=10211(com.tencent.TsumTsumAndroid) pool-9-thread-3 expire 13 lines
12-20 03:30:57.567 31386  3889 I chatty  : uid=10211 com.tencent.TsumTsumAndroid:xg_service_v3 expire 6 lines
12-20 03:30:57.672 31386 31410 I chatty  : uid=10211(com.tencent.TsumTsumAndroid) XgStat expire 10 lines
12-20 03:32:14.956 31345 31422 I chatty  : uid=10211(com.tencent.TsumTsumAndroid) pool-9-thread-3 expire 13 lines
12-20 03:35:07.298 31345 31442 I chatty  : uid=10211(com.tencent.TsumTsumAndroid) DcTimer expire 10 lines
12-20 03:35:42.776 31345 31422 I chatty  : uid=10211(com.tencent.TsumTsumAndroid) pool-9-thread-3 expire 30 lines
12-20 03:35:51.991 31345 31421 I chatty  : uid=10211(com.tencent.TsumTsumAndroid) pool-9-thread-2 expire 43 lines
12-20 03:37:32.263 31345 31421 I chatty  : uid=10211(com.tencent.TsumTsumAndroid) pool-9-thread-2 expire 11 lines
12-20 03:39:14.657 31345 31421 I chatty  : uid=10211(com.tencent.TsumTsumAndroid) pool-9-thread-2 expire 11 lines
12-20 03:40:55.575 31345 31422 I chatty  : uid=10211(com.tencent.TsumTsumAndroid) pool-9-thread-3 expire 13 lines
12-20 03:42:47.247 31345 31422 I chatty  : uid=10211(com.tencent.TsumTsumAndroid) pool-9-thread-3 expire 13 lines
12-20 03:44:28.979 31345 31422 I chatty  : uid=10211(com.tencent.TsumTsumAndroid) pool-9-thread-3 expire 13 lines
12-20 03:45:11.503 31345 31442 I chatty  : uid=10211(com.tencent.TsumTsumAndroid) DcTimer expire 10 lines
12-20 03:46:02.645 31386  3998 I chatty  : uid=10211 com.tencent.TsumTsumAndroid:xg_service_v3 expire 6 lines
12-20 03:46:02.798 31386  4000 I chatty  : uid=10211 com.tencent.TsumTsumAndroid:xg_service_v3 expire 1 line
12-20 03:46:11.636 31345 31420 I chatty  : uid=10211(com.tencent.TsumTsumAndroid) pool-9-thread-1 expire 13 lines
12-20 03:48:02.228 31345 31420 I chatty  : uid=10211(com.tencent.TsumTsumAndroid) pool-9-thread-1 expire 13 lines
12-20 03:49:48.824 31345 31422 I chatty  : uid=10211(com.tencent.TsumTsumAndroid) pool-9-thread-3 expire 13 lines
12-20 03:51:31.848 31345 31422 I chatty  : uid=10211(com.tencent.TsumTsumAndroid) pool-9-thread-3 expire 13 lines
12-20 03:53:22.052 31345 31421 I chatty  : uid=10211(com.tencent.TsumTsumAndroid) pool-9-thread-2 expire 54 lines
12-20 03:53:22.071 31345 31422 I chatty  : uid=10211(com.tencent.TsumTsumAndroid) pool-9-thread-3 expire 17 lines
12-20 03:53:23.245 31345 31420 I chatty  : uid=10211(com.tencent.TsumTsumAndroid) pool-9-thread-1 expire 14 lines
12-20 03:55:06.889 31345 31421 I chatty  : uid=10211(com.tencent.TsumTsumAndroid) pool-9-thread-2 expire 22 lines
12-20 03:55:16.399 31345 31442 I chatty  : uid=10211(com.tencent.TsumTsumAndroid) DcTimer expire 10 lines
12-20 03:55:16.407 31345 31444 I chatty  : uid=10211(com.tencent.TsumTsumAndroid) Thread-13 expire 10 lines
12-20 03:55:36.069 31386 31410 I chatty  : uid=10211(com.tencent.TsumTsumAndroid) XgStat expire 8 lines
12-20 03:58:50.434 31345 31421 I chatty  : uid=10211(com.tencent.TsumTsumAndroid) pool-9-thread-2 expire 13 lines
12-20 04:00:33.735 31386 31449 I chatty  : uid=10211(com.tencent.TsumTsumAndroid) .working.thread expire 3 lines
12-20 04:00:35.842 31345 31422 I chatty  : uid=10211(com.tencent.TsumTsumAndroid) pool-9-thread-3 expire 13 lines
12-20 04:02:22.187 31345 31421 I chatty  : uid=10211(com.tencent.TsumTsumAndroid) pool-9-thread-2 expire 13 lines
12-20 04:04:12.375 31345 31422 I chatty  : uid=10211(com.tencent.TsumTsumAndroid) pool-9-thread-3 expire 13 lines
12-20 04:05:19.335 31345 31442 I chatty  : uid=10211(com.tencent.TsumTsumAndroid) DcTimer expire 10 lines
12-20 04:05:33.460 31386 31446 I chatty  : uid=10211(com.tencent.TsumTsumAndroid) Watchdog.thread expire 2 lines
12-20 04:05:58.563 31345 31422 I chatty  : uid=10211(com.tencent.TsumTsumAndroid) pool-9-thread-3 expire 13 lines
12-20 04:09:37.494 31345 31421 I chatty  : uid=10211(com.tencent.TsumTsumAndroid) pool-9-thread-2 expire 13 lines
12-20 04:11:01.861 31345 31422 I chatty  : uid=10211(com.tencent.TsumTsumAndroid) pool-9-thread-3 expire 38 lines
12-20 04:11:01.898 31345 31421 I chatty  : uid=10211(com.tencent.TsumTsumAndroid) pool-9-thread-2 expire 17 lines
12-20 04:11:06.269 31345 31422 D beacon  :  in AnalyticsDAO.query() start
12-20 04:11:06.269 31345 31422 D beacon  :  query: ( _type = 6 )  and _time <= 0 
12-20 04:11:06.272 31345 31422 I beacon  : result num: 3
12-20 04:11:06.272 31345 31422 D beacon  :  in AnalyticsDAO.paserCursor() start
12-20 04:11:06.273 31345 31422 D beacon  :  in AnalyticsDAO.paserCursor() end
12-20 04:11:06.273 31345 31422 I beacon  :  total num: 3
12-20 04:11:06.273 31345 31422 D beacon  :  in AnalyticsDAO.query() end
12-20 04:11:06.273 31345 31422 D beacon  : de byte 2 obj 
12-20 04:11:06.275 31345 31422 D beacon  : de byte 2 obj 
12-20 04:11:06.283 31345 31422 D beacon  : en obj 2 bytes 
12-20 04:11:06.283 31345 31422 D beacon  : en obj 2 bytes 
12-20 04:11:06.284 31345 31422 D beacon  :  insertOrUpdate alyticsBeans start!
12-20 04:11:06.293 31345 31422 D beacon  :  result id:41
12-20 04:11:06.300 31345 31422 D beacon  :  result id:56
12-20 04:11:06.300 31345 31422 D beacon  :  insertOrUpdate alyticsBeans end
12-20 04:11:06.303 31345 31422 D beacon_step_buffer:  [total:[tp:0 , st:1545220312534 ,counts:40, wifi:24720 , notWifi:0 , up:19600 , dn:5120]] 
12-20 04:11:06.303 31345 31422 D beacon_step_buffer: [today:[tp:1 , st:1545235223243 ,counts:18, wifi:10256 , notWifi:0 , up:7952 , dn:2304]]
12-20 04:11:06.303 31345 31422 D beacon  :  TimeUpUploadDatas.done(), result:true
12-20 04:12:15.731 31345 31422 D beacon  :  in AnalyticsDAO.query() start
12-20 04:12:15.731 31345 31422 D beacon  :  query: ( _type = 8 ) 
12-20 04:12:15.734 31345 31422 I beacon  : result num: 0
12-20 04:12:15.734 31345 31422 D beacon  :  in AnalyticsDAO.query() end
12-20 04:12:15.734 31345 31422 D beacon  : en obj 2 bytes 
12-20 04:12:15.735 31345 31422 D beacon  :  insertOrUpdate alyticsBeans start!
12-20 04:12:15.748 31345 31422 D beacon  :  result id:71
12-20 04:12:15.748 31345 31422 D beacon  :  insertOrUpdate alyticsBeans end
12-20 04:12:15.748 31345 31422 D beacon_step_api:  used:1  seen:0  next:60
12-20 04:13:55.569 31345 31420 D beacon  :  in AnalyticsDAO.query() start
12-20 04:13:55.570 31345 31420 D beacon  :  query: ( _type = 8 ) 
12-20 04:13:55.579 31345 31420 I beacon  : result num: 1
12-20 04:13:55.579 31345 31420 D beacon  :  in AnalyticsDAO.paserCursor() start
12-20 04:13:55.580 31345 31420 D beacon  :  in AnalyticsDAO.paserCursor() end
12-20 04:13:55.580 31345 31420 I beacon  :  total num: 1
12-20 04:13:55.580 31345 31420 D beacon  :  in AnalyticsDAO.query() end
12-20 04:13:55.580 31345 31420 D beacon  : de byte 2 obj 
12-20 04:13:55.584 31345 31420 D beacon  : en obj 2 bytes 
12-20 04:13:55.585 31345 31420 D beacon  :  insertOrUpdate alyticsBeans start!
12-20 04:13:55.600 31345 31420 D beacon  :  result id:71
12-20 04:13:55.600 31345 31420 D beacon  :  insertOrUpdate alyticsBeans end
12-20 04:13:55.600 31345 31420 D beacon_step_api:  used:2  seen:0  next:60
12-20 04:15:21.450 31345 31442 D GspDcAgent: >>>>>>>>>>>>>>> dcUserOnline_104() begin >>>>>>>>>>>>>>>
12-20 04:15:21.454 31345 31442 D network : network state 0
12-20 04:15:21.455 31345 31442 D GspDcAgent: >>>>>>>>>>>>>>> dc(104) begin >>>>>>>>>>>>>>>
12-20 04:15:21.460 31345 31442 D GspDcAgent: <<<<<<<<<<<<<<<< dc(104) end <<<<<<<<<<<<<<<<
12-20 04:15:21.460 31345 31442 D GspDcAgent: <<<<<<<<<<<<<<<< dcUserOnline_104() end <<<<<<<<<<<<<<<<
12-20 04:15:21.461 31345 31444 D com.happyelements.gsp.android.dc.DataHelper: respFromPostDeflate start...
12-20 04:15:21.571 31345 31444 D com.happyelements.gsp.android.dc.DataHelper: respFromPostDeflate code:204
12-20 04:15:40.721 31345 31420 D beacon  :  in AnalyticsDAO.query() start
12-20 04:15:40.721 31345 31420 D beacon  :  query: ( _type = 8 ) 
12-20 04:15:40.723 31345 31420 I beacon  : result num: 1
12-20 04:15:40.723 31345 31420 D beacon  :  in AnalyticsDAO.paserCursor() start
12-20 04:15:40.723 31345 31420 D beacon  :  in AnalyticsDAO.paserCursor() end
12-20 04:15:40.723 31345 31420 I beacon  :  total num: 1
12-20 04:15:40.724 31345 31420 D beacon  :  in AnalyticsDAO.query() end
12-20 04:15:40.724 31345 31420 D beacon  : de byte 2 obj 
12-20 04:15:40.725 31345 31420 D beacon  : en obj 2 bytes 
12-20 04:15:40.726 31345 31420 D beacon  :  insertOrUpdate alyticsBeans start!
12-20 04:15:40.739 31345 31420 D beacon  :  result id:71
12-20 04:15:40.739 31345 31420 D beacon  :  insertOrUpdate alyticsBeans end
12-20 04:15:40.740 31345 31420 D beacon_step_api:  used:3  seen:0  next:60
12-20 04:17:30.275 31345 31422 D beacon  :  in AnalyticsDAO.query() start
12-20 04:17:30.276 31345 31422 D beacon  :  query: ( _type = 8 ) 
12-20 04:17:30.278 31345 31422 I beacon  : result num: 1
12-20 04:17:30.279 31345 31422 D beacon  :  in AnalyticsDAO.paserCursor() start
12-20 04:17:30.279 31345 31422 D beacon  :  in AnalyticsDAO.paserCursor() end
12-20 04:17:30.279 31345 31422 I beacon  :  total num: 1
12-20 04:17:30.279 31345 31422 D beacon  :  in AnalyticsDAO.query() end
12-20 04:17:30.279 31345 31422 D beacon  : de byte 2 obj 
12-20 04:17:30.280 31345 31422 D beacon  : en obj 2 bytes 
12-20 04:17:30.281 31345 31422 D beacon  :  insertOrUpdate alyticsBeans start!
12-20 04:17:30.293 31345 31422 D beacon  :  result id:71
12-20 04:17:30.293 31345 31422 D beacon  :  insertOrUpdate alyticsBeans end
12-20 04:17:30.294 31345 31422 D beacon_step_api:  used:4  seen:0  next:60
12-20 04:19:12.394 31386  4168 I XINGE   : [TpnsClient] Connect to Xinge Server succeed!
12-20 04:19:12.400 31386  4168 I MID     : [Thread-49(3134): null:23] - read mid from sharedPreferences， key=__MTA_DEVICE_INFO__1000001
12-20 04:19:12.401 31386  4168 I MID     : [Thread-49(3134): null:6] - read mid from Settings.System
12-20 04:19:12.404 31386  4168 I MID     : [Thread-49(3134): null:7] - read mid from InternalStorage
12-20 04:19:12.406 31386  4168 W MID     : [Thread-49(3134): null:110] - java.io.FileNotFoundException: /storage/emulated/0/Tencent/mta/.mid.txt1000001 (No such file or directory)
12-20 04:19:12.406 31386  4168 D MID     : [Thread-49(3134): null:77] - readNewVersionMidEntity:null
12-20 04:19:12.746 31345 31422 D beacon  :  in AnalyticsDAO.query() start
12-20 04:19:12.747 31345 31422 D beacon  :  query: ( _type = 8 ) 
12-20 04:19:12.750 31345 31422 I beacon  : result num: 1
12-20 04:19:12.750 31345 31422 D beacon  :  in AnalyticsDAO.paserCursor() start
12-20 04:19:12.751 31345 31422 D beacon  :  in AnalyticsDAO.paserCursor() end
12-20 04:19:12.751 31345 31422 I beacon  :  total num: 1
12-20 04:19:12.753 31345 31422 D beacon  :  in AnalyticsDAO.query() end
12-20 04:19:12.754 31345 31422 D beacon  : de byte 2 obj 
12-20 04:19:12.755 31345 31422 D beacon  : en obj 2 bytes 
12-20 04:19:12.756 31345 31422 D beacon  :  insertOrUpdate alyticsBeans start!
12-20 04:19:12.768 31345 31422 D beacon  :  result id:71
12-20 04:19:12.768 31345 31422 D beacon  :  insertOrUpdate alyticsBeans end
12-20 04:19:12.769 31345 31422 D beacon_step_api:  used:5  seen:0  next:60
12-20 04:20:23.534 31345 31442 D GspDcAgent: >>>>>>>>>>>>>>> dcUserOnline_104() begin >>>>>>>>>>>>>>>
12-20 04:20:23.537 31345 31442 D network : network state 0
12-20 04:20:23.538 31345 31442 D GspDcAgent: >>>>>>>>>>>>>>> dc(104) begin >>>>>>>>>>>>>>>
12-20 04:20:23.541 31345 31442 D GspDcAgent: <<<<<<<<<<<<<<<< dc(104) end <<<<<<<<<<<<<<<<
12-20 04:20:23.541 31345 31442 D GspDcAgent: <<<<<<<<<<<<<<<< dcUserOnline_104() end <<<<<<<<<<<<<<<<
12-20 04:20:23.542 31345 31444 D com.happyelements.gsp.android.dc.DataHelper: respFromPostDeflate start...
12-20 04:20:23.674 31345 31444 D com.happyelements.gsp.android.dc.DataHelper: respFromPostDeflate code:204
12-20 04:20:53.604 31345 31421 D beacon  :  in AnalyticsDAO.query() start
